../../../Drivers/STM32N6xx_HAL_Driver/Inc/stm32n6xx_ll_bus.h:1407:22:LL_AHB4_GRP1_EnableClock	8	static
C:/Users/workstation-uni/Documents/GitHub Repos/stm32/stm32_ai/sine_wave/.ai/run/run-2/Appli/Core/Src/main.c:70:5:main	40	static,ignoring_inline_asm
C:/Users/workstation-uni/Documents/GitHub Repos/stm32/stm32_ai/sine_wave/.ai/run/run-2/Appli/Core/Src/main.c:256:6:MX_USART1_UART_Init	8	static,ignoring_inline_asm
C:/Users/workstation-uni/Documents/GitHub Repos/stm32/stm32_ai/sine_wave/.ai/run/run-2/Appli/Core/Src/main.c:421:6:Error_Handler	0	static,ignoring_inline_asm
