../../../Drivers/STM32N6xx_HAL_Driver/Inc/stm32n6xx_ll_bus.h:1755:22:LL_AHB5_GRP1_EnableClock	8	static
C:/Users/workstation-uni/Documents/GitHub Repos/stm32/stm32_ai/sine_wave/.ai/run/run-2/FSBL/Core/Src/stm32n6xx_hal_msp.c:62:6:HAL_MspInit	8	static
C:/Users/workstation-uni/Documents/GitHub Repos/stm32/stm32_ai/sine_wave/.ai/run/run-2/FSBL/Core/Src/stm32n6xx_hal_msp.c:92:6:HAL_XSPI_MspInit	456	static
C:/Users/workstation-uni/Documents/GitHub Repos/stm32/stm32_ai/sine_wave/.ai/run/run-2/FSBL/Core/Src/stm32n6xx_hal_msp.c:214:6:HAL_XSPI_MspDeInit	8	static
