Archive member included to satisfy reference by file (symbol)

../../../Middlewares/ST/AI/Lib/NetworkRuntime1201_CM55_GCC.a\NetworkRuntime1201_CM55_GCC.a(core_convert.o)
                              ./Middlewares/ST/AI/Npu/ll_sw_integer.o (node_convert)
../../../Middlewares/ST/AI/Lib/NetworkRuntime1201_CM55_GCC.a\NetworkRuntime1201_CM55_GCC.a(layers_argminmax_stm32_integer.o)
                              ./Middlewares/ST/AI/Npu/ll_sw_integer.o (forward_argmin_is8)
../../../Middlewares/ST/AI/Lib/NetworkRuntime1201_CM55_GCC.a\NetworkRuntime1201_CM55_GCC.a(layers_conv2d_generic_float.o)
                              ./Middlewares/ST/AI/Npu/ll_sw_float.o (forward_conv2d_if32of32wf32_group)
../../../Middlewares/ST/AI/Lib/NetworkRuntime1201_CM55_GCC.a\NetworkRuntime1201_CM55_GCC.a(layers_conv2d_rgb_sssa8_ch.o)
                              ./Middlewares/ST/AI/Npu/ll_sw_integer.o (forward_conv2d_rgb_sssa8_ch)
../../../Middlewares/ST/AI/Lib/NetworkRuntime1201_CM55_GCC.a\NetworkRuntime1201_CM55_GCC.a(layers_conv2d_sssa8_ch.o)
                              ./Middlewares/ST/AI/Npu/ll_sw_integer.o (forward_conv2d_dilated_sssa8_ch)
../../../Middlewares/ST/AI/Lib/NetworkRuntime1201_CM55_GCC.a\NetworkRuntime1201_CM55_GCC.a(layers_conv2d_stm32_integer.o)
                              ./Middlewares/ST/AI/Npu/ll_sw_integer.o (forward_conv2d_integer)
../../../Middlewares/ST/AI/Lib/NetworkRuntime1201_CM55_GCC.a\NetworkRuntime1201_CM55_GCC.a(layers_dw_sssa8_ch.o)
                              ./Middlewares/ST/AI/Npu/ll_sw_integer.o (forward_dw_dm_sssa8_ch)
../../../Middlewares/ST/AI/Lib/NetworkRuntime1201_CM55_GCC.a\NetworkRuntime1201_CM55_GCC.a(layers_generic_float.o)
                              ./Middlewares/ST/AI/Npu/ll_sw_float.o (forward_gather)
../../../Middlewares/ST/AI/Lib/NetworkRuntime1201_CM55_GCC.a\NetworkRuntime1201_CM55_GCC.a(layers_nl_generic_float.o)
                              ./Middlewares/ST/AI/Npu/ll_sw_float.o (forward_acos)
../../../Middlewares/ST/AI/Lib/NetworkRuntime1201_CM55_GCC.a\NetworkRuntime1201_CM55_GCC.a(layers_nl_stm32_integer.o)
                              ./Middlewares/ST/AI/Npu/ll_sw_integer.o (forward_relu_integer)
../../../Middlewares/ST/AI/Lib/NetworkRuntime1201_CM55_GCC.a\NetworkRuntime1201_CM55_GCC.a(layers_norm_generic_float.o)
                              ./Middlewares/ST/AI/Npu/ll_sw_float.o (forward_lrn)
../../../Middlewares/ST/AI/Lib/NetworkRuntime1201_CM55_GCC.a\NetworkRuntime1201_CM55_GCC.a(layers_pad_generic.o)
                              ../../../Middlewares/ST/AI/Lib/NetworkRuntime1201_CM55_GCC.a\NetworkRuntime1201_CM55_GCC.a(layers_generic_float.o) (forward_pad_8bit_ch1st_3x3_constant)
../../../Middlewares/ST/AI/Lib/NetworkRuntime1201_CM55_GCC.a\NetworkRuntime1201_CM55_GCC.a(layers_pool_generic_float.o)
                              ./Middlewares/ST/AI/Npu/ll_sw_float.o (forward_mp)
../../../Middlewares/ST/AI/Lib/NetworkRuntime1201_CM55_GCC.a\NetworkRuntime1201_CM55_GCC.a(layers_pool_stm32_integer.o)
                              ./Middlewares/ST/AI/Npu/ll_sw_integer.o (forward_mp_integer)
../../../Middlewares/ST/AI/Lib/NetworkRuntime1201_CM55_GCC.a\NetworkRuntime1201_CM55_GCC.a(layers_pw_sssa8_ch.o)
                              ./Middlewares/ST/AI/Npu/ll_sw_integer.o (forward_pw_sssa8_ch)
../../../Middlewares/ST/AI/Lib/NetworkRuntime1201_CM55_GCC.a\NetworkRuntime1201_CM55_GCC.a(layers_resize.o)
                              ../../../Middlewares/ST/AI/Lib/NetworkRuntime1201_CM55_GCC.a\NetworkRuntime1201_CM55_GCC.a(layers_generic_float.o) (forward_resize_nearest_if32of32)
../../../Middlewares/ST/AI/Lib/NetworkRuntime1201_CM55_GCC.a\NetworkRuntime1201_CM55_GCC.a(layers_stm32_integer.o)
                              ./Middlewares/ST/AI/Npu/ll_sw_integer.o (forward_eltwise_integer)
../../../Middlewares/ST/AI/Lib/NetworkRuntime1201_CM55_GCC.a\NetworkRuntime1201_CM55_GCC.a(layers_upsample_generic.o)
                              ./Middlewares/ST/AI/Npu/ll_sw_float.o (forward_upsample_zeros)
../../../Middlewares/ST/AI/Lib/NetworkRuntime1201_CM55_GCC.a\NetworkRuntime1201_CM55_GCC.a(forward_lite_argminmax.o)
                              ../../../Middlewares/ST/AI/Lib/NetworkRuntime1201_CM55_GCC.a\NetworkRuntime1201_CM55_GCC.a(layers_generic_float.o) (forward_lite_argmax_if32)
../../../Middlewares/ST/AI/Lib/NetworkRuntime1201_CM55_GCC.a\NetworkRuntime1201_CM55_GCC.a(forward_lite_conv2d_if32of32wf32.o)
                              ../../../Middlewares/ST/AI/Lib/NetworkRuntime1201_CM55_GCC.a\NetworkRuntime1201_CM55_GCC.a(layers_conv2d_generic_float.o) (forward_lite_conv2d_if32of32wf32)
../../../Middlewares/ST/AI/Lib/NetworkRuntime1201_CM55_GCC.a\NetworkRuntime1201_CM55_GCC.a(forward_lite_convert.o)
                              ../../../Middlewares/ST/AI/Lib/NetworkRuntime1201_CM55_GCC.a\NetworkRuntime1201_CM55_GCC.a(core_convert.o) (forward_lite_node_convert_is1os8)
[...]
Memory Configuration

Name             Origin             Length             Attributes
RAM              0x34000000         0x00100000         xrw
AXISRAM3_4_5_6   0x34270000         0x00000000         xrw
ROM              0x70100400         0x006ffc00         xrw
EXTFLASH         0x70180000         0x07e80000         xr
AXISRAM2         0x00000000         0xffffffff
AXISRAM3         0x00000000         0xffffffff
AXISRAM4         0x00000000         0xffffffff
AXISRAM5         0x00000000         0xffffffff
AXISRAM6         0x00000000         0xffffffff
*default*        0x00000000         0xffffffff

Linker script and memory map

LOAD C:/ST/STM32CubeIDE_2.1.1/STM32CubeIDE/plugins/com.st.stm32cube.ide.mcu.externaltools.gnu-tools-for-stm32.14.3.rel1.win32_1.0.100.202602081740/tools/bin/../lib/gcc/arm-none-eabi/14.3.1/thumb/v8-m.main+dp/hard/crti.o
LOAD C:/ST/STM32CubeIDE_2.1.1/STM32CubeIDE/plugins/com.st.stm32cube.ide.mcu.externaltools.gnu-tools-for-stm32.14.3.rel1.win32_1.0.100.202602081740/tools/bin/../lib/gcc/arm-none-eabi/14.3.1/thumb/v8-m.main+dp/hard/crtbegin.o
LOAD C:/ST/STM32CubeIDE_2.1.1/STM32CubeIDE/plugins/com.st.stm32cube.ide.mcu.externaltools.gnu-tools-for-stm32.14.3.rel1.win32_1.0.100.202602081740/tools/bin/../lib/gcc/arm-none-eabi/14.3.1/../../../../arm-none-eabi/lib/thumb/v8-m.main+dp/hard/crt0.o
LOAD ./Appli/AI/App/app_x-cube-ai.o
LOAD ./Appli/AI/App/network.o
LOAD ./Appli/AI/App/network_atonbuf.xSPI2.o
LOAD ./Appli/AI/App/network_weights.o
LOAD ./Appli/AI/App/npu_cache.o
LOAD ./Appli/AI/App/npu_init.o
LOAD ./Appli/AI/App/stai_network.o
LOAD ./Appli/AI/App/user_init.o
LOAD ./Application/User/Core/main.o
LOAD ./Application/User/Core/secure_nsc.o
LOAD ./Application/User/Core/stm32n6xx_hal_msp.o
LOAD ./Application/User/Core/stm32n6xx_it.o
LOAD ./Application/User/Core/syscalls.o
LOAD ./Application/User/Core/sysmem.o
LOAD ./Application/User/Startup/startup_stm32n657x0hxq.o
LOAD ./Drivers/CMSIS/system_stm32n6xx_s.o
LOAD ./Drivers/STM32N6xx_HAL_Driver/stm32n6xx_hal.o
LOAD ./Drivers/STM32N6xx_HAL_Driver/stm32n6xx_hal_cacheaxi.o
LOAD ./Drivers/STM32N6xx_HAL_Driver/stm32n6xx_hal_cortex.o
LOAD ./Drivers/STM32N6xx_HAL_Driver/stm32n6xx_hal_dma.o
LOAD ./Drivers/STM32N6xx_HAL_Driver/stm32n6xx_hal_dma_ex.o
LOAD ./Drivers/STM32N6xx_HAL_Driver/stm32n6xx_hal_exti.o
LOAD ./Drivers/STM32N6xx_HAL_Driver/stm32n6xx_hal_gpio.o
LOAD ./Drivers/STM32N6xx_HAL_Driver/stm32n6xx_hal_pwr.o
LOAD ./Drivers/STM32N6xx_HAL_Driver/stm32n6xx_hal_pwr_ex.o
LOAD ./Drivers/STM32N6xx_HAL_Driver/stm32n6xx_hal_rcc.o
LOAD ./Drivers/STM32N6xx_HAL_Driver/stm32n6xx_hal_rcc_ex.o
LOAD ./Drivers/STM32N6xx_HAL_Driver/stm32n6xx_hal_rif.o
LOAD ./Drivers/STM32N6xx_HAL_Driver/stm32n6xx_hal_uart.o
LOAD ./Drivers/STM32N6xx_HAL_Driver/stm32n6xx_hal_uart_ex.o
LOAD ./Middlewares/ST/AI/Misc/Src/aiTestHelper_ST_AI.o
LOAD ./Middlewares/ST/AI/Misc/Src/aiTestUtility.o
LOAD ./Middlewares/ST/AI/Misc/Src/ai_device_adaptor.o
LOAD ./Middlewares/ST/AI/Misc/Src/lc_print.o
LOAD ./Middlewares/ST/AI/Misc/Src/syscalls.o
LOAD ./Middlewares/ST/AI/Npu/ecloader.o
LOAD ./Middlewares/ST/AI/Npu/ll_aton.o
LOAD ./Middlewares/ST/AI/Npu/ll_aton_cipher.o
LOAD ./Middlewares/ST/AI/Npu/ll_aton_dbgtrc.o
LOAD ./Middlewares/ST/AI/Npu/ll_aton_debug.o
LOAD ./Middlewares/ST/AI/Npu/ll_aton_lib.o
LOAD ./Middlewares/ST/AI/Npu/ll_aton_lib_sw_operators.o
LOAD ./Middlewares/ST/AI/Npu/ll_aton_osal_freertos.o
LOAD ./Middlewares/ST/AI/Npu/ll_aton_osal_threadx.o
LOAD ./Middlewares/ST/AI/Npu/ll_aton_osal_zephyr.o
LOAD ./Middlewares/ST/AI/Npu/ll_aton_profiler.o
LOAD ./Middlewares/ST/AI/Npu/ll_aton_reloc_callbacks.o
LOAD ./Middlewares/ST/AI/Npu/ll_aton_reloc_network.o
LOAD ./Middlewares/ST/AI/Npu/ll_aton_rt_main.o
LOAD ./Middlewares/ST/AI/Npu/ll_aton_runtime.o
LOAD ./Middlewares/ST/AI/Npu/ll_aton_stai_internal.o
LOAD ./Middlewares/ST/AI/Npu/ll_aton_util.o
LOAD ./Middlewares/ST/AI/Npu/ll_sw_float.o
LOAD ./Middlewares/ST/AI/Npu/ll_sw_integer.o
LOAD ./Middlewares/ST/AI/Npu/mcu_cache.o
LOAD ./Middlewares/ST/AI/Validation/Src/aiPbIO.o
LOAD ./Middlewares/ST/AI/Validation/Src/aiPbMemRWServices.o
LOAD ./Middlewares/ST/AI/Validation/Src/aiPbMgr.o
LOAD ./Middlewares/ST/AI/Validation/Src/aiValidation_ATON_ST_AI.o
LOAD ./Middlewares/ST/AI/Validation/Src/ai_io_buffers_ATON.o
LOAD ./Middlewares/ST/AI/Validation/Src/ai_wrapper_ATON_ST_AI.o
LOAD ./Middlewares/ST/AI/Validation/Src/pb_common.o
LOAD ./Middlewares/ST/AI/Validation/Src/pb_decode.o
LOAD ./Middlewares/ST/AI/Validation/Src/pb_encode.o
LOAD ./Middlewares/ST/AI/Validation/Src/stm32msg.pb.o
LOAD ../../../Middlewares/ST/AI/Lib/NetworkRuntime1201_CM55_GCC.a\NetworkRuntime1201_CM55_GCC.a
START GROUP
LOAD C:/ST/STM32CubeIDE_2.1.1/STM32CubeIDE/plugins/com.st.stm32cube.ide.mcu.externaltools.gnu-tools-for-stm32.14.3.rel1.win32_1.0.100.202602081740/tools/bin/../lib/gcc/arm-none-eabi/14.3.1/../../../../arm-none-eabi/lib/thumb/v8-m.main+dp/hard\libc_nano.a
LOAD C:/ST/STM32CubeIDE_2.1.1/STM32CubeIDE/plugins/com.st.stm32cube.ide.mcu.externaltools.gnu-tools-for-stm32.14.3.rel1.win32_1.0.100.202602081740/tools/bin/../lib/gcc/arm-none-eabi/14.3.1/../../../../arm-none-eabi/lib/thumb/v8-m.main+dp/hard\libm.a
END GROUP
START GROUP
LOAD C:/ST/STM32CubeIDE_2.1.1/STM32CubeIDE/plugins/com.st.stm32cube.ide.mcu.externaltools.gnu-tools-for-stm32.14.3.rel1.win32_1.0.100.202602081740/tools/bin/../lib/gcc/arm-none-eabi/14.3.1/thumb/v8-m.main+dp/hard\libgcc.a
LOAD C:/ST/STM32CubeIDE_2.1.1/STM32CubeIDE/plugins/com.st.stm32cube.ide.mcu.externaltools.gnu-tools-for-stm32.14.3.rel1.win32_1.0.100.202602081740/tools/bin/../lib/gcc/arm-none-eabi/14.3.1/../../../../arm-none-eabi/lib/thumb/v8-m.main+dp/hard\libc_nano.a
END GROUP
START GROUP
LOAD C:/ST/STM32CubeIDE_2.1.1/STM32CubeIDE/plugins/com.st.stm32cube.ide.mcu.externaltools.gnu-tools-for-stm32.14.3.rel1.win32_1.0.100.202602081740/tools/bin/../lib/gcc/arm-none-eabi/14.3.1/thumb/v8-m.main+dp/hard\libgcc.a
LOAD C:/ST/STM32CubeIDE_2.1.1/STM32CubeIDE/plugins/com.st.stm32cube.ide.mcu.externaltools.gnu-tools-for-stm32.14.3.rel1.win32_1.0.100.202602081740/tools/bin/../lib/gcc/arm-none-eabi/14.3.1/../../../../arm-none-eabi/lib/thumb/v8-m.main+dp/hard\libc_nano.a
LOAD C:/ST/STM32CubeIDE_2.1.1/STM32CubeIDE/plugins/com.st.stm32cube.ide.mcu.externaltools.gnu-tools-for-stm32.14.3.rel1.win32_1.0.100.202602081740/tools/bin/../lib/gcc/arm-none-eabi/14.3.1/../../../../arm-none-eabi/lib/thumb/v8-m.main+dp/hard\libnosys.a
END GROUP
START GROUP
LOAD C:/ST/STM32CubeIDE_2.1.1/STM32CubeIDE/plugins/com.st.stm32cube.ide.mcu.externaltools.gnu-tools-for-stm32.14.3.rel1.win32_1.0.100.202602081740/tools/bin/../lib/gcc/arm-none-eabi/14.3.1/thumb/v8-m.main+dp/hard\libgcc.a
LOAD C:/ST/STM32CubeIDE_2.1.1/STM32CubeIDE/plugins/com.st.stm32cube.ide.mcu.externaltools.gnu-tools-for-stm32.14.3.rel1.win32_1.0.100.202602081740/tools/bin/../lib/gcc/arm-none-eabi/14.3.1/../../../../arm-none-eabi/lib/thumb/v8-m.main+dp/hard\libc_nano.a
LOAD C:/ST/STM32CubeIDE_2.1.1/STM32CubeIDE/plugins/com.st.stm32cube.ide.mcu.externaltools.gnu-tools-for-stm32.14.3.rel1.win32_1.0.100.202602081740/tools/bin/../lib/gcc/arm-none-eabi/14.3.1/../../../../arm-none-eabi/lib/thumb/v8-m.main+dp/hard\libnosys.a
END GROUP
LOAD C:/ST/STM32CubeIDE_2.1.1/STM32CubeIDE/plugins/com.st.stm32cube.ide.mcu.externaltools.gnu-tools-for-stm32.14.3.rel1.win32_1.0.100.202602081740/tools/bin/../lib/gcc/arm-none-eabi/14.3.1/thumb/v8-m.main+dp/hard/crtend.o
LOAD C:/ST/STM32CubeIDE_2.1.1/STM32CubeIDE/plugins/com.st.stm32cube.ide.mcu.externaltools.gnu-tools-for-stm32.14.3.rel1.win32_1.0.100.202602081740/tools/bin/../lib/gcc/arm-none-eabi/14.3.1/thumb/v8-m.main+dp/hard/crtn.o
                0x00000800                        _Min_Heap_Size = 0x800
                0x00002000                        _Min_Stack_Size = 0x2000
                0x34100000                        _estack = (ORIGIN (RAM) + LENGTH (RAM))
                0x340fe000                        _sstack = (_estack - _Min_Stack_Size)

.AI_AXIFLEXMEM  0x34000000        0x0
                0x34000000                        . = ALIGN (0x4)
 *(.AI_AXIFLEXMEM)
                0x34000000                        . = ALIGN (0x4)

.AI_AXISRAM1    0x34000000        0x0
                0x34000000                        . = ALIGN (0x4)
 *(.AI_AXISRAM1)
                0x34000000                        . = ALIGN (0x4)

.AI_AXISRAM2    0x00000000        0x0
                0x00000000                        . = ALIGN (0x4)
 *(.AI_AXISRAM2)
                0x00000000                        . = ALIGN (0x4)

.AI_AXISRAM3    0x00000000        0x0
                0x00000000                        . = ALIGN (0x4)
 *(.AI_AXISRAM3)
                0x00000000                        . = ALIGN (0x4)

.AI_AXISRAM4    0x00000000        0x0
                0x00000000                        . = ALIGN (0x4)
 *(.AI_AXISRAM4)
                0x00000000                        . = ALIGN (0x4)

.AI_AXISRAM5    0x00000000        0x0
                0x00000000                        . = ALIGN (0x4)
 *(.AI_AXISRAM5)
                0x00000000                        . = ALIGN (0x4)

.AI_AXISRAM6    0x00000000        0x0
                0x00000000                        . = ALIGN (0x4)
 *(.AI_AXISRAM6)
                0x00000000                        . = ALIGN (0x4)

.AI_XSPI2       0x70180000        0x0
                0x70180000                        . = ALIGN (0x4)
 *(.AI_XSPI2)
                0x70180000                        . = ALIGN (0x4)

.AI_EXTFLASH    0x70180000        0x0
                0x70180000                        . = ALIGN (0x4)
 *(.AI_EXTFLASH)
                0x70180000                        . = ALIGN (0x4)

.isr_vector     0x70100400      0x34c
                0x70100400                        . = ALIGN (0x4)
 *(.isr_vector)
 .isr_vector    0x70100400      0x34c ./Application/User/Startup/startup_stm32n657x0hxq.o
                0x70100400                g_pfnVectors
                0x7010074c                        . = ALIGN (0x4)

.text           0x70100750    0x12e3c
                0x70100750                        . = ALIGN (0x4)
 *(.text)
 .text          0x70100750       0x40 C:/ST/STM32CubeIDE_2.1.1/STM32CubeIDE/plugins/com.st.stm32cube.ide.mcu.externaltools.gnu-tools-for-stm32.14.3.rel1.win32_1.0.100.202602081740/tools/bin/../lib/gcc/arm-none-eabi/14.3.1/thumb/v8-m.main+dp/hard/crtbegin.o
 .text          0x70100790       0x10 C:/ST/STM32CubeIDE_2.1.1/STM32CubeIDE/plugins/com.st.stm32cube.ide.mcu.externaltools.gnu-tools-for-stm32.14.3.rel1.win32_1.0.100.202602081740/tools/bin/../lib/gcc/arm-none-eabi/14.3.1/../../../../arm-none-eabi/lib/thumb/v8-m.main+dp/hard\libc_nano.a(libc_a-strlen.o)
                0x70100790                strlen
 .text          0x701007a0      0x378 C:/ST/STM32CubeIDE_2.1.1/STM32CubeIDE/plugins/com.st.stm32cube.ide.mcu.externaltools.gnu-tools-for-stm32.14.3.rel1.win32_1.0.100.202602081740/tools/bin/../lib/gcc/arm-none-eabi/14.3.1/thumb/v8-m.main+dp/hard\libgcc.a(_arm_addsubdf3.o)
                0x701007a0                __aeabi_drsub
                0x701007a8                __aeabi_dsub
                0x701007a8                __subdf3
                0x701007ac                __aeabi_dadd
                0x701007ac                __adddf3
                0x70100a24                __floatunsidf
                0x70100a24                __aeabi_ui2d
                0x70100a44                __floatsidf
                0x70100a44                __aeabi_i2d
                0x70100a68                __aeabi_f2d
                0x70100a68                __extendsfdf2
                0x70100aac                __floatundidf
                0x70100aac                __aeabi_ul2d
                0x70100abc                __floatdidf
                0x70100abc                __aeabi_l2d
 .text          0x70100b18      0x21c C:/ST/STM32CubeIDE_2.1.1/STM32CubeIDE/plugins/com.st.stm32cube.ide.mcu.externaltools.gnu-tools-for-stm32.14.3.rel1.win32_1.0.100.202602081740/tools/bin/../lib/gcc/arm-none-eabi/14.3.1/thumb/v8-m.main+dp/hard\libgcc.a(_arm_addsubsf3.o)
                0x70100b18                __aeabi_frsub
                0x70100b20                __subsf3
                0x70100b20                __aeabi_fsub
                0x70100b24                __aeabi_fadd
                0x70100b24                __addsf3
                0x70100c84                __aeabi_ui2f
                0x70100c84                __floatunsisf
                0x70100c8c                __aeabi_i2f
                0x70100c8c                __floatsisf
                0x70100ca8                __aeabi_ul2f
                0x70100ca8                __floatundisf
                0x70100cb8                __aeabi_l2f
                0x70100cb8                __floatdisf
 .text          0x70100d34       0x30 C:/ST/STM32CubeIDE_2.1.1/STM32CubeIDE/plugins/com.st.stm32cube.ide.mcu.externaltools.gnu-tools-for-stm32.14.3.rel1.win32_1.0.100.202602081740/tools/bin/../lib/gcc/arm-none-eabi/14.3.1/thumb/v8-m.main+dp/hard\libgcc.a(_aeabi_uldivmod.o)
                0x70100d34                __aeabi_uldivmod
 *fill*         0x70100d64        0x4 
 .text          0x70100d68       0x40 C:/ST/STM32CubeIDE_2.1.1/STM32CubeIDE/plugins/com.st.stm32cube.ide.mcu.externaltools.gnu-tools-for-stm32.14.3.rel1.win32_1.0.100.202602081740/tools/bin/../lib/gcc/arm-none-eabi/14.3.1/thumb/v8-m.main+dp/hard\libgcc.a(_fixunsdfdi.o)
                0x70100d68                __fixunsdfdi
                0x70100d68                __aeabi_d2ulz
 .text          0x70100da8      0x34c C:/ST/STM32CubeIDE_2.1.1/STM32CubeIDE/plugins/com.st.stm32cube.ide.mcu.externaltools.gnu-tools-for-stm32.14.3.rel1.win32_1.0.100.202602081740/tools/bin/../lib/gcc/arm-none-eabi/14.3.1/thumb/v8-m.main+dp/hard\libgcc.a(_udivmoddi4.o)
                0x70100da8                __udivmoddi4
 .text          0x701010f4        0x4 C:/ST/STM32CubeIDE_2.1.1/STM32CubeIDE/plugins/com.st.stm32cube.ide.mcu.externaltools.gnu-tools-for-stm32.14.3.rel1.win32_1.0.100.202602081740/tools/bin/../lib/gcc/arm-none-eabi/14.3.1/thumb/v8-m.main+dp/hard\libgcc.a(_dvmd_tls.o)
                0x701010f4                __aeabi_idiv0
                0x701010f4                __aeabi_ldiv0
 *(.text*)
 .text.STM32CubeAI_Studio_AI_Init
                0x701010f8       0x12 ./Appli/AI/App/app_x-cube-ai.o
                0x701010f8                STM32CubeAI_Studio_AI_Init
 .text.STM32CubeAI_Studio_AI_Process
                0x7010110a        0x4 ./Appli/AI/App/app_x-cube-ai.o
                0x7010110a                STM32CubeAI_Studio_AI_Process
 *fill*         0x7010110e        0x2 
 .text.LL_ATON_End_EpochBlock_14
                0x70101110       0x8c ./Appli/AI/App/network.o
 .text.LL_ATON_End_EpochBlock_9
                0x7010119c       0x80 ./Appli/AI/App/network.o
 .text.LL_ATON_End_EpochBlock_4
                0x7010121c       0x9c ./Appli/AI/App/network.o
 .text.LL_ATON_End_EpochBlock_12
                0x701012b8       0x94 ./Appli/AI/App/network.o
 .text.LL_ATON_End_EpochBlock_7
                0x7010134c       0x8c ./Appli/AI/App/network.o
 .text.LL_ATON_End_EpochBlock_2
                0x701013d8       0xa4 ./Appli/AI/App/network.o
 .text.LL_ATON_End_EpochBlock_10
                0x7010147c       0x64 ./Appli/AI/App/network.o
 .text.LL_ATON_End_EpochBlock_5
                0x701014e0       0x80 ./Appli/AI/App/network.o
 .text.LL_ATON_WeightEncryption_Info_network
                0x70101560        0x8 ./Appli/AI/App/network.o
                0x70101560                LL_ATON_WeightEncryption_Info_network
 .text.LL_ATON_BlobEncryption_Info_network
                0x70101568        0x8 ./Appli/AI/App/network.o
                0x70101568                LL_ATON_BlobEncryption_Info_network
 .text.LL_ATON_Set_User_Input_Buffer_network
                0x70101570        0x4 ./Appli/AI/App/network.o
                0x70101570                LL_ATON_Set_User_Input_Buffer_network
 .text.LL_ATON_Get_User_Input_Buffer_network
                0x70101574        0x4 ./Appli/AI/App/network.o
                0x70101574                LL_ATON_Get_User_Input_Buffer_network
 .text.LL_ATON_Set_User_Output_Buffer_network
                0x70101578        0x4 ./Appli/AI/App/network.o
                0x70101578                LL_ATON_Set_User_Output_Buffer_network
 .text.LL_ATON_Get_User_Output_Buffer_network
                0x7010157c        0x4 ./Appli/AI/App/network.o
                0x7010157c                LL_ATON_Get_User_Output_Buffer_network
 .text.LL_ATON_EC_Network_Init_network
                0x70101580        0x4 ./Appli/AI/App/network.o
                0x70101580                LL_ATON_EC_Network_Init_network
 .text.LL_ATON_EC_Inference_Init_network
                0x70101584        0x4 ./Appli/AI/App/network.o
                0x70101584                LL_ATON_EC_Inference_Init_network
 .text.LL_ATON_EpochBlockItems_network
                0x70101588        0x8 ./Appli/AI/App/network.o
                0x70101588                LL_ATON_EpochBlockItems_network
 .text.LL_ATON_Input_Buffers_Info_network
                0x70101590        0x8 ./Appli/AI/App/network.o
                0x70101590                LL_ATON_Input_Buffers_Info_network
 .text.LL_ATON_Output_Buffers_Info_network
                0x70101598        0x8 ./Appli/AI/App/network.o
                0x70101598                LL_ATON_Output_Buffers_Info_network
 .text.LL_ATON_Internal_Buffers_Info_network
                0x701015a0        0x4 ./Appli/AI/App/network.o
                0x701015a0                LL_ATON_Internal_Buffers_Info_network
 .text.npu_cache_enable
                0x701015a4       0x28 ./Appli/AI/App/npu_cache.o
                0x701015a4                npu_cache_enable
 .text.LL_MEM_EnableClockLowPower
                0x701015cc       0x18 ./Appli/AI/App/npu_init.o
 .text.LL_AHB5_GRP1_EnableClockLowPower
                0x701015e4       0x18 ./Appli/AI/App/npu_init.o
 .text.Set_RISAF_Default
                0x701015fc      0x19c ./Appli/AI/App/npu_init.o
 .text.Set_CLK_Sleep_Mode
                0x70101798       0xb8 ./Appli/AI/App/npu_init.o
                0x70101798                Set_CLK_Sleep_Mode
 .text.NPU_Config
                0x70101850       0x60 ./Appli/AI/App/npu_init.o
                0x70101850                NPU_Config
 .text.RISAF_Config
                0x701018b0       0x60 ./Appli/AI/App/npu_init.o
                0x701018b0                RISAF_Config
 .text.SystemInit_POST
                0x70101910       0x98 ./Appli/AI/App/npu_init.o
                0x70101910                SystemInit_POST
 .text.aiPreInitialize
                0x701019a8       0x12 ./Appli/AI/App/npu_init.o
                0x701019a8                aiPreInitialize
 .text.__ll_aton_stai_check_context_network_handle.constprop.0
                0x701019ba       0x20 ./Appli/AI/App/stai_network.o
 *fill*         0x701019da        0x2 
 .text.stai_network_init
                0x701019dc       0x30 ./Appli/AI/App/stai_network.o
                0x701019dc                stai_network_init
 .text.stai_network_deinit
                0x70101a0c       0x74 ./Appli/AI/App/stai_network.o
                0x70101a0c                stai_network_deinit
 .text.stai_network_run
                0x70101a80       0x48 ./Appli/AI/App/stai_network.o
                0x70101a80                stai_network_run
 .text.stai_network_set_callback
                0x70101ac8       0x3c ./Appli/AI/App/stai_network.o
                0x70101ac8                stai_network_set_callback
 .text.stai_ext_network_run_continue
                0x70101b04       0x68 ./Appli/AI/App/stai_network.o
                0x70101b04                stai_ext_network_run_continue
 .text.stai_ext_network_new_inference
                0x70101b6c        0x4 ./Appli/AI/App/stai_network.o
                0x70101b6c                stai_ext_network_new_inference
 .text.LL_AHB4_GRP1_EnableClock
                0x70101b70       0x18 ./Application/User/Core/main.o
 .text.startup.main
                0x70101b88      0x5f0 ./Application/User/Core/main.o
                0x70101b88                main
 .text.MX_USART1_UART_Init
                0x70102178       0x64 ./Application/User/Core/main.o
                0x70102178                MX_USART1_UART_Init
 .text.Error_Handler
                0x701021dc        0x4 ./Application/User/Core/main.o
                0x701021dc                Error_Handler
 .text.SECURE_RegisterCallback
                0x701021e0       0x30 ./Application/User/Core/secure_nsc.o
                0x701021e0                __acle_se_SECURE_RegisterCallback
 .text.HAL_MspInit
                0x70102210       0x16 ./Application/User/Core/stm32n6xx_hal_msp.o
                0x70102210                HAL_MspInit
 *fill*         0x70102226        0x2 
 .text.HAL_CACHEAXI_MspInit
                0x70102228       0x28 ./Application/User/Core/stm32n6xx_hal_msp.o
                0x70102228                HAL_CACHEAXI_MspInit
 .text.HAL_UART_MspInit
                0x70102250       0xa0 ./Application/User/Core/stm32n6xx_hal_msp.o
                0x70102250                HAL_UART_MspInit
 .text.NMI_Handler
                0x701022f0        0x2 ./Application/User/Core/stm32n6xx_it.o
                0x701022f0                NMI_Handler
 .text.HardFault_Handler
                0x701022f2        0x2 ./Application/User/Core/stm32n6xx_it.o
                0x701022f2                HardFault_Handler
 .text.MemManage_Handler
                0x701022f4        0x2 ./Application/User/Core/stm32n6xx_it.o
                0x701022f4                MemManage_Handler
 .text.BusFault_Handler
                0x701022f6        0x2 ./Application/User/Core/stm32n6xx_it.o
                0x701022f6                BusFault_Handler
 .text.UsageFault_Handler
                0x701022f8        0x2 ./Application/User/Core/stm32n6xx_it.o
                0x701022f8                UsageFault_Handler
 .text.SecureFault_Handler
                0x701022fa        0x2 ./Application/User/Core/stm32n6xx_it.o
                0x701022fa                SecureFault_Handler
 .text.SVC_Handler
                0x701022fc        0x2 ./Application/User/Core/stm32n6xx_it.o
                0x701022fc                SVC_Handler
 .text.DebugMon_Handler
                0x701022fe        0x2 ./Application/User/Core/stm32n6xx_it.o
                0x701022fe                DebugMon_Handler
 .text.PendSV_Handler
                0x70102300        0x2 ./Application/User/Core/stm32n6xx_it.o
                0x70102300                PendSV_Handler
 .text.SysTick_Handler
                0x70102302        0x4 ./Application/User/Core/stm32n6xx_it.o
                0x70102302                SysTick_Handler
 .text._getpid  0x70102306        0x4 ./Application/User/Core/syscalls.o
                0x70102306                _getpid
 .text._kill    0x7010230a       0x10 ./Application/User/Core/syscalls.o
                0x7010230a                _kill
 .text._exit    0x7010231a        0xc ./Application/User/Core/syscalls.o
                0x7010231a                _exit
 .text._read    0x70102326       0x1c ./Application/User/Core/syscalls.o
                0x70102326                _read
 .text._close   0x70102342        0x6 ./Application/User/Core/syscalls.o
                0x70102342                _close
 .text._fstat   0x70102348        0xa ./Application/User/Core/syscalls.o
                0x70102348                _fstat
 .text._isatty  0x70102352        0x4 ./Application/User/Core/syscalls.o
                0x70102352                _isatty
 .text._lseek   0x70102356        0x4 ./Application/User/Core/syscalls.o
                0x70102356                _lseek
 *fill*         0x7010235a        0x2 
 .text._sbrk    0x7010235c       0x3c ./Application/User/Core/sysmem.o
                0x7010235c                _sbrk
 .text.Reset_Handler
                0x70102398       0x5c ./Application/User/Startup/startup_stm32n657x0hxq.o
                0x70102398                Reset_Handler
 .text.Default_Handler
                0x701023f4        0x2 ./Application/User/Startup/startup_stm32n657x0hxq.o
                0x701023f4                HPDMA1_Channel13_IRQHandler
                0x701023f4                EXTI2_IRQHandler
                0x701023f4                MCE2_IRQHandler
                0x701023f4                TIM8_CC_IRQHandler
                0x701023f4                USB2_OTG_HS_IRQHandler
                0x701023f4                SAI1_A_IRQHandler
                0x701023f4                EXTI5_IRQHandler
                0x701023f4                I3C1_ER_IRQHandler
                0x701023f4                UART8_IRQHandler
                0x701023f4                CTI_INT0_IRQHandler
                0x701023f4                SPI4_IRQHandler
                0x701023f4                LTDC_LO_IRQHandler
                0x701023f4                NPU2_IRQHandler
                0x701023f4                FDCAN3_IT0_IRQHandler
                0x701023f4                EXTI13_IRQHandler
                0x701023f4                TIM1_CC_IRQHandler
                0x701023f4                XSPI1_IRQHandler
                0x701023f4                TIM10_IRQHandler
                0x701023f4                JPEG_IRQHandler
                0x701023f4                TAMP_IRQHandler
                0x701023f4                CACHE_ECC_IRQHandler
                0x701023f4                TIM6_IRQHandler
                0x701023f4                CSI_IRQHandler
                0x701023f4                EXTI12_IRQHandler
                0x701023f4                GFXTIM_IRQHandler
                0x701023f4                EXTI3_IRQHandler
                0x701023f4                LPTIM4_IRQHandler
                0x701023f4                GPDMA1_Channel5_IRQHandler
                0x701023f4                EXTI8_IRQHandler
                0x701023f4                LPTIM2_IRQHandler
                0x701023f4                GFXMMU_IRQHandler
                0x701023f4                LTDC_LO_ERR_IRQHandler
                0x701023f4                I2C3_ER_IRQHandler
                0x701023f4                RIFSC_TAMPER_IRQHandler
                0x701023f4                USART10_IRQHandler
                0x701023f4                MDF1_FLT2_IRQHandler
                0x701023f4                LPTIM3_IRQHandler
                0x701023f4                SAI2_A_IRQHandler
                0x701023f4                EXTI0_IRQHandler
                0x701023f4                HPDMA1_Channel9_IRQHandler
                0x701023f4                I2C2_EV_IRQHandler
                0x701023f4                GPU2D_IRQHandler
                0x701023f4                FPU_IRQHandler
                0x701023f4                GPDMA1_Channel3_IRQHandler
                0x701023f4                GPDMA1_Channel7_IRQHandler
                0x701023f4                MDF1_FLT4_IRQHandler
                0x701023f4                FDCAN1_IT1_IRQHandler
                0x701023f4                HPDMA1_Channel3_IRQHandler
                0x701023f4                ADC1_2_IRQHandler
                0x701023f4                GPDMA1_Channel9_IRQHandler
                0x701023f4                SPI1_IRQHandler
                0x701023f4                CACHEAXI_IRQHandler
                0x701023f4                SAI1_B_IRQHandler
                0x701023f4                GPDMA1_Channel2_IRQHandler
                0x701023f4                PAHB_ERR_IRQHandler
                0x701023f4                TIM8_UP_IRQHandler
                0x701023f4                RCC_S_IRQHandler
                0x701023f4                MDF1_FLT1_IRQHandler
                0x701023f4                LTDC_UP_IRQHandler
                0x701023f4                LOCKUP_IRQHandler
                0x701023f4                PKA_IRQHandler
                0x701023f4                USART6_IRQHandler
                0x701023f4                HPDMA1_Channel2_IRQHandler
                0x701023f4                MDF1_FLT5_IRQHandler
                0x701023f4                MCE4_IRQHandler
                0x701023f4                I3C2_ER_IRQHandler
                0x701023f4                EXTI15_IRQHandler
                0x701023f4                TIM17_IRQHandler
                0x701023f4                USART3_IRQHandler
                0x701023f4                HPDMA1_Channel6_IRQHandler
                0x701023f4                CRYP_IRQHandler
                0x701023f4                RTC_IRQHandler
                0x701023f4                XSPI2_IRQHandler
                0x701023f4                EXTI9_IRQHandler
                0x701023f4                IAC_IRQHandler
                0x701023f4                HPDMA1_Channel0_IRQHandler
                0x701023f4                LPTIM5_IRQHandler
                0x701023f4                HPDMA1_Channel1_IRQHandler
                0x701023f4                UART5_IRQHandler
                0x701023f4                TIM4_IRQHandler
                0x701023f4                NPU3_IRQHandler
                0x701023f4                I3C2_EV_IRQHandler
                0x701023f4                I2C1_EV_IRQHandler
                0x701023f4                FDCAN_CU_IRQHandler
                0x701023f4                GPDMA1_Channel12_IRQHandler
                0x701023f4                HPDMA1_Channel7_IRQHandler
                0x701023f4                GPDMA1_Channel1_IRQHandler
                0x701023f4                TIM16_IRQHandler
                0x701023f4                GPDMA1_Channel15_IRQHandler
                0x701023f4                UART4_IRQHandler
                0x701023f4                TCM_ECC_IRQHandler
                0x701023f4                TIM3_IRQHandler
                0x701023f4                RCC_IRQHandler
                0x701023f4                UART9_IRQHandler
                0x701023f4                NPU1_IRQHandler
                0x701023f4                SAI2_B_IRQHandler
                0x701023f4                Default_Handler
                0x701023f4                GPDMA1_Channel8_IRQHandler
                0x701023f4                HPDMA1_Channel8_IRQHandler
                0x701023f4                TIM18_IRQHandler
                0x701023f4                TIM14_IRQHandler
                0x701023f4                TIM13_IRQHandler
                0x701023f4                CTI_INT1_IRQHandler
                0x701023f4                GPDMA1_Channel11_IRQHandler
                0x701023f4                GPU2D_ER_IRQHandler
                0x701023f4                SPI5_IRQHandler
                0x701023f4                TIM12_IRQHandler
                0x701023f4                TIM7_IRQHandler
                0x701023f4                FDCAN3_IT1_IRQHandler
                0x701023f4                HPDMA1_Channel10_IRQHandler
                0x701023f4                SDMMC1_IRQHandler
                0x701023f4                SAES_IRQHandler
                0x701023f4                TIM5_IRQHandler
                0x701023f4                UCPD1_IRQHandler
                0x701023f4                GPDMA1_Channel0_IRQHandler
                0x701023f4                I3C1_EV_IRQHandler
                0x701023f4                HPDMA1_Channel5_IRQHandler
                0x701023f4                TIM15_IRQHandler
                0x701023f4                I2C3_EV_IRQHandler
                0x701023f4                HPDMA1_Channel4_IRQHandler
                0x701023f4                HPDMA1_Channel15_IRQHandler
                0x701023f4                TIM9_IRQHandler
                0x701023f4                ETH1_IRQHandler
                0x701023f4                USB1_OTG_HS_IRQHandler
                0x701023f4                PVD_PVM_IRQHandler
                0x701023f4                SPI2_IRQHandler
                0x701023f4                TIM1_TRG_CCU_IRQHandler
                0x701023f4                HPDMA1_Channel11_IRQHandler
                0x701023f4                EXTI14_IRQHandler
                0x701023f4                EXTI11_IRQHandler
                0x701023f4                VENC_IRQHandler
                0x701023f4                GPDMA1_Channel14_IRQHandler
                0x701023f4                EXTI4_IRQHandler
                0x701023f4                RTC_S_IRQHandler
                0x701023f4                GPDMA1_Channel13_IRQHandler
                0x701023f4                RNG_IRQHandler
                0x701023f4                XSPI3_IRQHandler
                0x701023f4                FDCAN2_IT1_IRQHandler
                0x701023f4                TIM1_UP_IRQHandler
                0x701023f4                BCK_ECC_IRQHandler
                0x701023f4                WWDG_IRQHandler
                0x701023f4                SPI6_IRQHandler
                0x701023f4                MDIOS_IRQHandler
                0x701023f4                I2C4_EV_IRQHandler
                0x701023f4                FDCAN2_IT0_IRQHandler
                0x701023f4                IWDG_IRQHandler
                0x701023f4                HPDMA1_Channel14_IRQHandler
                0x701023f4                LPUART1_IRQHandler
                0x701023f4                FDCAN1_IT0_IRQHandler
                0x701023f4                MDF1_FLT0_IRQHandler
                0x701023f4                TIM2_IRQHandler
                0x701023f4                MCE3_IRQHandler
                0x701023f4                GPDMA1_Channel4_IRQHandler
                0x701023f4                EXTI7_IRQHandler
                0x701023f4                DMA2D_IRQHandler
                0x701023f4                TIM1_BRK_IRQHandler
                0x701023f4                EXTI1_IRQHandler
                0x701023f4                SDMMC2_IRQHandler
                0x701023f4                TIM11_IRQHandler
                0x701023f4                LTDC_UP_ERR_IRQHandler
                0x701023f4                UART7_IRQHandler
                0x701023f4                DTS_IRQHandler
                0x701023f4                MDF1_FLT3_IRQHandler
                0x701023f4                USART2_IRQHandler
                0x701023f4                GPDMA1_Channel6_IRQHandler
                0x701023f4                ADF1_FLT0_IRQHandler
                0x701023f4                I2C2_ER_IRQHandler
                0x701023f4                MCE1_IRQHandler
                0x701023f4                SPDIFRX_IRQHandler
                0x701023f4                TIM8_BRK_IRQHandler
                0x701023f4                HPDMA1_Channel12_IRQHandler
                0x701023f4                USART1_IRQHandler
                0x701023f4                EXTI10_IRQHandler
                0x701023f4                SPI3_IRQHandler
                0x701023f4                WAKEUP_PIN_IRQHandler
                0x701023f4                DCMIPP_IRQHandler
                0x701023f4                I2C1_ER_IRQHandler
                0x701023f4                FMC_IRQHandler
                0x701023f4                EXTI6_IRQHandler
                0x701023f4                LPTIM1_IRQHandler
                0x701023f4                DCMI_PSSI_IRQHandler
                0x701023f4                TIM8_TRG_CCU_IRQHandler
                0x701023f4                I2C4_ER_IRQHandler
                0x701023f4                GPDMA1_Channel10_IRQHandler
                0x701023f4                ICACHE_IRQHandler
                0x701023f4                HASH_IRQHandler
 *fill*         0x701023f6        0x2 
 .text.SystemInit
                0x701023f8       0x98 ./Drivers/CMSIS/system_stm32n6xx_s.o
                0x701023f8                SystemInit
 .text.SystemCoreClockUpdate
                0x70102490      0x1dc ./Drivers/CMSIS/system_stm32n6xx_s.o
                0x70102490                SystemCoreClockUpdate
 .text.SECURE_SystemCoreClockUpdate
                0x7010266c       0x24 ./Drivers/CMSIS/system_stm32n6xx_s.o
                0x7010266c                __acle_se_SECURE_SystemCoreClockUpdate
 .text.HAL_InitTick
                0x70102690       0x4c ./Drivers/STM32N6xx_HAL_Driver/stm32n6xx_hal.o
                0x70102690                HAL_InitTick
 .text.HAL_Init
                0x701026dc       0x22 ./Drivers/STM32N6xx_HAL_Driver/stm32n6xx_hal.o
                0x701026dc                HAL_Init
 *fill*         0x701026fe        0x2 
 .text.HAL_IncTick
                0x70102700       0x18 ./Drivers/STM32N6xx_HAL_Driver/stm32n6xx_hal.o
                0x70102700                HAL_IncTick
 .text.HAL_GetTick
                0x70102718        0xc ./Drivers/STM32N6xx_HAL_Driver/stm32n6xx_hal.o
                0x70102718                HAL_GetTick
 .text.HAL_Delay
                0x70102724       0x24 ./Drivers/STM32N6xx_HAL_Driver/stm32n6xx_hal.o
                0x70102724                HAL_Delay
 .text.HAL_GetHalVersion
                0x70102748        0x8 ./Drivers/STM32N6xx_HAL_Driver/stm32n6xx_hal.o
                0x70102748                HAL_GetHalVersion
 .text.HAL_CACHEAXI_Enable
                0x70102750       0x44 ./Drivers/STM32N6xx_HAL_Driver/stm32n6xx_hal_cacheaxi.o
                0x70102750                HAL_CACHEAXI_Enable
 .text.HAL_CACHEAXI_Init
                0x70102794       0x24 ./Drivers/STM32N6xx_HAL_Driver/stm32n6xx_hal_cacheaxi.o
                0x70102794                HAL_CACHEAXI_Init
 .text.HAL_NVIC_SetPriorityGrouping
                0x701027b8       0x24 ./Drivers/STM32N6xx_HAL_Driver/stm32n6xx_hal_cortex.o
                0x701027b8                HAL_NVIC_SetPriorityGrouping
 .text.HAL_NVIC_SetPriority
                0x701027dc       0x60 ./Drivers/STM32N6xx_HAL_Driver/stm32n6xx_hal_cortex.o
                0x701027dc                HAL_NVIC_SetPriority
 .text.HAL_SYSTICK_Config
                0x7010283c       0x28 ./Drivers/STM32N6xx_HAL_Driver/stm32n6xx_hal_cortex.o
                0x7010283c                HAL_SYSTICK_Config
 .text.HAL_GPIO_Init
                0x70102864      0x1c8 ./Drivers/STM32N6xx_HAL_Driver/stm32n6xx_hal_gpio.o
                0x70102864                HAL_GPIO_Init
 .text.HAL_GPIO_WritePin
                0x70102a2c        0xa ./Drivers/STM32N6xx_HAL_Driver/stm32n6xx_hal_gpio.o
                0x70102a2c                HAL_GPIO_WritePin
 .text.HAL_GPIO_ConfigPinAttributes
                0x70102a36       0x30 ./Drivers/STM32N6xx_HAL_Driver/stm32n6xx_hal_gpio.o
                0x70102a36                HAL_GPIO_ConfigPinAttributes
 *fill*         0x70102a66        0x2 
 .text.HAL_PWREx_EnableVddIO2
                0x70102a68       0x10 ./Drivers/STM32N6xx_HAL_Driver/stm32n6xx_hal_pwr_ex.o
                0x70102a68                HAL_PWREx_EnableVddIO2
 .text.HAL_PWREx_EnableVddIO3
                0x70102a78       0x10 ./Drivers/STM32N6xx_HAL_Driver/stm32n6xx_hal_pwr_ex.o
                0x70102a78                HAL_PWREx_EnableVddIO3
 .text.HAL_PWREx_EnableVddIO4
                0x70102a88       0x10 ./Drivers/STM32N6xx_HAL_Driver/stm32n6xx_hal_pwr_ex.o
                0x70102a88                HAL_PWREx_EnableVddIO4
 .text.HAL_PWREx_EnableVddIO5
                0x70102a98       0x10 ./Drivers/STM32N6xx_HAL_Driver/stm32n6xx_hal_pwr_ex.o
                0x70102a98                HAL_PWREx_EnableVddIO5
 .text.RCC_GetSysClockFreq
                0x70102aa8       0x80 ./Drivers/STM32N6xx_HAL_Driver/stm32n6xx_hal_rcc.o
 .text.HAL_RCC_GetCpuClockFreq
                0x70102b28       0x90 ./Drivers/STM32N6xx_HAL_Driver/stm32n6xx_hal_rcc.o
                0x70102b28                HAL_RCC_GetCpuClockFreq
 .text.HAL_RCC_GetSysClockFreq
                0x70102bb8       0x1c ./Drivers/STM32N6xx_HAL_Driver/stm32n6xx_hal_rcc.o
                0x70102bb8                HAL_RCC_GetSysClockFreq
 .text.HAL_RCC_GetClockConfig
                0x70102bd4       0x84 ./Drivers/STM32N6xx_HAL_Driver/stm32n6xx_hal_rcc.o
                0x70102bd4                HAL_RCC_GetClockConfig
 .text.LL_RCC_HSE_SelectHSEAsDiv2Clock
                0x70102c58       0x10 ./Drivers/STM32N6xx_HAL_Driver/stm32n6xx_hal_rcc_ex.o
 .text.LL_RCC_HSE_SelectHSEDiv2AsDiv2Clock
                0x70102c68       0x10 ./Drivers/STM32N6xx_HAL_Driver/stm32n6xx_hal_rcc_ex.o
 .text.LL_RCC_HSE_IsSelectedHSEDiv2AsDiv2Clock
                0x70102c78       0x10 ./Drivers/STM32N6xx_HAL_Driver/stm32n6xx_hal_rcc_ex.o
 .text.LL_RCC_HSE_IsReady
                0x70102c88       0x10 ./Drivers/STM32N6xx_HAL_Driver/stm32n6xx_hal_rcc_ex.o
 .text.LL_RCC_HSI_IsReady
                0x70102c98       0x10 ./Drivers/STM32N6xx_HAL_Driver/stm32n6xx_hal_rcc_ex.o
 .text.LL_RCC_MSI_IsReady
                0x70102ca8       0x10 ./Drivers/STM32N6xx_HAL_Driver/stm32n6xx_hal_rcc_ex.o
 .text.LL_RCC_LSE_IsReady
                0x70102cb8       0x10 ./Drivers/STM32N6xx_HAL_Driver/stm32n6xx_hal_rcc_ex.o
 .text.LL_RCC_SetClockSource
                0x70102cc8       0x24 ./Drivers/STM32N6xx_HAL_Driver/stm32n6xx_hal_rcc_ex.o
 .text.LL_RCC_GetClockSource
                0x70102cec       0x1c ./Drivers/STM32N6xx_HAL_Driver/stm32n6xx_hal_rcc_ex.o
 .text.LL_RCC_IC7_IsEnabled
                0x70102d08       0x10 ./Drivers/STM32N6xx_HAL_Driver/stm32n6xx_hal_rcc_ex.o
 .text.LL_RCC_IC7_GetDivider
                0x70102d18       0x14 ./Drivers/STM32N6xx_HAL_Driver/stm32n6xx_hal_rcc_ex.o
 .text.LL_RCC_IC8_IsEnabled
                0x70102d2c       0x10 ./Drivers/STM32N6xx_HAL_Driver/stm32n6xx_hal_rcc_ex.o
 .text.LL_RCC_IC8_GetDivider
                0x70102d3c       0x14 ./Drivers/STM32N6xx_HAL_Driver/stm32n6xx_hal_rcc_ex.o
 .text.LL_RCC_IC9_IsEnabled
                0x70102d50       0x10 ./Drivers/STM32N6xx_HAL_Driver/stm32n6xx_hal_rcc_ex.o
 .text.LL_RCC_IC9_GetDivider
                0x70102d60       0x14 ./Drivers/STM32N6xx_HAL_Driver/stm32n6xx_hal_rcc_ex.o
 .text.LL_RCC_IC14_IsEnabled
                0x70102d74       0x10 ./Drivers/STM32N6xx_HAL_Driver/stm32n6xx_hal_rcc_ex.o
 .text.LL_RCC_IC14_GetDivider
                0x70102d84       0x14 ./Drivers/STM32N6xx_HAL_Driver/stm32n6xx_hal_rcc_ex.o
 .text.LL_RCC_IC15_IsEnabled
                0x70102d98       0x10 ./Drivers/STM32N6xx_HAL_Driver/stm32n6xx_hal_rcc_ex.o
 .text.LL_RCC_IC15_GetDivider
                0x70102da8       0x14 ./Drivers/STM32N6xx_HAL_Driver/stm32n6xx_hal_rcc_ex.o
 .text.RCCEx_GetHCLKFreq
                0x70102dbc       0x10 ./Drivers/STM32N6xx_HAL_Driver/stm32n6xx_hal_rcc_ex.o
 .text.RCCEx_GetPLLSourceFreq
                0x70102dcc       0x6c ./Drivers/STM32N6xx_HAL_Driver/stm32n6xx_hal_rcc_ex.o
 .text.RCCEx_CalcPLLFreq
                0x70102e38       0x58 ./Drivers/STM32N6xx_HAL_Driver/stm32n6xx_hal_rcc_ex.o
 .text.HAL_RCCEx_PeriphCLKConfig
                0x70102e90     0x18dc ./Drivers/STM32N6xx_HAL_Driver/stm32n6xx_hal_rcc_ex.o
                0x70102e90                HAL_RCCEx_PeriphCLKConfig
 .text.HAL_RCCEx_GetPLL1CLKFreq
                0x7010476c       0x80 ./Drivers/STM32N6xx_HAL_Driver/stm32n6xx_hal_rcc_ex.o
                0x7010476c                HAL_RCCEx_GetPLL1CLKFreq
 .text.HAL_RCCEx_GetPLL2CLKFreq
                0x701047ec       0x80 ./Drivers/STM32N6xx_HAL_Driver/stm32n6xx_hal_rcc_ex.o
                0x701047ec                HAL_RCCEx_GetPLL2CLKFreq
 .text.HAL_RCCEx_GetPLL3CLKFreq
                0x7010486c       0x80 ./Drivers/STM32N6xx_HAL_Driver/stm32n6xx_hal_rcc_ex.o
                0x7010486c                HAL_RCCEx_GetPLL3CLKFreq
 .text.HAL_RCCEx_GetPLL4CLKFreq
                0x701048ec       0x80 ./Drivers/STM32N6xx_HAL_Driver/stm32n6xx_hal_rcc_ex.o
                0x701048ec                HAL_RCCEx_GetPLL4CLKFreq
 .text.RCCEx_GetCLKPCLKFreq.constprop.0
                0x7010496c      0x10c ./Drivers/STM32N6xx_HAL_Driver/stm32n6xx_hal_rcc_ex.o
 .text.RCCEx_GetSPDIFRXCLKFreq.constprop.0
                0x70104a78       0xc0 ./Drivers/STM32N6xx_HAL_Driver/stm32n6xx_hal_rcc_ex.o
 .text.RCCEx_GetXSPICLKFreq
                0x70104b38       0xf4 ./Drivers/STM32N6xx_HAL_Driver/stm32n6xx_hal_rcc_ex.o
 .text.RCCEx_GetOTGPHYCLKFreq
                0x70104c2c       0xcc ./Drivers/STM32N6xx_HAL_Driver/stm32n6xx_hal_rcc_ex.o
 .text.RCCEx_GetOTGPHYCKREFCLKFreq
                0x70104cf8       0x60 ./Drivers/STM32N6xx_HAL_Driver/stm32n6xx_hal_rcc_ex.o
 .text.RCCEx_GetUSARTCLKFreq
                0x70104d58      0x200 ./Drivers/STM32N6xx_HAL_Driver/stm32n6xx_hal_rcc_ex.o
 .text.RCCEx_GetUARTCLKFreq
                0x70104f58      0x224 ./Drivers/STM32N6xx_HAL_Driver/stm32n6xx_hal_rcc_ex.o
 .text.RCCEx_GetSPICLKFreq
                0x7010517c      0x27c ./Drivers/STM32N6xx_HAL_Driver/stm32n6xx_hal_rcc_ex.o
 .text.RCCEx_GetSAICLKFreq
                0x701053f8      0x150 ./Drivers/STM32N6xx_HAL_Driver/stm32n6xx_hal_rcc_ex.o
 .text.RCCEx_GetI3CCLKFreq
                0x70105548      0x118 ./Drivers/STM32N6xx_HAL_Driver/stm32n6xx_hal_rcc_ex.o
 .text.RCCEx_GetSDMMCCLKFreq
                0x70105660       0xcc ./Drivers/STM32N6xx_HAL_Driver/stm32n6xx_hal_rcc_ex.o
 .text.RCCEx_GetI2CCLKFreq
                0x7010572c      0x17c ./Drivers/STM32N6xx_HAL_Driver/stm32n6xx_hal_rcc_ex.o
 .text.RCCEx_GetLPTIMCLKFreq
                0x701058a8      0x1b8 ./Drivers/STM32N6xx_HAL_Driver/stm32n6xx_hal_rcc_ex.o
 .text.HAL_RCCEx_GetPeriphCLKFreq
                0x70105a60      0x978 ./Drivers/STM32N6xx_HAL_Driver/stm32n6xx_hal_rcc_ex.o
                0x70105a60                HAL_RCCEx_GetPeriphCLKFreq
 .text.HAL_RIF_RIMC_ConfigMasterAttributes
                0x701063d8       0x2c ./Drivers/STM32N6xx_HAL_Driver/stm32n6xx_hal_rif.o
                0x701063d8                HAL_RIF_RIMC_ConfigMasterAttributes
 .text.HAL_RIF_RISC_SetSlaveSecureAttributes
                0x70106404       0x52 ./Drivers/STM32N6xx_HAL_Driver/stm32n6xx_hal_rif.o
                0x70106404                HAL_RIF_RISC_SetSlaveSecureAttributes
 .text.HAL_RIF_RISAF_ConfigBaseRegion
                0x70106456       0x36 ./Drivers/STM32N6xx_HAL_Driver/stm32n6xx_hal_rif.o
                0x70106456                HAL_RIF_RISAF_ConfigBaseRegion
 .text.UART_EndRxTransfer
                0x7010648c       0x58 ./Drivers/STM32N6xx_HAL_Driver/stm32n6xx_hal_uart.o
 .text.UART_SetConfig
                0x701064e4      0x218 ./Drivers/STM32N6xx_HAL_Driver/stm32n6xx_hal_uart.o
                0x701064e4                UART_SetConfig
 .text.UART_AdvFeatureConfig
                0x701066fc       0xaa ./Drivers/STM32N6xx_HAL_Driver/stm32n6xx_hal_uart.o
                0x701066fc                UART_AdvFeatureConfig
 .text.UART_WaitOnFlagUntilTimeout
                0x701067a6       0x90 ./Drivers/STM32N6xx_HAL_Driver/stm32n6xx_hal_uart.o
                0x701067a6                UART_WaitOnFlagUntilTimeout
 .text.HAL_UART_Transmit
                0x70106836       0xba ./Drivers/STM32N6xx_HAL_Driver/stm32n6xx_hal_uart.o
                0x70106836                HAL_UART_Transmit
 .text.HAL_UART_Receive
                0x701068f0       0xdc ./Drivers/STM32N6xx_HAL_Driver/stm32n6xx_hal_uart.o
                0x701068f0                HAL_UART_Receive
 .text.UART_CheckIdleState
                0x701069cc       0xb6 ./Drivers/STM32N6xx_HAL_Driver/stm32n6xx_hal_uart.o
                0x701069cc                UART_CheckIdleState
 .text.HAL_UART_Init
                0x70106a82       0x60 ./Drivers/STM32N6xx_HAL_Driver/stm32n6xx_hal_uart.o
                0x70106a82                HAL_UART_Init
 *fill*         0x70106ae2        0x2 
 .text.UARTEx_SetNbDataToProcess
                0x70106ae4       0x44 ./Drivers/STM32N6xx_HAL_Driver/stm32n6xx_hal_uart_ex.o
 .text.HAL_UARTEx_DisableFifoMode
                0x70106b28       0x36 ./Drivers/STM32N6xx_HAL_Driver/stm32n6xx_hal_uart_ex.o
                0x70106b28                HAL_UARTEx_DisableFifoMode
 .text.HAL_UARTEx_SetTxFifoThreshold
                0x70106b5e       0x40 ./Drivers/STM32N6xx_HAL_Driver/stm32n6xx_hal_uart_ex.o
                0x70106b5e                HAL_UARTEx_SetTxFifoThreshold
 .text.HAL_UARTEx_SetRxFifoThreshold
                0x70106b9e       0x40 ./Drivers/STM32N6xx_HAL_Driver/stm32n6xx_hal_uart_ex.o
                0x70106b9e                HAL_UARTEx_SetRxFifoThreshold
 .text._put_c_buffer_cb
                0x70106bde       0x1c ./Middlewares/ST/AI/Misc/Src/aiTestUtility.o
 *fill*         0x70106bfa        0x2 
 .text._put_c_driver
                0x70106bfc       0x28 ./Middlewares/ST/AI/Misc/Src/aiTestUtility.o
 .text.ioRawWriteBuffer
                0x70106c24       0x1c ./Middlewares/ST/AI/Misc/Src/aiTestUtility.o
                0x70106c24                ioRawWriteBuffer
 .text.ioRawReadBuffer
                0x70106c40       0x1c ./Middlewares/ST/AI/Misc/Src/aiTestUtility.o
                0x70106c40                ioRawReadBuffer
 .text.ioRawDisableLLWrite
                0x70106c5c        0xc ./Middlewares/ST/AI/Misc/Src/aiTestUtility.o
                0x70106c5c                ioRawDisableLLWrite
 .text._write   0x70106c68       0x40 ./Middlewares/ST/AI/Misc/Src/aiTestUtility.o
                0x70106c68                _write
 .text.uint32_to_str
                0x70106ca8       0x48 ./Middlewares/ST/AI/Misc/Src/aiTestUtility.o
                0x70106ca8                uint32_to_str
 .text.lc_print
                0x70106cf0       0x24 ./Middlewares/ST/AI/Misc/Src/aiTestUtility.o
                0x70106cf0                lc_print
 .text.lc_vsnprint
                0x70106d14       0x20 ./Middlewares/ST/AI/Misc/Src/aiTestUtility.o
                0x70106d14                lc_vsnprint
 .text.dwtCyclesToTime
                0x70106d34       0x7c ./Middlewares/ST/AI/Misc/Src/aiTestUtility.o
                0x70106d34                dwtCyclesToTime
 .text.dwtCyclesToFloatMs
                0x70106db0       0x38 ./Middlewares/ST/AI/Misc/Src/aiTestUtility.o
                0x70106db0                dwtCyclesToFloatMs
 .text.getFlashCacheConf
                0x70106de8       0x2c ./Middlewares/ST/AI/Misc/Src/aiTestUtility.o
                0x70106de8                getFlashCacheConf
 .text.getSysConf
                0x70106e14       0x30 ./Middlewares/ST/AI/Misc/Src/aiTestUtility.o
                0x70106e14                getSysConf
 .text.systemSettingLog
                0x70106e44       0xd8 ./Middlewares/ST/AI/Misc/Src/aiTestUtility.o
                0x70106e44                systemSettingLog
 .text.get_IC_freq
                0x70106f1c       0x2e ./Middlewares/ST/AI/Misc/Src/ai_device_adaptor.o
 *fill*         0x70106f4a        0x2 
 .text.port_hal_set_extra_conf
                0x70106f4c       0x6c ./Middlewares/ST/AI/Misc/Src/ai_device_adaptor.o
                0x70106f4c                port_hal_set_extra_conf
 .text.port_dwt_init_imp
                0x70106fb8       0x30 ./Middlewares/ST/AI/Misc/Src/ai_device_adaptor.o
                0x70106fb8                port_dwt_init_imp
 .text._write_number
                0x70106fe8      0x146 ./Middlewares/ST/AI/Misc/Src/lc_print.o
 *fill*         0x7010712e        0x2 
 .text.vlc_print
                0x70107130      0x3e8 ./Middlewares/ST/AI/Misc/Src/lc_print.o
                0x70107130                vlc_print
 .text.LL_ATON_Init
                0x70107518      0x538 ./Middlewares/ST/AI/Npu/ll_aton.o
                0x70107518                LL_ATON_Init
 .text.LL_ATON_DeInit
                0x70107a50       0x24 ./Middlewares/ST/AI/Npu/ll_aton.o
                0x70107a50                LL_ATON_DeInit
 .text.LL_EpochCtrl_Init
                0x70107a74       0x38 ./Middlewares/ST/AI/Npu/ll_aton.o
                0x70107a74                LL_EpochCtrl_Init
 .text.LL_ATON_EnableClock
                0x70107aac       0x24 ./Middlewares/ST/AI/Npu/ll_aton.o
                0x70107aac                LL_ATON_EnableClock
 .text.LL_ATON_DisableClock
                0x70107ad0       0x20 ./Middlewares/ST/AI/Npu/ll_aton.o
                0x70107ad0                LL_ATON_DisableClock
 .text.LL_Busif_SetKeys
                0x70107af0       0x58 ./Middlewares/ST/AI/Npu/ll_aton_cipher.o
                0x70107af0                LL_Busif_SetKeys
 .text.LL_EpochCtrl_EncryptionInit
                0x70107b48       0x40 ./Middlewares/ST/AI/Npu/ll_aton_cipher.o
                0x70107b48                LL_EpochCtrl_EncryptionInit
 .text.LL_Dbgtrc_Init
                0x70107b88       0x28 ./Middlewares/ST/AI/Npu/ll_aton_dbgtrc.o
                0x70107b88                LL_Dbgtrc_Init
 .text.LL_Dbgtrc_Deinit
                0x70107bb0       0x20 ./Middlewares/ST/AI/Npu/ll_aton_dbgtrc.o
                0x70107bb0                LL_Dbgtrc_Deinit
 .text.LL_Dbgtrc_EnableClock
                0x70107bd0       0x28 ./Middlewares/ST/AI/Npu/ll_aton_dbgtrc.o
                0x70107bd0                LL_Dbgtrc_EnableClock
 .text.LL_Dbgtrc_DisableClock
                0x70107bf8       0x10 ./Middlewares/ST/AI/Npu/ll_aton_dbgtrc.o
                0x70107bf8                LL_Dbgtrc_DisableClock
 .text.LL_Dbgtrc_Counter_Init
                0x70107c08       0x64 ./Middlewares/ST/AI/Npu/ll_aton_dbgtrc.o
                0x70107c08                LL_Dbgtrc_Counter_Init
 .text.LL_Dbgtrc_Counter_Start
                0x70107c6c       0x24 ./Middlewares/ST/AI/Npu/ll_aton_dbgtrc.o
                0x70107c6c                LL_Dbgtrc_Counter_Start
 .text.LL_Dbgtrc_Counter_Stop
                0x70107c90       0x24 ./Middlewares/ST/AI/Npu/ll_aton_dbgtrc.o
                0x70107c90                LL_Dbgtrc_Counter_Stop
 .text.LL_Dbgtrc_Counter_Read
                0x70107cb4       0x1c ./Middlewares/ST/AI/Npu/ll_aton_dbgtrc.o
                0x70107cb4                LL_Dbgtrc_Counter_Read
 .text.LL_Dbgtrc_Count_StrengActive_Config
                0x70107cd0       0x5e ./Middlewares/ST/AI/Npu/ll_aton_dbgtrc.o
                0x70107cd0                LL_Dbgtrc_Count_StrengActive_Config
 .text.LL_Dbgtrc_Count_StrengActive_Start
                0x70107d2e       0x28 ./Middlewares/ST/AI/Npu/ll_aton_dbgtrc.o
                0x70107d2e                LL_Dbgtrc_Count_StrengActive_Start
 .text.LL_Dbgtrc_Count_StrengActive_Stop
                0x70107d56       0x28 ./Middlewares/ST/AI/Npu/ll_aton_dbgtrc.o
                0x70107d56                LL_Dbgtrc_Count_StrengActive_Stop
 *fill*         0x70107d7e        0x2 
 .text.LL_Dbgtrc_Count_StrengHENV_Config
                0x70107d80       0x44 ./Middlewares/ST/AI/Npu/ll_aton_dbgtrc.o
                0x70107d80                LL_Dbgtrc_Count_StrengHENV_Config
 .text.LL_Dbgtrc_Count_StrengHENV_Start
                0x70107dc4       0x24 ./Middlewares/ST/AI/Npu/ll_aton_dbgtrc.o
                0x70107dc4                LL_Dbgtrc_Count_StrengHENV_Start
 .text.LL_Dbgtrc_Count_StrengHENV_Stop
                0x70107de8        0x4 ./Middlewares/ST/AI/Npu/ll_aton_dbgtrc.o
                0x70107de8                LL_Dbgtrc_Count_StrengHENV_Stop
 .text.LL_Dbgtrc_Count_BurstsLen
                0x70107dec       0x4c ./Middlewares/ST/AI/Npu/ll_aton_dbgtrc.o
                0x70107dec                LL_Dbgtrc_Count_BurstsLen
 .text.LL_Dbgtrc_BurstLenBenchStart
                0x70107e38       0x32 ./Middlewares/ST/AI/Npu/ll_aton_dbgtrc.o
                0x70107e38                LL_Dbgtrc_BurstLenBenchStart
 .text.LL_Dbgtrc_BurstLenGet
                0x70107e6a       0x1e ./Middlewares/ST/AI/Npu/ll_aton_dbgtrc.o
                0x70107e6a                LL_Dbgtrc_BurstLenGet
 .text.LL_Dbgtrc_GetTotalTranfers
                0x70107e88       0x60 ./Middlewares/ST/AI/Npu/ll_aton_dbgtrc.o
                0x70107e88                LL_Dbgtrc_GetTotalTranfers
 .text.__LL_ATON_RT_Init_Network
                0x70107ee8       0x4e ./Middlewares/ST/AI/Npu/ll_aton_runtime.o
 *fill*         0x70107f36        0x2 
 .text.__LL_ATON_RT_SetWaitMask
                0x70107f38       0x38 ./Middlewares/ST/AI/Npu/ll_aton_runtime.o
 .text.EpochBlock_EpochControllerUnit
                0x70107f70       0x28 ./Middlewares/ST/AI/Npu/ll_aton_runtime.o
 .text.__ll_clear_aton_owner
                0x70107f98       0x58 ./Middlewares/ST/AI/Npu/ll_aton_runtime.o
 .text.__LL_ATON_RT_ExecEndEpochBlock
                0x70107ff0       0xc0 ./Middlewares/ST/AI/Npu/ll_aton_runtime.o
 .text.__LL_ATON_RT_DetermineNextEpochBlock
                0x701080b0       0x88 ./Middlewares/ST/AI/Npu/ll_aton_runtime.o
 .text.dump_dma_state
                0x70108138        0x2 ./Middlewares/ST/AI/Npu/ll_aton_runtime.o
                0x70108138                dump_dma_state
 *fill*         0x7010813a        0x2 
 .text.__LL_ATON_RT_IrqErr
                0x7010813c      0x11c ./Middlewares/ST/AI/Npu/ll_aton_runtime.o
 .text.LL_ATON_RT_SetRuntimeCallback
                0x70108258        0xc ./Middlewares/ST/AI/Npu/ll_aton_runtime.o
                0x70108258                LL_ATON_RT_SetRuntimeCallback
 .text.LL_ATON_RT_SetNetworkCallback
                0x70108264       0x24 ./Middlewares/ST/AI/Npu/ll_aton_runtime.o
                0x70108264                LL_ATON_RT_SetNetworkCallback
 .text.LL_ATON_RT_Init_Network
                0x70108288       0x48 ./Middlewares/ST/AI/Npu/ll_aton_runtime.o
                0x70108288                LL_ATON_RT_Init_Network
 .text.LL_ATON_RT_DeInit_Network
                0x701082d0       0x40 ./Middlewares/ST/AI/Npu/ll_aton_runtime.o
                0x701082d0                LL_ATON_RT_DeInit_Network
 .text.LL_ATON_RT_Reset_Network
                0x70108310       0x12 ./Middlewares/ST/AI/Npu/ll_aton_runtime.o
                0x70108310                LL_ATON_RT_Reset_Network
 *fill*         0x70108322        0x2 
 .text.LL_ATON_RT_RuntimeInit
                0x70108324       0x94 ./Middlewares/ST/AI/Npu/ll_aton_runtime.o
                0x70108324                LL_ATON_RT_RuntimeInit
 .text.LL_ATON_RT_RuntimeDeInit
                0x701083b8       0x60 ./Middlewares/ST/AI/Npu/ll_aton_runtime.o
                0x701083b8                LL_ATON_RT_RuntimeDeInit
 .text.LL_ATON_RT_RunEpochBlock
                0x70108418      0x2ec ./Middlewares/ST/AI/Npu/ll_aton_runtime.o
                0x70108418                LL_ATON_RT_RunEpochBlock
 .text.NPU0_IRQHandler
                0x70108704      0x10c ./Middlewares/ST/AI/Npu/ll_aton_runtime.o
                0x70108704                NPU0_IRQHandler
 .text._stai_aton_internal_rt_callback
                0x70108810       0x1c ./Middlewares/ST/AI/Npu/ll_aton_stai_internal.o
 .text._stai_aton_internal_epoch_block_callback
                0x7010882c       0x1a ./Middlewares/ST/AI/Npu/ll_aton_stai_internal.o
                0x7010882c                _stai_aton_internal_epoch_block_callback
 *fill*         0x70108846        0x2 
 .text.stai_runtime_set_callback
                0x70108848       0x24 ./Middlewares/ST/AI/Npu/ll_aton_stai_internal.o
                0x70108848                stai_runtime_set_callback
 .text.stai_runtime_init
                0x7010886c        0xa ./Middlewares/ST/AI/Npu/ll_aton_stai_internal.o
                0x7010886c                stai_runtime_init
 *fill*         0x70108876        0x2 
 .text.stai_runtime_deinit
                0x70108878       0x24 ./Middlewares/ST/AI/Npu/ll_aton_stai_internal.o
                0x70108878                stai_runtime_deinit
 .text.stai_runtime_get_info
                0x7010889c       0x24 ./Middlewares/ST/AI/Npu/ll_aton_stai_internal.o
                0x7010889c                stai_runtime_get_info
 .text.__ll_aton_stai_init_network_instance
                0x701088c0        0x4 ./Middlewares/ST/AI/Npu/ll_aton_stai_internal.o
                0x701088c0                __ll_aton_stai_init_network_instance
 .text.__ll_aton_stai_deinit_network_instance
                0x701088c4        0x4 ./Middlewares/ST/AI/Npu/ll_aton_stai_internal.o
                0x701088c4                __ll_aton_stai_deinit_network_instance
 .text.__ll_aton_stai_set_execution_status
                0x701088c8       0x18 ./Middlewares/ST/AI/Npu/ll_aton_stai_internal.o
                0x701088c8                __ll_aton_stai_set_execution_status
 .text.__ll_aton_stai_get_execution_status
                0x701088e0        0x4 ./Middlewares/ST/AI/Npu/ll_aton_stai_internal.o
                0x701088e0                __ll_aton_stai_get_execution_status
 .text.__ll_aton_stai_reset
                0x701088e4       0x48 ./Middlewares/ST/AI/Npu/ll_aton_stai_internal.o
                0x701088e4                __ll_aton_stai_reset
 .text.__ll_aton_stai_run
                0x7010892c       0x98 ./Middlewares/ST/AI/Npu/ll_aton_stai_internal.o
                0x7010892c                __ll_aton_stai_run
 .text.ll_sw_forward_conv
                0x701089c4      0x27c ./Middlewares/ST/AI/Npu/ll_sw_float.o
                0x701089c4                ll_sw_forward_conv
 .text.ll_sw_forward_activ
                0x70108c40      0x730 ./Middlewares/ST/AI/Npu/ll_sw_float.o
                0x70108c40                ll_sw_forward_activ
 .text.ll_sw_forward_arith
                0x70109370      0x354 ./Middlewares/ST/AI/Npu/ll_sw_float.o
                0x70109370                ll_sw_forward_arith
 .text.mcu_cache_clean_invalidate
                0x701096c4       0x58 ./Middlewares/ST/AI/Npu/mcu_cache.o
                0x701096c4                mcu_cache_clean_invalidate
 .text.mcu_cache_invalidate_range
                0x7010971c       0x54 ./Middlewares/ST/AI/Npu/mcu_cache.o
                0x7010971c                mcu_cache_invalidate_range
 .text.mcu_cache_clean_range
                0x70109770       0x54 ./Middlewares/ST/AI/Npu/mcu_cache.o
                0x70109770                mcu_cache_clean_range
 .text.mcu_cache_clean_invalidate_range
                0x701097c4       0x54 ./Middlewares/ST/AI/Npu/mcu_cache.o
                0x701097c4                mcu_cache_clean_invalidate_range
 .text.write_callback
                0x70109818       0x58 ./Middlewares/ST/AI/Validation/Src/aiPbIO.o
 .text.read_packet
                0x70109870       0x2c ./Middlewares/ST/AI/Validation/Src/aiPbIO.o
 .text.read_callback
                0x7010989c       0x88 ./Middlewares/ST/AI/Validation/Src/aiPbIO.o
 .text.pb_io_reset_packet_size
                0x70109924        0xc ./Middlewares/ST/AI/Validation/Src/aiPbIO.o
                0x70109924                pb_io_reset_packet_size
 .text.pb_io_flush_ostream
                0x70109930       0x2c ./Middlewares/ST/AI/Validation/Src/aiPbIO.o
                0x70109930                pb_io_flush_ostream
 .text.pb_io_flush_istream
                0x7010995c       0x18 ./Middlewares/ST/AI/Validation/Src/aiPbIO.o
                0x7010995c                pb_io_flush_istream
 .text.pb_io_ostream
                0x70109974       0x18 ./Middlewares/ST/AI/Validation/Src/aiPbIO.o
                0x70109974                pb_io_ostream
 .text.pb_io_istream
                0x7010998c       0x14 ./Middlewares/ST/AI/Validation/Src/aiPbIO.o
                0x7010998c                pb_io_istream
 .text.pb_io_stream_init
                0x701099a0        0xa ./Middlewares/ST/AI/Validation/Src/aiPbIO.o
                0x701099a0                pb_io_stream_init
 .text.encode_uint32
                0x701099aa       0x56 ./Middlewares/ST/AI/Validation/Src/aiPbMgr.o
                0x701099aa                encode_uint32
 .text.encode_data_cb
                0x70109a00       0x1e ./Middlewares/ST/AI/Validation/Src/aiPbMgr.o
                0x70109a00                encode_data_cb
 .text.decode_data_cb
                0x70109a1e       0x3e ./Middlewares/ST/AI/Validation/Src/aiPbMgr.o
 .text.aiPbMgrInit
                0x70109a5c       0x70 ./Middlewares/ST/AI/Validation/Src/aiPbMgr.o
                0x70109a5c                aiPbMgrInit
 .text.aiPbTensorFormat
                0x70109acc       0x64 ./Middlewares/ST/AI/Validation/Src/aiPbMgr.o
                0x70109acc                aiPbTensorFormat
 .text.aiPbStrCopy
                0x70109b30       0x50 ./Middlewares/ST/AI/Validation/Src/aiPbMgr.o
                0x70109b30                aiPbStrCopy
 .text.encode_tensor_desc
                0x70109b80       0x64 ./Middlewares/ST/AI/Validation/Src/aiPbMgr.o
                0x70109b80                encode_tensor_desc
 .text.aiPbMgrSendResp
                0x70109be4       0x24 ./Middlewares/ST/AI/Validation/Src/aiPbMgr.o
                0x70109be4                aiPbMgrSendResp
 .text.aiPbMgrWaitAndProcess
                0x70109c08       0x88 ./Middlewares/ST/AI/Validation/Src/aiPbMgr.o
                0x70109c08                aiPbMgrWaitAndProcess
 .text.aiPbMgrSendAck
                0x70109c90       0x14 ./Middlewares/ST/AI/Validation/Src/aiPbMgr.o
                0x70109c90                aiPbMgrSendAck
 .text.aiPbMgrWaitAck
                0x70109ca4       0x28 ./Middlewares/ST/AI/Validation/Src/aiPbMgr.o
                0x70109ca4                aiPbMgrWaitAck
 .text.aiPbMgrSendLogV2
                0x70109ccc       0x58 ./Middlewares/ST/AI/Validation/Src/aiPbMgr.o
                0x70109ccc                aiPbMgrSendLogV2
 .text.aiPbMgrReceiveData
                0x70109d24       0x34 ./Middlewares/ST/AI/Validation/Src/aiPbMgr.o
                0x70109d24                aiPbMgrReceiveData
 .text.aiPbMgrSendOperator
                0x70109d58       0x74 ./Middlewares/ST/AI/Validation/Src/aiPbMgr.o
                0x70109d58                aiPbMgrSendOperator
 .text.aiPbCmdDisconnect
                0x70109dcc        0x4 ./Middlewares/ST/AI/Validation/Src/aiPbMgr.o
                0x70109dcc                aiPbCmdDisconnect
 .text.aiPbCmdSync
                0x70109dd0       0x22 ./Middlewares/ST/AI/Validation/Src/aiPbMgr.o
                0x70109dd0                aiPbCmdSync
 *fill*         0x70109df2        0x2 
 .text._get_node_type
                0x70109df4       0x70 ./Middlewares/ST/AI/Validation/Src/aiValidation_ATON_ST_AI.o
 .text._is_ll_buffer_valid
                0x70109e64       0x40 ./Middlewares/ST/AI/Validation/Src/aiValidation_ATON_ST_AI.o
 .text.encode_buffer_to_tensor_desc
                0x70109ea4       0x40 ./Middlewares/ST/AI/Validation/Src/aiValidation_ATON_ST_AI.o
 .text.aiPbCmdSysInfo
                0x70109ee4       0x48 ./Middlewares/ST/AI/Validation/Src/aiValidation_ATON_ST_AI.o
                0x70109ee4                aiPbCmdSysInfo
 .text.aiExecCtx
                0x70109f2c       0x98 ./Middlewares/ST/AI/Validation/Src/aiValidation_ATON_ST_AI.o
 .text.LL_Buffer_addr_start
                0x70109fc4        0xe ./Middlewares/ST/AI/Validation/Src/aiValidation_ATON_ST_AI.o
 *fill*         0x70109fd2        0x2 
 .text.fill_tensor_desc_msg
                0x70109fd4       0xd0 ./Middlewares/ST/AI/Validation/Src/aiValidation_ATON_ST_AI.o
 .text.encode_ll_buffer_to_tensor_desc
                0x7010a0a4       0x20 ./Middlewares/ST/AI/Validation/Src/aiValidation_ATON_ST_AI.o
 .text.print_ll_io_buffer
                0x7010a0c4       0xc0 ./Middlewares/ST/AI/Validation/Src/aiValidation_ATON_ST_AI.o
 .text.send_ai_io_tensor.constprop.0.isra.0
                0x7010a184       0x74 ./Middlewares/ST/AI/Validation/Src/aiValidation_ATON_ST_AI.o
 .text._print_debug
                0x7010a1f8       0x48 ./Middlewares/ST/AI/Validation/Src/aiValidation_ATON_ST_AI.o
                0x7010a1f8                _print_debug
 .text.aiPbCmdNNInfo
                0x7010a240      0x270 ./Middlewares/ST/AI/Validation/Src/aiValidation_ATON_ST_AI.o
                0x7010a240                aiPbCmdNNInfo
 .text.aiPbCmdNNRun
                0x7010a4b0      0x2d0 ./Middlewares/ST/AI/Validation/Src/aiValidation_ATON_ST_AI.o
                0x7010a4b0                aiPbCmdNNRun
 .text._find_cdt_ll_buffers
                0x7010a780       0xa8 ./Middlewares/ST/AI/Validation/Src/aiValidation_ATON_ST_AI.o
                0x7010a780                _find_cdt_ll_buffers
 .text._log_counters
                0x7010a828      0x260 ./Middlewares/ST/AI/Validation/Src/aiValidation_ATON_ST_AI.o
                0x7010a828                _log_counters
 .text.npu_dump_tensors_cb
                0x7010aa88      0x1dc ./Middlewares/ST/AI/Validation/Src/aiValidation_ATON_ST_AI.o
                0x7010aa88                npu_dump_tensors_cb
 .text.aiValidationInit
                0x7010ac64       0x80 ./Middlewares/ST/AI/Validation/Src/aiValidation_ATON_ST_AI.o
                0x7010ac64                aiValidationInit
 .text.aiValidationProcess
                0x7010ace4      0x20c ./Middlewares/ST/AI/Validation/Src/aiValidation_ATON_ST_AI.o
                0x7010ace4                aiValidationProcess
 .text.connect_input_buffers
                0x7010aef0        0x2 ./Middlewares/ST/AI/Validation/Src/ai_io_buffers_ATON.o
                0x7010aef0                connect_input_buffers
 .text.connect_output_buffers
                0x7010aef2        0x2 ./Middlewares/ST/AI/Validation/Src/ai_io_buffers_ATON.o
                0x7010aef2                connect_output_buffers
 .text.LL_Buffer_addr_start
                0x7010aef4        0xe ./Middlewares/ST/AI/Validation/Src/ai_wrapper_ATON_ST_AI.o
 *fill*         0x7010af02        0x2 
 .text.ARM_PMU_CYCCNT_Reset
                0x7010af04       0x14 ./Middlewares/ST/AI/Validation/Src/ai_wrapper_ATON_ST_AI.o
 .text._rt_callback
                0x7010af18       0x4c ./Middlewares/ST/AI/Validation/Src/ai_wrapper_ATON_ST_AI.o
 .text._get_used_size_from_region
                0x7010af64       0x84 ./Middlewares/ST/AI/Validation/Src/ai_wrapper_ATON_ST_AI.o
 .text.npu_cache_counters_enable
                0x7010afe8       0x2c ./Middlewares/ST/AI/Validation/Src/ai_wrapper_ATON_ST_AI.o
                0x7010afe8                npu_cache_counters_enable
 .text.npu_cache_counters_disable
                0x7010b014       0x1c ./Middlewares/ST/AI/Validation/Src/ai_wrapper_ATON_ST_AI.o
                0x7010b014                npu_cache_counters_disable
 .text.npu_cache_counters_get
                0x7010b030       0x34 ./Middlewares/ST/AI/Validation/Src/ai_wrapper_ATON_ST_AI.o
                0x7010b030                npu_cache_counters_get
 .text.get_ll_buffer_size
                0x7010b064        0x8 ./Middlewares/ST/AI/Validation/Src/ai_wrapper_ATON_ST_AI.o
                0x7010b064                get_ll_buffer_size
 .text.get_ll_element_size
                0x7010b06c        0x8 ./Middlewares/ST/AI/Validation/Src/ai_wrapper_ATON_ST_AI.o
                0x7010b06c                get_ll_element_size
 .text._dump_streng_counters
                0x7010b074       0x30 ./Middlewares/ST/AI/Validation/Src/ai_wrapper_ATON_ST_AI.o
                0x7010b074                _dump_streng_counters
 .text._epoch_callback
                0x7010b0a4      0x300 ./Middlewares/ST/AI/Validation/Src/ai_wrapper_ATON_ST_AI.o
 .text.npu_get_input_buffers_info
                0x7010b3a4       0x2e ./Middlewares/ST/AI/Validation/Src/ai_wrapper_ATON_ST_AI.o
                0x7010b3a4                npu_get_input_buffers_info
 .text.npu_get_output_buffers_info
                0x7010b3d2       0x2e ./Middlewares/ST/AI/Validation/Src/ai_wrapper_ATON_ST_AI.o
                0x7010b3d2                npu_get_output_buffers_info
 .text.npu_get_internal_buffers_info
                0x7010b400        0xe ./Middlewares/ST/AI/Validation/Src/ai_wrapper_ATON_ST_AI.o
                0x7010b400                npu_get_internal_buffers_info
 *fill*         0x7010b40e        0x2 
 .text.npu_get_instance_by_index
                0x7010b410      0x228 ./Middlewares/ST/AI/Validation/Src/ai_wrapper_ATON_ST_AI.o
                0x7010b410                npu_get_instance_by_index
 .text.npu_set_callback
                0x7010b638       0x10 ./Middlewares/ST/AI/Validation/Src/ai_wrapper_ATON_ST_AI.o
                0x7010b638                npu_set_callback
 .text.npu_init
                0x7010b648       0x94 ./Middlewares/ST/AI/Validation/Src/ai_wrapper_ATON_ST_AI.o
                0x7010b648                npu_init
 *fill*         0x7010b6dc        0x4 
 .text.npu_run  0x7010b6e0      0x200 ./Middlewares/ST/AI/Validation/Src/ai_wrapper_ATON_ST_AI.o
                0x7010b6e0                npu_run
 .text.pb_field_iter_begin
                0x7010b8e0       0x22 ./Middlewares/ST/AI/Validation/Src/pb_common.o
                0x7010b8e0                pb_field_iter_begin
 .text.pb_field_iter_next
                0x7010b902       0x7c ./Middlewares/ST/AI/Validation/Src/pb_common.o
                0x7010b902                pb_field_iter_next
 .text.pb_field_iter_find
                0x7010b97e       0x2e ./Middlewares/ST/AI/Validation/Src/pb_common.o
                0x7010b97e                pb_field_iter_find
 .text.buf_read
                0x7010b9ac       0x26 ./Middlewares/ST/AI/Validation/Src/pb_decode.o
 .text.pb_readbyte
                0x7010b9d2       0x1e ./Middlewares/ST/AI/Validation/Src/pb_decode.o
 .text.pb_decode_varint32_eof
                0x7010b9f0       0x8a ./Middlewares/ST/AI/Validation/Src/pb_decode.o
 .text.pb_field_set_to_default
                0x7010ba7a       0xbe ./Middlewares/ST/AI/Validation/Src/pb_decode.o
 .text.pb_message_set_to_defaults
                0x7010bb38       0x20 ./Middlewares/ST/AI/Validation/Src/pb_decode.o
 .text.pb_read  0x7010bb58       0x58 ./Middlewares/ST/AI/Validation/Src/pb_decode.o
                0x7010bb58                pb_read
 .text.pb_decode_varint32
                0x7010bbb0        0x6 ./Middlewares/ST/AI/Validation/Src/pb_decode.o
                0x7010bbb0                pb_decode_varint32
 .text.pb_dec_fixed_length_bytes
                0x7010bbb6       0x44 ./Middlewares/ST/AI/Validation/Src/pb_decode.o
 .text.pb_dec_string
                0x7010bbfa       0x3e ./Middlewares/ST/AI/Validation/Src/pb_decode.o
 .text.pb_dec_bytes
                0x7010bc38       0x42 ./Middlewares/ST/AI/Validation/Src/pb_decode.o
 .text.pb_decode_varint
                0x7010bc7a       0x4e ./Middlewares/ST/AI/Validation/Src/pb_decode.o
                0x7010bc7a                pb_decode_varint
 .text.pb_dec_uvarint
                0x7010bcc8       0x64 ./Middlewares/ST/AI/Validation/Src/pb_decode.o
 .text.pb_dec_varint
                0x7010bd2c       0x56 ./Middlewares/ST/AI/Validation/Src/pb_decode.o
 .text.pb_decode_tag
                0x7010bd82       0x34 ./Middlewares/ST/AI/Validation/Src/pb_decode.o
                0x7010bd82                pb_decode_tag
 .text.pb_skip_field
                0x7010bdb6       0x50 ./Middlewares/ST/AI/Validation/Src/pb_decode.o
                0x7010bdb6                pb_skip_field
 .text.pb_make_string_substream
                0x7010be06       0x30 ./Middlewares/ST/AI/Validation/Src/pb_decode.o
                0x7010be06                pb_make_string_substream
 .text.pb_close_string_substream
                0x7010be36       0x20 ./Middlewares/ST/AI/Validation/Src/pb_decode.o
                0x7010be36                pb_close_string_substream
 *fill*         0x7010be56        0x2 
 .text.decode_field
                0x7010be58      0x1a0 ./Middlewares/ST/AI/Validation/Src/pb_decode.o
 .text.pb_decode_noinit
                0x7010bff8      0x1ea ./Middlewares/ST/AI/Validation/Src/pb_decode.o
                0x7010bff8                pb_decode_noinit
 .text.pb_decode
                0x7010c1e2       0x1e ./Middlewares/ST/AI/Validation/Src/pb_decode.o
                0x7010c1e2                pb_decode
 .text.pb_dec_submessage
                0x7010c200       0x46 ./Middlewares/ST/AI/Validation/Src/pb_decode.o
 .text.pb_decode_delimited
                0x7010c246       0x2c ./Middlewares/ST/AI/Validation/Src/pb_decode.o
                0x7010c246                pb_decode_delimited
 .text.pb_decode_svarint
                0x7010c272       0x2a ./Middlewares/ST/AI/Validation/Src/pb_decode.o
                0x7010c272                pb_decode_svarint
 .text.pb_dec_svarint
                0x7010c29c       0x64 ./Middlewares/ST/AI/Validation/Src/pb_decode.o
 .text.pb_decode_fixed32
                0x7010c300       0x18 ./Middlewares/ST/AI/Validation/Src/pb_decode.o
                0x7010c300                pb_decode_fixed32
 .text.pb_dec_fixed32
                0x7010c318        0x6 ./Middlewares/ST/AI/Validation/Src/pb_decode.o
 .text.pb_decode_fixed64
                0x7010c31e       0x1a ./Middlewares/ST/AI/Validation/Src/pb_decode.o
                0x7010c31e                pb_decode_fixed64
 .text.pb_dec_fixed64
                0x7010c338        0x6 ./Middlewares/ST/AI/Validation/Src/pb_decode.o
 *fill*         0x7010c33e        0x2 
 .text.pb_check_proto3_default_value
                0x7010c340       0xa4 ./Middlewares/ST/AI/Validation/Src/pb_encode.o
 .text.pb_write
                0x7010c3e4       0x2a ./Middlewares/ST/AI/Validation/Src/pb_encode.o
                0x7010c3e4                pb_write
 .text.pb_encode_varint
                0x7010c40e       0x4e ./Middlewares/ST/AI/Validation/Src/pb_encode.o
                0x7010c40e                pb_encode_varint
 .text.pb_enc_uvarint
                0x7010c45c       0x30 ./Middlewares/ST/AI/Validation/Src/pb_encode.o
 .text.pb_enc_varint
                0x7010c48c       0x34 ./Middlewares/ST/AI/Validation/Src/pb_encode.o
 .text.pb_encode_svarint
                0x7010c4c0       0x12 ./Middlewares/ST/AI/Validation/Src/pb_encode.o
                0x7010c4c0                pb_encode_svarint
 .text.pb_enc_svarint
                0x7010c4d2       0x34 ./Middlewares/ST/AI/Validation/Src/pb_encode.o
 .text.pb_encode_fixed32
                0x7010c506       0x14 ./Middlewares/ST/AI/Validation/Src/pb_encode.o
                0x7010c506                pb_encode_fixed32
 .text.pb_enc_fixed32
                0x7010c51a        0x6 ./Middlewares/ST/AI/Validation/Src/pb_encode.o
 .text.pb_encode_fixed64
                0x7010c520       0x2a ./Middlewares/ST/AI/Validation/Src/pb_encode.o
                0x7010c520                pb_encode_fixed64
 .text.pb_enc_fixed64
                0x7010c54a        0x6 ./Middlewares/ST/AI/Validation/Src/pb_encode.o
 .text.pb_encode_tag
                0x7010c550       0x16 ./Middlewares/ST/AI/Validation/Src/pb_encode.o
                0x7010c550                pb_encode_tag
 .text.pb_encode_tag_for_field
                0x7010c566       0x32 ./Middlewares/ST/AI/Validation/Src/pb_encode.o
                0x7010c566                pb_encode_tag_for_field
 .text.encode_field
                0x7010c598      0x1bc ./Middlewares/ST/AI/Validation/Src/pb_encode.o
 .text.pb_encode
                0x7010c754       0x68 ./Middlewares/ST/AI/Validation/Src/pb_encode.o
                0x7010c754                pb_encode
 .text.pb_encode_string
                0x7010c7bc       0x20 ./Middlewares/ST/AI/Validation/Src/pb_encode.o
                0x7010c7bc                pb_encode_string
 .text.pb_enc_fixed_length_bytes
                0x7010c7dc        0xa ./Middlewares/ST/AI/Validation/Src/pb_encode.o
 .text.pb_enc_string
                0x7010c7e6       0x34 ./Middlewares/ST/AI/Validation/Src/pb_encode.o
 .text.pb_enc_bytes
                0x7010c81a       0x2c ./Middlewares/ST/AI/Validation/Src/pb_encode.o
 .text.pb_encode_submessage
                0x7010c846       0x82 ./Middlewares/ST/AI/Validation/Src/pb_encode.o
                0x7010c846                pb_encode_submessage
 .text.pb_enc_submessage
                0x7010c8c8        0xc ./Middlewares/ST/AI/Validation/Src/pb_encode.o
 .text.forward_conv2d_if32of32wf32_group
                0x7010c8d4      0x184 ../../../Middlewares/ST/AI/Lib/NetworkRuntime1201_CM55_GCC.a\NetworkRuntime1201_CM55_GCC.a(layers_conv2d_generic_float.o)
                0x7010c8d4                forward_conv2d_if32of32wf32_group
 .text.forward_eltwise
                0x7010ca58      0x250 ../../../Middlewares/ST/AI/Lib/NetworkRuntime1201_CM55_GCC.a\NetworkRuntime1201_CM55_GCC.a(layers_generic_float.o)
                0x7010ca58                forward_eltwise
 .text.forward_acos
                0x7010cca8       0x90 ../../../Middlewares/ST/AI/Lib/NetworkRuntime1201_CM55_GCC.a\NetworkRuntime1201_CM55_GCC.a(layers_nl_generic_float.o)
                0x7010cca8                forward_acos
 .text.forward_acosh
                0x7010cd38       0x90 ../../../Middlewares/ST/AI/Lib/NetworkRuntime1201_CM55_GCC.a\NetworkRuntime1201_CM55_GCC.a(layers_nl_generic_float.o)
                0x7010cd38                forward_acosh
 .text.forward_asin
                0x7010cdc8       0x90 ../../../Middlewares/ST/AI/Lib/NetworkRuntime1201_CM55_GCC.a\NetworkRuntime1201_CM55_GCC.a(layers_nl_generic_float.o)
                0x7010cdc8                forward_asin
 .text.forward_asinh
                0x7010ce58       0x90 ../../../Middlewares/ST/AI/Lib/NetworkRuntime1201_CM55_GCC.a\NetworkRuntime1201_CM55_GCC.a(layers_nl_generic_float.o)
                0x7010ce58                forward_asinh
 .text.forward_atan
                0x7010cee8       0x90 ../../../Middlewares/ST/AI/Lib/NetworkRuntime1201_CM55_GCC.a\NetworkRuntime1201_CM55_GCC.a(layers_nl_generic_float.o)
                0x7010cee8                forward_atan
 .text.forward_atanh
                0x7010cf78       0x90 ../../../Middlewares/ST/AI/Lib/NetworkRuntime1201_CM55_GCC.a\NetworkRuntime1201_CM55_GCC.a(layers_nl_generic_float.o)
                0x7010cf78                forward_atanh
 .text.forward_cos
                0x7010d008       0x90 ../../../Middlewares/ST/AI/Lib/NetworkRuntime1201_CM55_GCC.a\NetworkRuntime1201_CM55_GCC.a(layers_nl_generic_float.o)
                0x7010d008                forward_cos
 .text.forward_cosh
                0x7010d098       0x90 ../../../Middlewares/ST/AI/Lib/NetworkRuntime1201_CM55_GCC.a\NetworkRuntime1201_CM55_GCC.a(layers_nl_generic_float.o)
                0x7010d098                forward_cosh
 .text.forward_erf
                0x7010d128       0x90 ../../../Middlewares/ST/AI/Lib/NetworkRuntime1201_CM55_GCC.a\NetworkRuntime1201_CM55_GCC.a(layers_nl_generic_float.o)
                0x7010d128                forward_erf
 .text.forward_log
                0x7010d1b8       0x90 ../../../Middlewares/ST/AI/Lib/NetworkRuntime1201_CM55_GCC.a\NetworkRuntime1201_CM55_GCC.a(layers_nl_generic_float.o)
                0x7010d1b8                forward_log
 .text.forward_sin
                0x7010d248       0x90 ../../../Middlewares/ST/AI/Lib/NetworkRuntime1201_CM55_GCC.a\NetworkRuntime1201_CM55_GCC.a(layers_nl_generic_float.o)
                0x7010d248                forward_sin
 .text.forward_sinh
                0x7010d2d8       0x90 ../../../Middlewares/ST/AI/Lib/NetworkRuntime1201_CM55_GCC.a\NetworkRuntime1201_CM55_GCC.a(layers_nl_generic_float.o)
                0x7010d2d8                forward_sinh
 .text.forward_tan
                0x7010d368       0x90 ../../../Middlewares/ST/AI/Lib/NetworkRuntime1201_CM55_GCC.a\NetworkRuntime1201_CM55_GCC.a(layers_nl_generic_float.o)
                0x7010d368                forward_tan
 .text.forward_abs
                0x7010d3f8       0x90 ../../../Middlewares/ST/AI/Lib/NetworkRuntime1201_CM55_GCC.a\NetworkRuntime1201_CM55_GCC.a(layers_nl_generic_float.o)
                0x7010d3f8                forward_abs
 .text.forward_ceil
                0x7010d488       0x90 ../../../Middlewares/ST/AI/Lib/NetworkRuntime1201_CM55_GCC.a\NetworkRuntime1201_CM55_GCC.a(layers_nl_generic_float.o)
                0x7010d488                forward_ceil
 .text.forward_floor
                0x7010d518       0x90 ../../../Middlewares/ST/AI/Lib/NetworkRuntime1201_CM55_GCC.a\NetworkRuntime1201_CM55_GCC.a(layers_nl_generic_float.o)
                0x7010d518                forward_floor
 .text.forward_round
                0x7010d5a8       0x90 ../../../Middlewares/ST/AI/Lib/NetworkRuntime1201_CM55_GCC.a\NetworkRuntime1201_CM55_GCC.a(layers_nl_generic_float.o)
                0x7010d5a8                forward_round
 .text.forward_neg
                0x7010d638       0x90 ../../../Middlewares/ST/AI/Lib/NetworkRuntime1201_CM55_GCC.a\NetworkRuntime1201_CM55_GCC.a(layers_nl_generic_float.o)
                0x7010d638                forward_neg
 .text.forward_reciprocal
                0x7010d6c8       0x94 ../../../Middlewares/ST/AI/Lib/NetworkRuntime1201_CM55_GCC.a\NetworkRuntime1201_CM55_GCC.a(layers_nl_generic_float.o)
                0x7010d6c8                forward_reciprocal
 .text.forward_exp
                0x7010d75c       0x90 ../../../Middlewares/ST/AI/Lib/NetworkRuntime1201_CM55_GCC.a\NetworkRuntime1201_CM55_GCC.a(layers_nl_generic_float.o)
                0x7010d75c                forward_exp
 .text.forward_sigmoid
                0x7010d7ec       0xa8 ../../../Middlewares/ST/AI/Lib/NetworkRuntime1201_CM55_GCC.a\NetworkRuntime1201_CM55_GCC.a(layers_nl_generic_float.o)
                0x7010d7ec                forward_sigmoid
 .text.forward_swish
                0x7010d894       0xa8 ../../../Middlewares/ST/AI/Lib/NetworkRuntime1201_CM55_GCC.a\NetworkRuntime1201_CM55_GCC.a(layers_nl_generic_float.o)
                0x7010d894                forward_swish
 .text.forward_hard_swish
                0x7010d93c       0xc8 ../../../Middlewares/ST/AI/Lib/NetworkRuntime1201_CM55_GCC.a\NetworkRuntime1201_CM55_GCC.a(layers_nl_generic_float.o)
                0x7010d93c                forward_hard_swish
 .text.forward_sqrt
                0x7010da04       0x90 ../../../Middlewares/ST/AI/Lib/NetworkRuntime1201_CM55_GCC.a\NetworkRuntime1201_CM55_GCC.a(layers_nl_generic_float.o)
                0x7010da04                forward_sqrt
 .text.forward_soft_plus
                0x7010da94       0xa4 ../../../Middlewares/ST/AI/Lib/NetworkRuntime1201_CM55_GCC.a\NetworkRuntime1201_CM55_GCC.a(layers_nl_generic_float.o)
                0x7010da94                forward_soft_plus
 .text.forward_soft_sign
                0x7010db38       0x9c ../../../Middlewares/ST/AI/Lib/NetworkRuntime1201_CM55_GCC.a\NetworkRuntime1201_CM55_GCC.a(layers_nl_generic_float.o)
                0x7010db38                forward_soft_sign
 .text.forward_tanh
                0x7010dbd4       0x90 ../../../Middlewares/ST/AI/Lib/NetworkRuntime1201_CM55_GCC.a\NetworkRuntime1201_CM55_GCC.a(layers_nl_generic_float.o)
                0x7010dbd4                forward_tanh
 .text.forward_gelu
                0x7010dc64      0x128 ../../../Middlewares/ST/AI/Lib/NetworkRuntime1201_CM55_GCC.a\NetworkRuntime1201_CM55_GCC.a(layers_nl_generic_float.o)
                0x7010dc64                forward_gelu
 .text.forward_relu
                0x7010dd8c      0x168 ../../../Middlewares/ST/AI/Lib/NetworkRuntime1201_CM55_GCC.a\NetworkRuntime1201_CM55_GCC.a(layers_nl_generic_float.o)
                0x7010dd8c                forward_relu
 .text.forward_relu_thresholded
                0x7010def4       0xb0 ../../../Middlewares/ST/AI/Lib/NetworkRuntime1201_CM55_GCC.a\NetworkRuntime1201_CM55_GCC.a(layers_nl_generic_float.o)
                0x7010def4                forward_relu_thresholded
 .text.forward_hard_sigmoid
                0x7010dfa4       0xc4 ../../../Middlewares/ST/AI/Lib/NetworkRuntime1201_CM55_GCC.a\NetworkRuntime1201_CM55_GCC.a(layers_nl_generic_float.o)
                0x7010dfa4                forward_hard_sigmoid
 .text.forward_elu
                0x7010e068       0xcc ../../../Middlewares/ST/AI/Lib/NetworkRuntime1201_CM55_GCC.a\NetworkRuntime1201_CM55_GCC.a(layers_nl_generic_float.o)
                0x7010e068                forward_elu
 .text.forward_selu
                0x7010e134       0xd8 ../../../Middlewares/ST/AI/Lib/NetworkRuntime1201_CM55_GCC.a\NetworkRuntime1201_CM55_GCC.a(layers_nl_generic_float.o)
                0x7010e134                forward_selu
 .text.forward_prelu
                0x7010e20c       0x40 ../../../Middlewares/ST/AI/Lib/NetworkRuntime1201_CM55_GCC.a\NetworkRuntime1201_CM55_GCC.a(layers_nl_generic_float.o)
                0x7010e20c                forward_prelu
 .text.forward_clip
                0x7010e24c       0xb0 ../../../Middlewares/ST/AI/Lib/NetworkRuntime1201_CM55_GCC.a\NetworkRuntime1201_CM55_GCC.a(layers_nl_generic_float.o)
                0x7010e24c                forward_clip
 .text.forward_hardmax
                0x7010e2fc       0xc0 ../../../Middlewares/ST/AI/Lib/NetworkRuntime1201_CM55_GCC.a\NetworkRuntime1201_CM55_GCC.a(layers_nl_generic_float.o)
                0x7010e2fc                forward_hardmax
 .text.forward_lite_conv2d_if32of32wf32_group
                0x7010e3bc      0x3f0 ../../../Middlewares/ST/AI/Lib/NetworkRuntime1201_CM55_GCC.a\NetworkRuntime1201_CM55_GCC.a(forward_lite_conv2d_if32of32wf32.o)
                0x7010e3bc                forward_lite_conv2d_if32of32wf32_group
 .text.forward_lite_nl_prelu_if32of32_kernel
                0x7010e7ac       0xc4 ../../../Middlewares/ST/AI/Lib/NetworkRuntime1201_CM55_GCC.a\NetworkRuntime1201_CM55_GCC.a(lite_nl_relu_if32of32.o)
                0x7010e7ac                forward_lite_nl_prelu_if32of32_kernel
 .text.forward_lite_nl_relu_generic_if32of32_kernel
                0x7010e870      0x174 ../../../Middlewares/ST/AI/Lib/NetworkRuntime1201_CM55_GCC.a\NetworkRuntime1201_CM55_GCC.a(lite_nl_relu_if32of32.o)
                0x7010e870                forward_lite_nl_relu_generic_if32of32_kernel
 .text.lite_decompress_ilutof32
                0x7010e9e4       0xe0 ../../../Middlewares/ST/AI/Lib/NetworkRuntime1201_CM55_GCC.a\NetworkRuntime1201_CM55_GCC.a(lite_dense_if32.o)
                0x7010e9e4                lite_decompress_ilutof32
 .text.st_int8_fill
                0x7010eac4       0x94 ../../../Middlewares/ST/AI/Lib/NetworkRuntime1201_CM55_GCC.a\NetworkRuntime1201_CM55_GCC.a(st_int8_fill.o)
                0x7010eac4                st_int8_fill
 .text.ai_math_sqrt
                0x7010eb58       0x1c ../../../Middlewares/ST/AI/Lib/NetworkRuntime1201_CM55_GCC.a\NetworkRuntime1201_CM55_GCC.a(ai_math_helpers.o)
                0x7010eb58                ai_math_sqrt
 .text.ai_sum   0x7010eb74       0x14 ../../../Middlewares/ST/AI/Lib/NetworkRuntime1201_CM55_GCC.a\NetworkRuntime1201_CM55_GCC.a(ai_math_helpers.o)
                0x7010eb74                ai_sum
 .text.ai_sum_buffer
                0x7010eb88       0xe4 ../../../Middlewares/ST/AI/Lib/NetworkRuntime1201_CM55_GCC.a\NetworkRuntime1201_CM55_GCC.a(ai_math_helpers.o)
                0x7010eb88                ai_sum_buffer
 .text.ai_sub   0x7010ec6c       0x14 ../../../Middlewares/ST/AI/Lib/NetworkRuntime1201_CM55_GCC.a\NetworkRuntime1201_CM55_GCC.a(ai_math_helpers.o)
                0x7010ec6c                ai_sub
 .text.ai_sub_buffer
                0x7010ec80       0xe4 ../../../Middlewares/ST/AI/Lib/NetworkRuntime1201_CM55_GCC.a\NetworkRuntime1201_CM55_GCC.a(ai_math_helpers.o)
                0x7010ec80                ai_sub_buffer
 .text.ai_mul   0x7010ed64       0x14 ../../../Middlewares/ST/AI/Lib/NetworkRuntime1201_CM55_GCC.a\NetworkRuntime1201_CM55_GCC.a(ai_math_helpers.o)
                0x7010ed64                ai_mul
 .text.ai_mul_buffer
                0x7010ed78       0xe4 ../../../Middlewares/ST/AI/Lib/NetworkRuntime1201_CM55_GCC.a\NetworkRuntime1201_CM55_GCC.a(ai_math_helpers.o)
                0x7010ed78                ai_mul_buffer
 .text.ai_div   0x7010ee5c       0x14 ../../../Middlewares/ST/AI/Lib/NetworkRuntime1201_CM55_GCC.a\NetworkRuntime1201_CM55_GCC.a(ai_math_helpers.o)
                0x7010ee5c                ai_div
 .text.ai_div_buffer
                0x7010ee70       0x44 ../../../Middlewares/ST/AI/Lib/NetworkRuntime1201_CM55_GCC.a\NetworkRuntime1201_CM55_GCC.a(ai_math_helpers.o)
                0x7010ee70                ai_div_buffer
 .text.ai_floor_mod
                0x7010eeb4       0x18 ../../../Middlewares/ST/AI/Lib/NetworkRuntime1201_CM55_GCC.a\NetworkRuntime1201_CM55_GCC.a(ai_math_helpers.o)
                0x7010eeb4                ai_floor_mod
 .text.ai_floor_mod_buffer
                0x7010eecc       0x28 ../../../Middlewares/ST/AI/Lib/NetworkRuntime1201_CM55_GCC.a\NetworkRuntime1201_CM55_GCC.a(ai_math_helpers.o)
                0x7010eecc                ai_floor_mod_buffer
 .text.ai_max   0x7010eef4       0x14 ../../../Middlewares/ST/AI/Lib/NetworkRuntime1201_CM55_GCC.a\NetworkRuntime1201_CM55_GCC.a(ai_math_helpers.o)
                0x7010eef4                ai_max
 .text.ai_max_buffer
                0x7010ef08       0xe4 ../../../Middlewares/ST/AI/Lib/NetworkRuntime1201_CM55_GCC.a\NetworkRuntime1201_CM55_GCC.a(ai_math_helpers.o)
                0x7010ef08                ai_max_buffer
 .text.ai_min   0x7010efec       0x14 ../../../Middlewares/ST/AI/Lib/NetworkRuntime1201_CM55_GCC.a\NetworkRuntime1201_CM55_GCC.a(ai_math_helpers.o)
                0x7010efec                ai_min
 .text.ai_min_buffer
                0x7010f000       0xe4 ../../../Middlewares/ST/AI/Lib/NetworkRuntime1201_CM55_GCC.a\NetworkRuntime1201_CM55_GCC.a(ai_math_helpers.o)
                0x7010f000                ai_min_buffer
 .text.ai_pow   0x7010f0e4       0x18 ../../../Middlewares/ST/AI/Lib/NetworkRuntime1201_CM55_GCC.a\NetworkRuntime1201_CM55_GCC.a(ai_math_helpers.o)
                0x7010f0e4                ai_pow
 .text.ai_pow_buffer
                0x7010f0fc       0x28 ../../../Middlewares/ST/AI/Lib/NetworkRuntime1201_CM55_GCC.a\NetworkRuntime1201_CM55_GCC.a(ai_math_helpers.o)
                0x7010f0fc                ai_pow_buffer
 .text.ai_equal
                0x7010f124       0x1c ../../../Middlewares/ST/AI/Lib/NetworkRuntime1201_CM55_GCC.a\NetworkRuntime1201_CM55_GCC.a(ai_math_helpers.o)
                0x7010f124                ai_equal
 .text.ai_equal_buffer
                0x7010f140       0x34 ../../../Middlewares/ST/AI/Lib/NetworkRuntime1201_CM55_GCC.a\NetworkRuntime1201_CM55_GCC.a(ai_math_helpers.o)
                0x7010f140                ai_equal_buffer
 .text.ai_less_or_equal
                0x7010f174       0x1c ../../../Middlewares/ST/AI/Lib/NetworkRuntime1201_CM55_GCC.a\NetworkRuntime1201_CM55_GCC.a(ai_math_helpers.o)
                0x7010f174                ai_less_or_equal
 .text.ai_less_or_equal_buffer
                0x7010f190       0x34 ../../../Middlewares/ST/AI/Lib/NetworkRuntime1201_CM55_GCC.a\NetworkRuntime1201_CM55_GCC.a(ai_math_helpers.o)
                0x7010f190                ai_less_or_equal_buffer
 .text.ai_greater_or_equal
                0x7010f1c4       0x1c ../../../Middlewares/ST/AI/Lib/NetworkRuntime1201_CM55_GCC.a\NetworkRuntime1201_CM55_GCC.a(ai_math_helpers.o)
                0x7010f1c4                ai_greater_or_equal
 .text.ai_greater_or_equal_buffer
                0x7010f1e0       0x34 ../../../Middlewares/ST/AI/Lib/NetworkRuntime1201_CM55_GCC.a\NetworkRuntime1201_CM55_GCC.a(ai_math_helpers.o)
                0x7010f1e0                ai_greater_or_equal_buffer
 .text.ai_less  0x7010f214       0x1c ../../../Middlewares/ST/AI/Lib/NetworkRuntime1201_CM55_GCC.a\NetworkRuntime1201_CM55_GCC.a(ai_math_helpers.o)
                0x7010f214                ai_less
 .text.ai_less_buffer