../../../Middlewares/ST/AI/Npu/ll_aton_NN_interface.h:504:32:LL_Buffer_addr_start	0	static
../../../Drivers/CMSIS/Include/m-profile/armv8m_pmu.h:222:22:ARM_PMU_CYCCNT_Reset	0	static
C:/Users/workstation-uni/Documents/GitHub Repos/stm32/stm32_ai/sine_wave/.ai/run/run-2/Middlewares/ST/AI/Validation/Src/ai_wrapper_ATON_ST_AI.c:765:13:_rt_callback	40	static
C:/Users/workstation-uni/Documents/GitHub Repos/stm32/stm32_ai/sine_wave/.ai/run/run-2/Middlewares/ST/AI/Validation/Src/ai_wrapper_ATON_ST_AI.c:290:17:_get_used_size_from_region	32	static
C:/Users/workstation-uni/Documents/GitHub Repos/stm32/stm32_ai/sine_wave/.ai/run/run-2/Middlewares/ST/AI/Validation/Src/ai_wrapper_ATON_ST_AI.c:57:5:npu_cache_counters_enable	0	static
C:/Users/workstation-uni/Documents/GitHub Repos/stm32/stm32_ai/sine_wave/.ai/run/run-2/Middlewares/ST/AI/Validation/Src/ai_wrapper_ATON_ST_AI.c:67:5:npu_cache_counters_disable	0	static
C:/Users/workstation-uni/Documents/GitHub Repos/stm32/stm32_ai/sine_wave/.ai/run/run-2/Middlewares/ST/AI/Validation/Src/ai_wrapper_ATON_ST_AI.c:76:5:npu_cache_counters_get	4	static
C:/Users/workstation-uni/Documents/GitHub Repos/stm32/stm32_ai/sine_wave/.ai/run/run-2/Middlewares/ST/AI/Validation/Src/ai_wrapper_ATON_ST_AI.c:175:10:get_ll_buffer_size	0	static
C:/Users/workstation-uni/Documents/GitHub Repos/stm32/stm32_ai/sine_wave/.ai/run/run-2/Middlewares/ST/AI/Validation/Src/ai_wrapper_ATON_ST_AI.c:180:10:get_ll_element_size	0	static
C:/Users/workstation-uni/Documents/GitHub Repos/stm32/stm32_ai/sine_wave/.ai/run/run-2/Middlewares/ST/AI/Validation/Src/ai_wrapper_ATON_ST_AI.c:551:6:_dump_streng_counters	24	static
C:/Users/workstation-uni/Documents/GitHub Repos/stm32/stm32_ai/sine_wave/.ai/run/run-2/Middlewares/ST/AI/Validation/Src/ai_wrapper_ATON_ST_AI.c:785:13:_epoch_callback	64	static
C:/Users/workstation-uni/Documents/GitHub Repos/stm32/stm32_ai/sine_wave/.ai/run/run-2/Middlewares/ST/AI/Validation/Src/ai_wrapper_ATON_ST_AI.c:952:30:npu_get_input_buffers_info	8	static
C:/Users/workstation-uni/Documents/GitHub Repos/stm32/stm32_ai/sine_wave/.ai/run/run-2/Middlewares/ST/AI/Validation/Src/ai_wrapper_ATON_ST_AI.c:996:30:npu_get_output_buffers_info	8	static
C:/Users/workstation-uni/Documents/GitHub Repos/stm32/stm32_ai/sine_wave/.ai/run/run-2/Middlewares/ST/AI/Validation/Src/ai_wrapper_ATON_ST_AI.c:1040:30:npu_get_internal_buffers_info	0	static
C:/Users/workstation-uni/Documents/GitHub Repos/stm32/stm32_ai/sine_wave/.ai/run/run-2/Middlewares/ST/AI/Validation/Src/ai_wrapper_ATON_ST_AI.c:922:5:npu_get_instance_by_index	48	static
C:/Users/workstation-uni/Documents/GitHub Repos/stm32/stm32_ai/sine_wave/.ai/run/run-2/Middlewares/ST/AI/Validation/Src/ai_wrapper_ATON_ST_AI.c:1064:5:npu_set_callback	0	static
C:/Users/workstation-uni/Documents/GitHub Repos/stm32/stm32_ai/sine_wave/.ai/run/run-2/Middlewares/ST/AI/Validation/Src/ai_wrapper_ATON_ST_AI.c:1082:5:npu_init	16	static
C:/Users/workstation-uni/Documents/GitHub Repos/stm32/stm32_ai/sine_wave/.ai/run/run-2/Middlewares/ST/AI/Validation/Src/ai_wrapper_ATON_ST_AI.c:1125:5:npu_run	56	static,ignoring_inline_asm
