C:/Users/workstation-uni/Documents/GitHub Repos/stm32/stm32_ai/sine_wave/.ai/run/run-2/Middlewares/ST/AI/Validation/Src/aiValidation_ATON_ST_AI.c:854:17:_get_node_type	0	static
C:/Users/workstation-uni/Documents/GitHub Repos/stm32/stm32_ai/sine_wave/.ai/run/run-2/Middlewares/ST/AI/Validation/Src/aiValidation_ATON_ST_AI.c:191:13:_is_ll_buffer_valid	16	static
C:/Users/workstation-uni/Documents/GitHub Repos/stm32/stm32_ai/sine_wave/.ai/run/run-2/Middlewares/ST/AI/Validation/Src/aiValidation_ATON_ST_AI.c:237:13:encode_buffer_to_tensor_desc	24	static
C:/Users/workstation-uni/Documents/GitHub Repos/stm32/stm32_ai/sine_wave/.ai/run/run-2/Middlewares/ST/AI/Validation/Src/aiValidation_ATON_ST_AI.c:1069:6:aiPbCmdSysInfo	64	static
C:/Users/workstation-uni/Documents/GitHub Repos/stm32/stm32_ai/sine_wave/.ai/run/run-2/Middlewares/ST/AI/Validation/Src/aiValidation_ATON_ST_AI.c:532:29:aiExecCtx	32	static
../../../Middlewares/ST/AI/Npu/ll_aton_NN_interface.h:504:32:LL_Buffer_addr_start	0	static
C:/Users/workstation-uni/Documents/GitHub Repos/stm32/stm32_ai/sine_wave/.ai/run/run-2/Middlewares/ST/AI/Validation/Src/aiValidation_ATON_ST_AI.c:258:13:fill_tensor_desc_msg	24	static
C:/Users/workstation-uni/Documents/GitHub Repos/stm32/stm32_ai/sine_wave/.ai/run/run-2/Middlewares/ST/AI/Validation/Src/aiValidation_ATON_ST_AI.c:296:13:encode_ll_buffer_to_tensor_desc	8	static
C:/Users/workstation-uni/Documents/GitHub Repos/stm32/stm32_ai/sine_wave/.ai/run/run-2/Middlewares/ST/AI/Validation/Src/aiValidation_ATON_ST_AI.c:566:13:print_ll_io_buffer	72	static
C:/Users/workstation-uni/Documents/GitHub Repos/stm32/stm32_ai/sine_wave/.ai/run/run-2/Middlewares/ST/AI/Validation/Src/aiValidation_ATON_ST_AI.c:475:13:send_ai_io_tensor.constprop.isra	64	static
C:/Users/workstation-uni/Documents/GitHub Repos/stm32/stm32_ai/sine_wave/.ai/run/run-2/Middlewares/ST/AI/Validation/Src/aiValidation_ATON_ST_AI.c:154:6:_print_debug	20	static
C:/Users/workstation-uni/Documents/GitHub Repos/stm32/stm32_ai/sine_wave/.ai/run/run-2/Middlewares/ST/AI/Validation/Src/aiValidation_ATON_ST_AI.c:1115:6:aiPbCmdNNInfo	224	static
C:/Users/workstation-uni/Documents/GitHub Repos/stm32/stm32_ai/sine_wave/.ai/run/run-2/Middlewares/ST/AI/Validation/Src/aiValidation_ATON_ST_AI.c:1182:6:aiPbCmdNNRun	136	static
C:/Users/workstation-uni/Documents/GitHub Repos/stm32/stm32_ai/sine_wave/.ai/run/run-2/Middlewares/ST/AI/Validation/Src/aiValidation_ATON_ST_AI.c:678:9:_find_cdt_ll_buffers	32	static
C:/Users/workstation-uni/Documents/GitHub Repos/stm32/stm32_ai/sine_wave/.ai/run/run-2/Middlewares/ST/AI/Validation/Src/aiValidation_ATON_ST_AI.c:721:6:_log_counters	64	static
C:/Users/workstation-uni/Documents/GitHub Repos/stm32/stm32_ai/sine_wave/.ai/run/run-2/Middlewares/ST/AI/Validation/Src/aiValidation_ATON_ST_AI.c:913:6:npu_dump_tensors_cb	144	static
C:/Users/workstation-uni/Documents/GitHub Repos/stm32/stm32_ai/sine_wave/.ai/run/run-2/Middlewares/ST/AI/Validation/Src/aiValidation_ATON_ST_AI.c:1329:5:aiValidationInit	32	static
C:/Users/workstation-uni/Documents/GitHub Repos/stm32/stm32_ai/sine_wave/.ai/run/run-2/Middlewares/ST/AI/Validation/Src/aiValidation_ATON_ST_AI.c:1343:5:aiValidationProcess	56	static
C:/Users/workstation-uni/Documents/GitHub Repos/stm32/stm32_ai/sine_wave/.ai/run/run-2/Middlewares/ST/AI/Validation/Src/aiValidation_ATON_ST_AI.c:1397:6:aiValidationDeInit	16	static
