Archive member included to satisfy reference by file (symbol)

C:/ST/STM32CubeIDE_2.1.1/STM32CubeIDE/plugins/com.st.stm32cube.ide.mcu.externaltools.gnu-tools-for-stm32.14.3.rel1.win32_1.0.100.202602081740/tools/bin/../lib/gcc/arm-none-eabi/14.3.1/../../../../arm-none-eabi/lib/thumb/v8-m.main+dp/hard\libc_nano.a(libc_a-exit.o)
                              C:/ST/STM32CubeIDE_2.1.1/STM32CubeIDE/plugins/com.st.stm32cube.ide.mcu.externaltools.gnu-tools-for-stm32.14.3.rel1.win32_1.0.100.202602081740/tools/bin/../lib/gcc/arm-none-eabi/14.3.1/../../../../arm-none-eabi/lib/thumb/v8-m.main+dp/hard/crt0.o (exit)
C:/ST/STM32CubeIDE_2.1.1/STM32CubeIDE/plugins/com.st.stm32cube.ide.mcu.externaltools.gnu-tools-for-stm32.14.3.rel1.win32_1.0.100.202602081740/tools/bin/../lib/gcc/arm-none-eabi/14.3.1/../../../../arm-none-eabi/lib/thumb/v8-m.main+dp/hard\libc_nano.a(libc_a-findfp.o)
                              C:/ST/STM32CubeIDE_2.1.1/STM32CubeIDE/plugins/com.st.stm32cube.ide.mcu.externaltools.gnu-tools-for-stm32.14.3.rel1.win32_1.0.100.202602081740/tools/bin/../lib/gcc/arm-none-eabi/14.3.1/../../../../arm-none-eabi/lib/thumb/v8-m.main+dp/hard\libc_nano.a(libc_a-exit.o) (__stdio_exit_handler)
C:/ST/STM32CubeIDE_2.1.1/STM32CubeIDE/plugins/com.st.stm32cube.ide.mcu.externaltools.gnu-tools-for-stm32.14.3.rel1.win32_1.0.100.202602081740/tools/bin/../lib/gcc/arm-none-eabi/14.3.1/../../../../arm-none-eabi/lib/thumb/v8-m.main+dp/hard\libc_nano.a(libc_a-fwalk.o)
                              C:/ST/STM32CubeIDE_2.1.1/STM32CubeIDE/plugins/com.st.stm32cube.ide.mcu.externaltools.gnu-tools-for-stm32.14.3.rel1.win32_1.0.100.202602081740/tools/bin/../lib/gcc/arm-none-eabi/14.3.1/../../../../arm-none-eabi/lib/thumb/v8-m.main+dp/hard\libc_nano.a(libc_a-findfp.o) (_fwalk_sglue)
C:/ST/STM32CubeIDE_2.1.1/STM32CubeIDE/plugins/com.st.stm32cube.ide.mcu.externaltools.gnu-tools-for-stm32.14.3.rel1.win32_1.0.100.202602081740/tools/bin/../lib/gcc/arm-none-eabi/14.3.1/../../../../arm-none-eabi/lib/thumb/v8-m.main+dp/hard\libc_nano.a(libc_a-stdio.o)
                              C:/ST/STM32CubeIDE_2.1.1/STM32CubeIDE/plugins/com.st.stm32cube.ide.mcu.externaltools.gnu-tools-for-stm32.14.3.rel1.win32_1.0.100.202602081740/tools/bin/../lib/gcc/arm-none-eabi/14.3.1/../../../../arm-none-eabi/lib/thumb/v8-m.main+dp/hard\libc_nano.a(libc_a-findfp.o) (__sread)
C:/ST/STM32CubeIDE_2.1.1/STM32CubeIDE/plugins/com.st.stm32cube.ide.mcu.externaltools.gnu-tools-for-stm32.14.3.rel1.win32_1.0.100.202602081740/tools/bin/../lib/gcc/arm-none-eabi/14.3.1/../../../../arm-none-eabi/lib/thumb/v8-m.main+dp/hard\libc_nano.a(libc_a-memset.o)
                              C:/ST/STM32CubeIDE_2.1.1/STM32CubeIDE/plugins/com.st.stm32cube.ide.mcu.externaltools.gnu-tools-for-stm32.14.3.rel1.win32_1.0.100.202602081740/tools/bin/../lib/gcc/arm-none-eabi/14.3.1/../../../../arm-none-eabi/lib/thumb/v8-m.main+dp/hard/crt0.o (memset)
C:/ST/STM32CubeIDE_2.1.1/STM32CubeIDE/plugins/com.st.stm32cube.ide.mcu.externaltools.gnu-tools-for-stm32.14.3.rel1.win32_1.0.100.202602081740/tools/bin/../lib/gcc/arm-none-eabi/14.3.1/../../../../arm-none-eabi/lib/thumb/v8-m.main+dp/hard\libc_nano.a(libc_a-closer.o)
                              C:/ST/STM32CubeIDE_2.1.1/STM32CubeIDE/plugins/com.st.stm32cube.ide.mcu.externaltools.gnu-tools-for-stm32.14.3.rel1.win32_1.0.100.202602081740/tools/bin/../lib/gcc/arm-none-eabi/14.3.1/../../../../arm-none-eabi/lib/thumb/v8-m.main+dp/hard\libc_nano.a(libc_a-stdio.o) (_close_r)
C:/ST/STM32CubeIDE_2.1.1/STM32CubeIDE/plugins/com.st.stm32cube.ide.mcu.externaltools.gnu-tools-for-stm32.14.3.rel1.win32_1.0.100.202602081740/tools/bin/../lib/gcc/arm-none-eabi/14.3.1/../../../../arm-none-eabi/lib/thumb/v8-m.main+dp/hard\libc_nano.a(libc_a-reent.o)
                              C:/ST/STM32CubeIDE_2.1.1/STM32CubeIDE/plugins/com.st.stm32cube.ide.mcu.externaltools.gnu-tools-for-stm32.14.3.rel1.win32_1.0.100.202602081740/tools/bin/../lib/gcc/arm-none-eabi/14.3.1/../../../../arm-none-eabi/lib/thumb/v8-m.main+dp/hard\libc_nano.a(libc_a-closer.o) (errno)
C:/ST/STM32CubeIDE_2.1.1/STM32CubeIDE/plugins/com.st.stm32cube.ide.mcu.externaltools.gnu-tools-for-stm32.14.3.rel1.win32_1.0.100.202602081740/tools/bin/../lib/gcc/arm-none-eabi/14.3.1/../../../../arm-none-eabi/lib/thumb/v8-m.main+dp/hard\libc_nano.a(libc_a-impure.o)
                              C:/ST/STM32CubeIDE_2.1.1/STM32CubeIDE/plugins/com.st.stm32cube.ide.mcu.externaltools.gnu-tools-for-stm32.14.3.rel1.win32_1.0.100.202602081740/tools/bin/../lib/gcc/arm-none-eabi/14.3.1/../../../../arm-none-eabi/lib/thumb/v8-m.main+dp/hard\libc_nano.a(libc_a-reent.o) (_impure_ptr)
C:/ST/STM32CubeIDE_2.1.1/STM32CubeIDE/plugins/com.st.stm32cube.ide.mcu.externaltools.gnu-tools-for-stm32.14.3.rel1.win32_1.0.100.202602081740/tools/bin/../lib/gcc/arm-none-eabi/14.3.1/../../../../arm-none-eabi/lib/thumb/v8-m.main+dp/hard\libc_nano.a(libc_a-lseekr.o)
[...]
Memory Configuration

Name             Origin             Length             Attributes
ROM              0x34180400         0x0003fc00         xrw
RAM              0x341c0000         0x00040000         xrw
*default*        0x00000000         0xffffffff

Linker script and memory map

LOAD C:/ST/STM32CubeIDE_2.1.1/STM32CubeIDE/plugins/com.st.stm32cube.ide.mcu.externaltools.gnu-tools-for-stm32.14.3.rel1.win32_1.0.100.202602081740/tools/bin/../lib/gcc/arm-none-eabi/14.3.1/thumb/v8-m.main+dp/hard/crti.o
LOAD C:/ST/STM32CubeIDE_2.1.1/STM32CubeIDE/plugins/com.st.stm32cube.ide.mcu.externaltools.gnu-tools-for-stm32.14.3.rel1.win32_1.0.100.202602081740/tools/bin/../lib/gcc/arm-none-eabi/14.3.1/thumb/v8-m.main+dp/hard/crtbegin.o
LOAD C:/ST/STM32CubeIDE_2.1.1/STM32CubeIDE/plugins/com.st.stm32cube.ide.mcu.externaltools.gnu-tools-for-stm32.14.3.rel1.win32_1.0.100.202602081740/tools/bin/../lib/gcc/arm-none-eabi/14.3.1/../../../../arm-none-eabi/lib/thumb/v8-m.main+dp/hard/crt0.o
LOAD ./Application/User/Core/extmem_manager.o
LOAD ./Application/User/Core/main.o
LOAD ./Application/User/Core/stm32n6xx_hal_msp.o
LOAD ./Application/User/Core/stm32n6xx_it.o
LOAD ./Application/User/Core/syscalls.o
LOAD ./Application/User/Core/sysmem.o
LOAD ./Application/User/Startup/startup_stm32n657x0hxq_fsbl.o
LOAD ./Drivers/BSP/Components/aps256xx/aps256xx.o
LOAD ./Drivers/BSP/Components/mx66uw1g45g/mx66uw1g45g.o
LOAD ./Drivers/BSP/STM32N6570-DK/stm32n6570_discovery.o
LOAD ./Drivers/BSP/STM32N6570-DK/stm32n6570_discovery_xspi.o
LOAD ./Drivers/CMSIS/system_stm32n6xx_fsbl.o
LOAD ./Drivers/STM32N6xx_HAL_Driver/Src/stm32n6xx_hal_sdram.o
LOAD ./Drivers/STM32N6xx_HAL_Driver/stm32n6xx_hal.o
LOAD ./Drivers/STM32N6xx_HAL_Driver/stm32n6xx_hal_cortex.o
LOAD ./Drivers/STM32N6xx_HAL_Driver/stm32n6xx_hal_dma.o
LOAD ./Drivers/STM32N6xx_HAL_Driver/stm32n6xx_hal_dma_ex.o
LOAD ./Drivers/STM32N6xx_HAL_Driver/stm32n6xx_hal_exti.o
LOAD ./Drivers/STM32N6xx_HAL_Driver/stm32n6xx_hal_gpio.o
LOAD ./Drivers/STM32N6xx_HAL_Driver/stm32n6xx_hal_pwr.o
LOAD ./Drivers/STM32N6xx_HAL_Driver/stm32n6xx_hal_pwr_ex.o
LOAD ./Drivers/STM32N6xx_HAL_Driver/stm32n6xx_hal_rcc.o
LOAD ./Drivers/STM32N6xx_HAL_Driver/stm32n6xx_hal_rcc_ex.o
LOAD ./Drivers/STM32N6xx_HAL_Driver/stm32n6xx_hal_xspi.o
LOAD ./Middlewares/STM32_ExtMem_Manager/stm32_boot_xip.o
LOAD ./Middlewares/STM32_ExtMem_Manager/stm32_extmem.o
LOAD ./Middlewares/STM32_ExtMem_Manager/stm32_psram_driver.o
LOAD ./Middlewares/STM32_ExtMem_Manager/stm32_sal_sd.o
LOAD ./Middlewares/STM32_ExtMem_Manager/stm32_sal_xspi.o
LOAD ./Middlewares/STM32_ExtMem_Manager/stm32_sdcard_driver.o
LOAD ./Middlewares/STM32_ExtMem_Manager/stm32_sfdp_data.o
LOAD ./Middlewares/STM32_ExtMem_Manager/stm32_sfdp_driver.o
LOAD ./Middlewares/STM32_ExtMem_Manager/stm32_user_driver.o
START GROUP
LOAD C:/ST/STM32CubeIDE_2.1.1/STM32CubeIDE/plugins/com.st.stm32cube.ide.mcu.externaltools.gnu-tools-for-stm32.14.3.rel1.win32_1.0.100.202602081740/tools/bin/../lib/gcc/arm-none-eabi/14.3.1/../../../../arm-none-eabi/lib/thumb/v8-m.main+dp/hard\libc_nano.a
LOAD C:/ST/STM32CubeIDE_2.1.1/STM32CubeIDE/plugins/com.st.stm32cube.ide.mcu.externaltools.gnu-tools-for-stm32.14.3.rel1.win32_1.0.100.202602081740/tools/bin/../lib/gcc/arm-none-eabi/14.3.1/../../../../arm-none-eabi/lib/thumb/v8-m.main+dp/hard\libm.a
END GROUP
START GROUP
LOAD C:/ST/STM32CubeIDE_2.1.1/STM32CubeIDE/plugins/com.st.stm32cube.ide.mcu.externaltools.gnu-tools-for-stm32.14.3.rel1.win32_1.0.100.202602081740/tools/bin/../lib/gcc/arm-none-eabi/14.3.1/thumb/v8-m.main+dp/hard\libgcc.a
LOAD C:/ST/STM32CubeIDE_2.1.1/STM32CubeIDE/plugins/com.st.stm32cube.ide.mcu.externaltools.gnu-tools-for-stm32.14.3.rel1.win32_1.0.100.202602081740/tools/bin/../lib/gcc/arm-none-eabi/14.3.1/../../../../arm-none-eabi/lib/thumb/v8-m.main+dp/hard\libc_nano.a
END GROUP
START GROUP
LOAD C:/ST/STM32CubeIDE_2.1.1/STM32CubeIDE/plugins/com.st.stm32cube.ide.mcu.externaltools.gnu-tools-for-stm32.14.3.rel1.win32_1.0.100.202602081740/tools/bin/../lib/gcc/arm-none-eabi/14.3.1/thumb/v8-m.main+dp/hard\libgcc.a
LOAD C:/ST/STM32CubeIDE_2.1.1/STM32CubeIDE/plugins/com.st.stm32cube.ide.mcu.externaltools.gnu-tools-for-stm32.14.3.rel1.win32_1.0.100.202602081740/tools/bin/../lib/gcc/arm-none-eabi/14.3.1/../../../../arm-none-eabi/lib/thumb/v8-m.main+dp/hard\libc_nano.a
LOAD C:/ST/STM32CubeIDE_2.1.1/STM32CubeIDE/plugins/com.st.stm32cube.ide.mcu.externaltools.gnu-tools-for-stm32.14.3.rel1.win32_1.0.100.202602081740/tools/bin/../lib/gcc/arm-none-eabi/14.3.1/../../../../arm-none-eabi/lib/thumb/v8-m.main+dp/hard\libnosys.a
END GROUP
START GROUP
LOAD C:/ST/STM32CubeIDE_2.1.1/STM32CubeIDE/plugins/com.st.stm32cube.ide.mcu.externaltools.gnu-tools-for-stm32.14.3.rel1.win32_1.0.100.202602081740/tools/bin/../lib/gcc/arm-none-eabi/14.3.1/thumb/v8-m.main+dp/hard\libgcc.a
LOAD C:/ST/STM32CubeIDE_2.1.1/STM32CubeIDE/plugins/com.st.stm32cube.ide.mcu.externaltools.gnu-tools-for-stm32.14.3.rel1.win32_1.0.100.202602081740/tools/bin/../lib/gcc/arm-none-eabi/14.3.1/../../../../arm-none-eabi/lib/thumb/v8-m.main+dp/hard\libc_nano.a
LOAD C:/ST/STM32CubeIDE_2.1.1/STM32CubeIDE/plugins/com.st.stm32cube.ide.mcu.externaltools.gnu-tools-for-stm32.14.3.rel1.win32_1.0.100.202602081740/tools/bin/../lib/gcc/arm-none-eabi/14.3.1/../../../../arm-none-eabi/lib/thumb/v8-m.main+dp/hard\libnosys.a
END GROUP
LOAD C:/ST/STM32CubeIDE_2.1.1/STM32CubeIDE/plugins/com.st.stm32cube.ide.mcu.externaltools.gnu-tools-for-stm32.14.3.rel1.win32_1.0.100.202602081740/tools/bin/../lib/gcc/arm-none-eabi/14.3.1/thumb/v8-m.main+dp/hard/crtend.o
LOAD C:/ST/STM32CubeIDE_2.1.1/STM32CubeIDE/plugins/com.st.stm32cube.ide.mcu.externaltools.gnu-tools-for-stm32.14.3.rel1.win32_1.0.100.202602081740/tools/bin/../lib/gcc/arm-none-eabi/14.3.1/thumb/v8-m.main+dp/hard/crtn.o
                0x34200000                        _estack = (ORIGIN (RAM) + LENGTH (RAM))
                0x341ff800                        _sstack = (_estack - _Min_Stack_Size)
                0x00000200                        _Min_Heap_Size = 0x200
                0x00000800                        _Min_Stack_Size = 0x800

.isr_vector     0x34180400      0x34c
                0x34180400                        . = ALIGN (0x4)
 *(.isr_vector)
 .isr_vector    0x34180400      0x34c ./Application/User/Startup/startup_stm32n657x0hxq_fsbl.o
                0x34180400                g_pfnVectors
                0x3418074c                        . = ALIGN (0x4)

.text           0x3418074c     0x8544
                0x3418074c                        . = ALIGN (0x4)
 *(.text)
 .text          0x3418074c       0x40 C:/ST/STM32CubeIDE_2.1.1/STM32CubeIDE/plugins/com.st.stm32cube.ide.mcu.externaltools.gnu-tools-for-stm32.14.3.rel1.win32_1.0.100.202602081740/tools/bin/../lib/gcc/arm-none-eabi/14.3.1/thumb/v8-m.main+dp/hard/crtbegin.o
 *(.text*)
 .text.MX_EXTMEM_MANAGER_Init
                0x3418078c       0x34 ./Application/User/Core/extmem_manager.o
                0x3418078c                MX_EXTMEM_MANAGER_Init
 .text.LL_MEM_EnableClock
                0x341807c0       0x18 ./Application/User/Core/main.o
 .text.LL_AHB4_GRP1_EnableClock
                0x341807d8       0x18 ./Application/User/Core/main.o
 .text.SystemClock_Config
                0x341807f0      0x10e ./Application/User/Core/main.o
                0x341807f0                SystemClock_Config
 *fill*         0x341808fe        0x2 
 .text.startup.main
                0x34180900      0x3b4 ./Application/User/Core/main.o
                0x34180900                main
 .text.Error_Handler
                0x34180cb4        0x4 ./Application/User/Core/main.o
                0x34180cb4                Error_Handler
 .text.LL_AHB5_GRP1_EnableClock
                0x34180cb8       0x18 ./Application/User/Core/stm32n6xx_hal_msp.o
 .text.HAL_MspInit
                0x34180cd0       0x16 ./Application/User/Core/stm32n6xx_hal_msp.o
                0x34180cd0                HAL_MspInit
 *fill*         0x34180ce6        0x2 
 .text.HAL_XSPI_MspInit
                0x34180ce8      0x148 ./Application/User/Core/stm32n6xx_hal_msp.o
                0x34180ce8                HAL_XSPI_MspInit
 .text.NMI_Handler
                0x34180e30        0x2 ./Application/User/Core/stm32n6xx_it.o
                0x34180e30                NMI_Handler
 .text.HardFault_Handler
                0x34180e32        0x2 ./Application/User/Core/stm32n6xx_it.o
                0x34180e32                HardFault_Handler
 .text.MemManage_Handler
                0x34180e34        0x2 ./Application/User/Core/stm32n6xx_it.o
                0x34180e34                MemManage_Handler
 .text.BusFault_Handler
                0x34180e36        0x2 ./Application/User/Core/stm32n6xx_it.o
                0x34180e36                BusFault_Handler
 .text.UsageFault_Handler
                0x34180e38        0x2 ./Application/User/Core/stm32n6xx_it.o
                0x34180e38                UsageFault_Handler
 .text.SecureFault_Handler
                0x34180e3a        0x2 ./Application/User/Core/stm32n6xx_it.o
                0x34180e3a                SecureFault_Handler
 .text.SVC_Handler
                0x34180e3c        0x2 ./Application/User/Core/stm32n6xx_it.o
                0x34180e3c                SVC_Handler
 .text.DebugMon_Handler
                0x34180e3e        0x2 ./Application/User/Core/stm32n6xx_it.o
                0x34180e3e                DebugMon_Handler
 .text.PendSV_Handler
                0x34180e40        0x2 ./Application/User/Core/stm32n6xx_it.o
                0x34180e40                PendSV_Handler
 .text.SysTick_Handler
                0x34180e42        0x4 ./Application/User/Core/stm32n6xx_it.o
                0x34180e42                SysTick_Handler
 *fill*         0x34180e46        0x2 
 .text.Reset_Handler
                0x34180e48       0x5c ./Application/User/Startup/startup_stm32n657x0hxq_fsbl.o
                0x34180e48                Reset_Handler
 .text.Default_Handler
                0x34180ea4        0x2 ./Application/User/Startup/startup_stm32n657x0hxq_fsbl.o
                0x34180ea4                HPDMA1_Channel13_IRQHandler
                0x34180ea4                EXTI2_IRQHandler
                0x34180ea4                MCE2_IRQHandler
                0x34180ea4                TIM8_CC_IRQHandler
                0x34180ea4                USB2_OTG_HS_IRQHandler
                0x34180ea4                SAI1_A_IRQHandler
                0x34180ea4                EXTI5_IRQHandler
                0x34180ea4                I3C1_ER_IRQHandler
                0x34180ea4                UART8_IRQHandler
                0x34180ea4                CTI_INT0_IRQHandler
                0x34180ea4                SPI4_IRQHandler
                0x34180ea4                LTDC_LO_IRQHandler
                0x34180ea4                NPU2_IRQHandler
                0x34180ea4                FDCAN3_IT0_IRQHandler
                0x34180ea4                EXTI13_IRQHandler
                0x34180ea4                TIM1_CC_IRQHandler
                0x34180ea4                XSPI1_IRQHandler
                0x34180ea4                TIM10_IRQHandler
                0x34180ea4                JPEG_IRQHandler
                0x34180ea4                TAMP_IRQHandler
                0x34180ea4                CACHE_ECC_IRQHandler
                0x34180ea4                TIM6_IRQHandler
                0x34180ea4                CSI_IRQHandler
                0x34180ea4                EXTI12_IRQHandler
                0x34180ea4                GFXTIM_IRQHandler
                0x34180ea4                EXTI3_IRQHandler
                0x34180ea4                LPTIM4_IRQHandler
                0x34180ea4                GPDMA1_Channel5_IRQHandler
                0x34180ea4                EXTI8_IRQHandler
                0x34180ea4                LPTIM2_IRQHandler
                0x34180ea4                GFXMMU_IRQHandler
                0x34180ea4                LTDC_LO_ERR_IRQHandler
                0x34180ea4                I2C3_ER_IRQHandler
                0x34180ea4                RIFSC_TAMPER_IRQHandler
                0x34180ea4                USART10_IRQHandler
                0x34180ea4                MDF1_FLT2_IRQHandler
                0x34180ea4                LPTIM3_IRQHandler
                0x34180ea4                SAI2_A_IRQHandler
                0x34180ea4                EXTI0_IRQHandler
                0x34180ea4                HPDMA1_Channel9_IRQHandler
                0x34180ea4                I2C2_EV_IRQHandler
                0x34180ea4                GPU2D_IRQHandler
                0x34180ea4                FPU_IRQHandler
                0x34180ea4                GPDMA1_Channel3_IRQHandler
                0x34180ea4                GPDMA1_Channel7_IRQHandler
                0x34180ea4                MDF1_FLT4_IRQHandler
                0x34180ea4                FDCAN1_IT1_IRQHandler
                0x34180ea4                HPDMA1_Channel3_IRQHandler
                0x34180ea4                ADC1_2_IRQHandler
                0x34180ea4                GPDMA1_Channel9_IRQHandler
                0x34180ea4                SPI1_IRQHandler
                0x34180ea4                CACHEAXI_IRQHandler
                0x34180ea4                SAI1_B_IRQHandler
                0x34180ea4                GPDMA1_Channel2_IRQHandler
                0x34180ea4                PAHB_ERR_IRQHandler
                0x34180ea4                TIM8_UP_IRQHandler
                0x34180ea4                RCC_S_IRQHandler
                0x34180ea4                MDF1_FLT1_IRQHandler
                0x34180ea4                LTDC_UP_IRQHandler
                0x34180ea4                LOCKUP_IRQHandler
                0x34180ea4                PKA_IRQHandler
                0x34180ea4                USART6_IRQHandler
                0x34180ea4                HPDMA1_Channel2_IRQHandler
                0x34180ea4                MDF1_FLT5_IRQHandler
                0x34180ea4                MCE4_IRQHandler
                0x34180ea4                I3C2_ER_IRQHandler
                0x34180ea4                EXTI15_IRQHandler
                0x34180ea4                TIM17_IRQHandler
                0x34180ea4                USART3_IRQHandler
                0x34180ea4                HPDMA1_Channel6_IRQHandler
                0x34180ea4                CRYP_IRQHandler
                0x34180ea4                RTC_IRQHandler
                0x34180ea4                XSPI2_IRQHandler
                0x34180ea4                EXTI9_IRQHandler
                0x34180ea4                IAC_IRQHandler
                0x34180ea4                HPDMA1_Channel0_IRQHandler
                0x34180ea4                LPTIM5_IRQHandler
                0x34180ea4                HPDMA1_Channel1_IRQHandler
                0x34180ea4                UART5_IRQHandler
                0x34180ea4                TIM4_IRQHandler
                0x34180ea4                NPU3_IRQHandler
                0x34180ea4                I3C2_EV_IRQHandler
                0x34180ea4                I2C1_EV_IRQHandler
                0x34180ea4                FDCAN_CU_IRQHandler
                0x34180ea4                GPDMA1_Channel12_IRQHandler
                0x34180ea4                HPDMA1_Channel7_IRQHandler
                0x34180ea4                GPDMA1_Channel1_IRQHandler
                0x34180ea4                TIM16_IRQHandler
                0x34180ea4                GPDMA1_Channel15_IRQHandler
                0x34180ea4                UART4_IRQHandler
                0x34180ea4                TCM_ECC_IRQHandler
                0x34180ea4                TIM3_IRQHandler
                0x34180ea4                RCC_IRQHandler
                0x34180ea4                UART9_IRQHandler
                0x34180ea4                NPU1_IRQHandler
                0x34180ea4                SAI2_B_IRQHandler
                0x34180ea4                Default_Handler
                0x34180ea4                GPDMA1_Channel8_IRQHandler
                0x34180ea4                HPDMA1_Channel8_IRQHandler
                0x34180ea4                TIM18_IRQHandler
                0x34180ea4                TIM14_IRQHandler
                0x34180ea4                TIM13_IRQHandler
                0x34180ea4                CTI_INT1_IRQHandler
                0x34180ea4                GPDMA1_Channel11_IRQHandler
                0x34180ea4                GPU2D_ER_IRQHandler
                0x34180ea4                SPI5_IRQHandler
                0x34180ea4                TIM12_IRQHandler
                0x34180ea4                TIM7_IRQHandler
                0x34180ea4                FDCAN3_IT1_IRQHandler
                0x34180ea4                HPDMA1_Channel10_IRQHandler
                0x34180ea4                SDMMC1_IRQHandler
                0x34180ea4                SAES_IRQHandler
                0x34180ea4                TIM5_IRQHandler
                0x34180ea4                UCPD1_IRQHandler
                0x34180ea4                GPDMA1_Channel0_IRQHandler
                0x34180ea4                I3C1_EV_IRQHandler
                0x34180ea4                HPDMA1_Channel5_IRQHandler
                0x34180ea4                TIM15_IRQHandler
                0x34180ea4                I2C3_EV_IRQHandler
                0x34180ea4                HPDMA1_Channel4_IRQHandler
                0x34180ea4                HPDMA1_Channel15_IRQHandler
                0x34180ea4                TIM9_IRQHandler
                0x34180ea4                ETH1_IRQHandler
                0x34180ea4                USB1_OTG_HS_IRQHandler
                0x34180ea4                PVD_PVM_IRQHandler
                0x34180ea4                SPI2_IRQHandler
                0x34180ea4                TIM1_TRG_CCU_IRQHandler
                0x34180ea4                HPDMA1_Channel11_IRQHandler
                0x34180ea4                EXTI14_IRQHandler
                0x34180ea4                EXTI11_IRQHandler
                0x34180ea4                VENC_IRQHandler
                0x34180ea4                GPDMA1_Channel14_IRQHandler
                0x34180ea4                EXTI4_IRQHandler
                0x34180ea4                RTC_S_IRQHandler
                0x34180ea4                GPDMA1_Channel13_IRQHandler
                0x34180ea4                RNG_IRQHandler
                0x34180ea4                XSPI3_IRQHandler
                0x34180ea4                FDCAN2_IT1_IRQHandler
                0x34180ea4                TIM1_UP_IRQHandler
                0x34180ea4                NPU0_IRQHandler
                0x34180ea4                BCK_ECC_IRQHandler
                0x34180ea4                WWDG_IRQHandler
                0x34180ea4                SPI6_IRQHandler
                0x34180ea4                MDIOS_IRQHandler
                0x34180ea4                I2C4_EV_IRQHandler
                0x34180ea4                FDCAN2_IT0_IRQHandler
                0x34180ea4                IWDG_IRQHandler
                0x34180ea4                HPDMA1_Channel14_IRQHandler
                0x34180ea4                LPUART1_IRQHandler
                0x34180ea4                FDCAN1_IT0_IRQHandler
                0x34180ea4                MDF1_FLT0_IRQHandler
                0x34180ea4                TIM2_IRQHandler
                0x34180ea4                MCE3_IRQHandler
                0x34180ea4                GPDMA1_Channel4_IRQHandler
                0x34180ea4                EXTI7_IRQHandler
                0x34180ea4                DMA2D_IRQHandler
                0x34180ea4                TIM1_BRK_IRQHandler
                0x34180ea4                EXTI1_IRQHandler
                0x34180ea4                SDMMC2_IRQHandler
                0x34180ea4                TIM11_IRQHandler
                0x34180ea4                LTDC_UP_ERR_IRQHandler
                0x34180ea4                UART7_IRQHandler
                0x34180ea4                DTS_IRQHandler
                0x34180ea4                MDF1_FLT3_IRQHandler
                0x34180ea4                USART2_IRQHandler
                0x34180ea4                GPDMA1_Channel6_IRQHandler
                0x34180ea4                ADF1_FLT0_IRQHandler
                0x34180ea4                I2C2_ER_IRQHandler
                0x34180ea4                MCE1_IRQHandler
                0x34180ea4                SPDIFRX_IRQHandler
                0x34180ea4                TIM8_BRK_IRQHandler
                0x34180ea4                HPDMA1_Channel12_IRQHandler
                0x34180ea4                USART1_IRQHandler
                0x34180ea4                EXTI10_IRQHandler
                0x34180ea4                SPI3_IRQHandler
                0x34180ea4                WAKEUP_PIN_IRQHandler
                0x34180ea4                DCMIPP_IRQHandler
                0x34180ea4                I2C1_ER_IRQHandler
                0x34180ea4                FMC_IRQHandler
                0x34180ea4                EXTI6_IRQHandler
                0x34180ea4                LPTIM1_IRQHandler
                0x34180ea4                DCMI_PSSI_IRQHandler
                0x34180ea4                TIM8_TRG_CCU_IRQHandler
                0x34180ea4                I2C4_ER_IRQHandler
                0x34180ea4                GPDMA1_Channel10_IRQHandler
                0x34180ea4                ICACHE_IRQHandler
                0x34180ea4                HASH_IRQHandler
 .text.APS256XX_EnableMemoryMappedMode
                0x34180ea6       0xb6 ./Drivers/BSP/Components/aps256xx/aps256xx.o
                0x34180ea6                APS256XX_EnableMemoryMappedMode
 .text.APS256XX_WriteReg
                0x34180f5c       0x70 ./Drivers/BSP/Components/aps256xx/aps256xx.o
                0x34180f5c                APS256XX_WriteReg
 .text.MX66UW1G45G_GetFlashInfo
                0x34180fcc       0x32 ./Drivers/BSP/Components/mx66uw1g45g/mx66uw1g45g.o
                0x34180fcc                MX66UW1G45G_GetFlashInfo
 .text.MX66UW1G45G_AutoPollingMemReady
                0x34180ffe       0xdc ./Drivers/BSP/Components/mx66uw1g45g/mx66uw1g45g.o
                0x34180ffe                MX66UW1G45G_AutoPollingMemReady
 .text.MX66UW1G45G_EnableSTRMemoryMappedMode
                0x341810da       0xca ./Drivers/BSP/Components/mx66uw1g45g/mx66uw1g45g.o
                0x341810da                MX66UW1G45G_EnableSTRMemoryMappedMode
 .text.MX66UW1G45G_EnableDTRMemoryMappedMode
                0x341811a4       0xa0 ./Drivers/BSP/Components/mx66uw1g45g/mx66uw1g45g.o
                0x341811a4                MX66UW1G45G_EnableDTRMemoryMappedMode
 .text.MX66UW1G45G_WriteEnable
                0x34181244      0x110 ./Drivers/BSP/Components/mx66uw1g45g/mx66uw1g45g.o
                0x34181244                MX66UW1G45G_WriteEnable
 .text.MX66UW1G45G_ReadStatusRegister
                0x34181354       0xc0 ./Drivers/BSP/Components/mx66uw1g45g/mx66uw1g45g.o
                0x34181354                MX66UW1G45G_ReadStatusRegister
 .text.MX66UW1G45G_WriteCfg2Register
                0x34181414       0xb0 ./Drivers/BSP/Components/mx66uw1g45g/mx66uw1g45g.o
                0x34181414                MX66UW1G45G_WriteCfg2Register
 .text.MX66UW1G45G_ReadCfg2Register
                0x341814c4       0xc4 ./Drivers/BSP/Components/mx66uw1g45g/mx66uw1g45g.o
                0x341814c4                MX66UW1G45G_ReadCfg2Register
 .text.MX66UW1G45G_ResetEnable
                0x34181588       0x5a ./Drivers/BSP/Components/mx66uw1g45g/mx66uw1g45g.o
                0x34181588                MX66UW1G45G_ResetEnable
 .text.MX66UW1G45G_ResetMemory
                0x341815e2       0x5c ./Drivers/BSP/Components/mx66uw1g45g/mx66uw1g45g.o
                0x341815e2                MX66UW1G45G_ResetMemory
 *fill*         0x3418163e        0x2 
 .text.LL_AHB4_GRP1_EnableClock
                0x34181640       0x18 ./Drivers/BSP/STM32N6570-DK/stm32n6570_discovery_xspi.o
 .text.XSPI_NOR_EnterSOPIMode.constprop.0
                0x34181658       0x8c ./Drivers/BSP/STM32N6570-DK/stm32n6570_discovery_xspi.o
 .text.XSPI_NOR_EnterDOPIMode.constprop.0
                0x341816e4       0x88 ./Drivers/BSP/STM32N6570-DK/stm32n6570_discovery_xspi.o
 .text.MX_XSPI_NOR_Init
                0x3418176c       0x44 ./Drivers/BSP/STM32N6570-DK/stm32n6570_discovery_xspi.o
                0x3418176c                MX_XSPI_NOR_Init
 .text.BSP_XSPI_NOR_EnableMemoryMappedMode
                0x341817b0       0x44 ./Drivers/BSP/STM32N6570-DK/stm32n6570_discovery_xspi.o
                0x341817b0                BSP_XSPI_NOR_EnableMemoryMappedMode
 .text.BSP_XSPI_NOR_ConfigFlash
                0x341817f4       0xdc ./Drivers/BSP/STM32N6570-DK/stm32n6570_discovery_xspi.o
                0x341817f4                BSP_XSPI_NOR_ConfigFlash
 .text.BSP_XSPI_NOR_Init
                0x341818d0      0x220 ./Drivers/BSP/STM32N6570-DK/stm32n6570_discovery_xspi.o
                0x341818d0                BSP_XSPI_NOR_Init
 .text.MX_XSPI_RAM_Init
                0x34181af0       0x68 ./Drivers/BSP/STM32N6570-DK/stm32n6570_discovery_xspi.o
                0x34181af0                MX_XSPI_RAM_Init
 .text.BSP_XSPI_RAM_Init
                0x34181b58      0x248 ./Drivers/BSP/STM32N6570-DK/stm32n6570_discovery_xspi.o
                0x34181b58                BSP_XSPI_RAM_Init
 .text.BSP_XSPI_RAM_EnableMemoryMappedMode
                0x34181da0       0x28 ./Drivers/BSP/STM32N6570-DK/stm32n6570_discovery_xspi.o
                0x34181da0                BSP_XSPI_RAM_EnableMemoryMappedMode
 .text.SystemInit
                0x34181dc8      0x154 ./Drivers/CMSIS/system_stm32n6xx_fsbl.o
                0x34181dc8                SystemInit
 .text.SystemCoreClockUpdate
                0x34181f1c      0x1dc ./Drivers/CMSIS/system_stm32n6xx_fsbl.o
                0x34181f1c                SystemCoreClockUpdate
 .text.SECURE_SystemCoreClockUpdate
                0x341820f8       0x24 ./Drivers/CMSIS/system_stm32n6xx_fsbl.o
                0x341820f8                __acle_se_SECURE_SystemCoreClockUpdate
 .text.HAL_InitTick
                0x3418211c       0x4c ./Drivers/STM32N6xx_HAL_Driver/stm32n6xx_hal.o
                0x3418211c                HAL_InitTick
 .text.HAL_Init
                0x34182168       0x22 ./Drivers/STM32N6xx_HAL_Driver/stm32n6xx_hal.o
                0x34182168                HAL_Init
 *fill*         0x3418218a        0x2 
 .text.HAL_IncTick
                0x3418218c       0x18 ./Drivers/STM32N6xx_HAL_Driver/stm32n6xx_hal.o
                0x3418218c                HAL_IncTick
 .text.HAL_GetTick
                0x341821a4        0xc ./Drivers/STM32N6xx_HAL_Driver/stm32n6xx_hal.o
                0x341821a4                HAL_GetTick
 .text.HAL_Delay
                0x341821b0       0x24 ./Drivers/STM32N6xx_HAL_Driver/stm32n6xx_hal.o
                0x341821b0                HAL_Delay
 .text.HAL_SuspendTick
                0x341821d4        0xe ./Drivers/STM32N6xx_HAL_Driver/stm32n6xx_hal.o
                0x341821d4                HAL_SuspendTick
 *fill*         0x341821e2        0x2 
 .text.HAL_NVIC_SetPriorityGrouping
                0x341821e4       0x24 ./Drivers/STM32N6xx_HAL_Driver/stm32n6xx_hal_cortex.o
                0x341821e4                HAL_NVIC_SetPriorityGrouping
 .text.HAL_NVIC_SetPriority
                0x34182208       0x60 ./Drivers/STM32N6xx_HAL_Driver/stm32n6xx_hal_cortex.o
                0x34182208                HAL_NVIC_SetPriority
 .text.HAL_SYSTICK_Config
                0x34182268       0x28 ./Drivers/STM32N6xx_HAL_Driver/stm32n6xx_hal_cortex.o
                0x34182268                HAL_SYSTICK_Config
 .text.HAL_DMA_Abort
                0x34182290       0x94 ./Drivers/STM32N6xx_HAL_Driver/stm32n6xx_hal_dma.o
                0x34182290                HAL_DMA_Abort
 .text.HAL_EXTI_ConfigLineAttributes
                0x34182324       0x4c ./Drivers/STM32N6xx_HAL_Driver/stm32n6xx_hal_exti.o
                0x34182324                HAL_EXTI_ConfigLineAttributes
 .text.HAL_GPIO_Init
                0x34182370      0x1c8 ./Drivers/STM32N6xx_HAL_Driver/stm32n6xx_hal_gpio.o
                0x34182370                HAL_GPIO_Init
 .text.HAL_GPIO_WritePin
                0x34182538        0xa ./Drivers/STM32N6xx_HAL_Driver/stm32n6xx_hal_gpio.o
                0x34182538                HAL_GPIO_WritePin
 *fill*         0x34182542        0x2 
 .text.HAL_PWREx_ConfigSupply
                0x34182544       0x34 ./Drivers/STM32N6xx_HAL_Driver/stm32n6xx_hal_pwr_ex.o
                0x34182544                HAL_PWREx_ConfigSupply
 .text.HAL_PWREx_ControlVoltageScaling
                0x34182578       0x34 ./Drivers/STM32N6xx_HAL_Driver/stm32n6xx_hal_pwr_ex.o
                0x34182578                HAL_PWREx_ControlVoltageScaling
 .text.HAL_PWREx_ConfigVddIORange
                0x341825ac       0x60 ./Drivers/STM32N6xx_HAL_Driver/stm32n6xx_hal_pwr_ex.o
                0x341825ac                HAL_PWREx_ConfigVddIORange
 .text.HAL_PWREx_EnableVddIO2
                0x3418260c       0x10 ./Drivers/STM32N6xx_HAL_Driver/stm32n6xx_hal_pwr_ex.o
                0x3418260c                HAL_PWREx_EnableVddIO2
 .text.HAL_PWREx_EnableVddIO3
                0x3418261c       0x10 ./Drivers/STM32N6xx_HAL_Driver/stm32n6xx_hal_pwr_ex.o
                0x3418261c                HAL_PWREx_EnableVddIO3
 .text.HAL_PWREx_EnableVddIO4
                0x3418262c       0x10 ./Drivers/STM32N6xx_HAL_Driver/stm32n6xx_hal_pwr_ex.o
                0x3418262c                HAL_PWREx_EnableVddIO4
 .text.HAL_PWREx_EnableVddIO5
                0x3418263c       0x10 ./Drivers/STM32N6xx_HAL_Driver/stm32n6xx_hal_pwr_ex.o
                0x3418263c                HAL_PWREx_EnableVddIO5
 .text.LL_RCC_HSI_IsReady
                0x3418264c       0x10 ./Drivers/STM32N6xx_HAL_Driver/stm32n6xx_hal_rcc.o
 .text.LL_RCC_MSI_IsReady
                0x3418265c       0x10 ./Drivers/STM32N6xx_HAL_Driver/stm32n6xx_hal_rcc.o
 .text.LL_RCC_PLL1_IsReady
                0x3418266c       0x10 ./Drivers/STM32N6xx_HAL_Driver/stm32n6xx_hal_rcc.o
 .text.RCC_PLL_IsNewConfig
                0x3418267c       0x84 ./Drivers/STM32N6xx_HAL_Driver/stm32n6xx_hal_rcc.o
 .text.RCC_PLL_Config
                0x34182700      0x198 ./Drivers/STM32N6xx_HAL_Driver/stm32n6xx_hal_rcc.o
 .text.RCC_PLL_Enable
                0x34182898       0x30 ./Drivers/STM32N6xx_HAL_Driver/stm32n6xx_hal_rcc.o
 .text.RCC_GetSysClockFreq
                0x341828c8       0x80 ./Drivers/STM32N6xx_HAL_Driver/stm32n6xx_hal_rcc.o
 .text.RCC_IC_CheckPLLSources
                0x34182948       0xb4 ./Drivers/STM32N6xx_HAL_Driver/stm32n6xx_hal_rcc.o
 .text.HAL_RCC_OscConfig
                0x341829fc      0x590 ./Drivers/STM32N6xx_HAL_Driver/stm32n6xx_hal_rcc.o
                0x341829fc                HAL_RCC_OscConfig
 .text.HAL_RCC_GetCpuClockFreq
                0x34182f8c       0x90 ./Drivers/STM32N6xx_HAL_Driver/stm32n6xx_hal_rcc.o
                0x34182f8c                HAL_RCC_GetCpuClockFreq
 .text.HAL_RCC_ClockConfig
                0x3418301c      0x2b8 ./Drivers/STM32N6xx_HAL_Driver/stm32n6xx_hal_rcc.o
                0x3418301c                HAL_RCC_ClockConfig
 .text.HAL_RCC_GetSysClockFreq
                0x341832d4       0x1c ./Drivers/STM32N6xx_HAL_Driver/stm32n6xx_hal_rcc.o
                0x341832d4                HAL_RCC_GetSysClockFreq
 .text.HAL_RCC_GetClockConfig
                0x341832f0       0x84 ./Drivers/STM32N6xx_HAL_Driver/stm32n6xx_hal_rcc.o
                0x341832f0                HAL_RCC_GetClockConfig
 .text.LL_RCC_HSE_SelectHSEAsDiv2Clock
                0x34183374       0x10 ./Drivers/STM32N6xx_HAL_Driver/stm32n6xx_hal_rcc_ex.o
 .text.LL_RCC_HSE_SelectHSEDiv2AsDiv2Clock
                0x34183384       0x10 ./Drivers/STM32N6xx_HAL_Driver/stm32n6xx_hal_rcc_ex.o
 .text.LL_RCC_HSE_IsSelectedHSEDiv2AsDiv2Clock
                0x34183394       0x10 ./Drivers/STM32N6xx_HAL_Driver/stm32n6xx_hal_rcc_ex.o
 .text.LL_RCC_HSE_IsReady
                0x341833a4       0x10 ./Drivers/STM32N6xx_HAL_Driver/stm32n6xx_hal_rcc_ex.o
 .text.LL_RCC_HSI_IsReady
                0x341833b4       0x10 ./Drivers/STM32N6xx_HAL_Driver/stm32n6xx_hal_rcc_ex.o
 .text.LL_RCC_MSI_IsReady
                0x341833c4       0x10 ./Drivers/STM32N6xx_HAL_Driver/stm32n6xx_hal_rcc_ex.o
 .text.LL_RCC_LSE_IsReady
                0x341833d4       0x10 ./Drivers/STM32N6xx_HAL_Driver/stm32n6xx_hal_rcc_ex.o
 .text.LL_RCC_SetClockSource
                0x341833e4       0x24 ./Drivers/STM32N6xx_HAL_Driver/stm32n6xx_hal_rcc_ex.o
 .text.LL_RCC_GetClockSource
                0x34183408       0x1c ./Drivers/STM32N6xx_HAL_Driver/stm32n6xx_hal_rcc_ex.o
 .text.LL_RCC_IC7_IsEnabled
                0x34183424       0x10 ./Drivers/STM32N6xx_HAL_Driver/stm32n6xx_hal_rcc_ex.o
 .text.LL_RCC_IC7_GetDivider
                0x34183434       0x14 ./Drivers/STM32N6xx_HAL_Driver/stm32n6xx_hal_rcc_ex.o
 .text.LL_RCC_IC8_IsEnabled
                0x34183448       0x10 ./Drivers/STM32N6xx_HAL_Driver/stm32n6xx_hal_rcc_ex.o
 .text.LL_RCC_IC8_GetDivider
                0x34183458       0x14 ./Drivers/STM32N6xx_HAL_Driver/stm32n6xx_hal_rcc_ex.o
 .text.LL_RCC_IC9_IsEnabled
                0x3418346c       0x10 ./Drivers/STM32N6xx_HAL_Driver/stm32n6xx_hal_rcc_ex.o
 .text.LL_RCC_IC9_GetDivider
                0x3418347c       0x14 ./Drivers/STM32N6xx_HAL_Driver/stm32n6xx_hal_rcc_ex.o
 .text.LL_RCC_IC14_IsEnabled
                0x34183490       0x10 ./Drivers/STM32N6xx_HAL_Driver/stm32n6xx_hal_rcc_ex.o
 .text.LL_RCC_IC14_GetDivider
                0x341834a0       0x14 ./Drivers/STM32N6xx_HAL_Driver/stm32n6xx_hal_rcc_ex.o
 .text.LL_RCC_IC15_IsEnabled
                0x341834b4       0x10 ./Drivers/STM32N6xx_HAL_Driver/stm32n6xx_hal_rcc_ex.o
 .text.LL_RCC_IC15_GetDivider
                0x341834c4       0x14 ./Drivers/STM32N6xx_HAL_Driver/stm32n6xx_hal_rcc_ex.o
 .text.RCCEx_GetHCLKFreq
                0x341834d8       0x10 ./Drivers/STM32N6xx_HAL_Driver/stm32n6xx_hal_rcc_ex.o
 .text.RCCEx_GetPLLSourceFreq
                0x341834e8       0x6c ./Drivers/STM32N6xx_HAL_Driver/stm32n6xx_hal_rcc_ex.o
 .text.RCCEx_CalcPLLFreq
                0x34183554       0x58 ./Drivers/STM32N6xx_HAL_Driver/stm32n6xx_hal_rcc_ex.o
 .text.HAL_RCCEx_PeriphCLKConfig
                0x341835ac     0x18dc ./Drivers/STM32N6xx_HAL_Driver/stm32n6xx_hal_rcc_ex.o
                0x341835ac                HAL_RCCEx_PeriphCLKConfig
 .text.HAL_RCCEx_GetPLL1CLKFreq
                0x34184e88       0x80 ./Drivers/STM32N6xx_HAL_Driver/stm32n6xx_hal_rcc_ex.o
                0x34184e88                HAL_RCCEx_GetPLL1CLKFreq
 .text.HAL_RCCEx_GetPLL2CLKFreq
                0x34184f08       0x80 ./Drivers/STM32N6xx_HAL_Driver/stm32n6xx_hal_rcc_ex.o
                0x34184f08                HAL_RCCEx_GetPLL2CLKFreq
 .text.HAL_RCCEx_GetPLL3CLKFreq
                0x34184f88       0x80 ./Drivers/STM32N6xx_HAL_Driver/stm32n6xx_hal_rcc_ex.o
                0x34184f88                HAL_RCCEx_GetPLL3CLKFreq
 .text.HAL_RCCEx_GetPLL4CLKFreq
                0x34185008       0x80 ./Drivers/STM32N6xx_HAL_Driver/stm32n6xx_hal_rcc_ex.o
                0x34185008                HAL_RCCEx_GetPLL4CLKFreq
 .text.RCCEx_GetCLKPCLKFreq.constprop.0
                0x34185088      0x10c ./Drivers/STM32N6xx_HAL_Driver/stm32n6xx_hal_rcc_ex.o
 .text.RCCEx_GetSPDIFRXCLKFreq.constprop.0
                0x34185194       0xc0 ./Drivers/STM32N6xx_HAL_Driver/stm32n6xx_hal_rcc_ex.o
 .text.RCCEx_GetXSPICLKFreq
                0x34185254       0xf4 ./Drivers/STM32N6xx_HAL_Driver/stm32n6xx_hal_rcc_ex.o
 .text.RCCEx_GetOTGPHYCLKFreq
                0x34185348       0xcc ./Drivers/STM32N6xx_HAL_Driver/stm32n6xx_hal_rcc_ex.o
 .text.RCCEx_GetOTGPHYCKREFCLKFreq
                0x34185414       0x60 ./Drivers/STM32N6xx_HAL_Driver/stm32n6xx_hal_rcc_ex.o
 .text.RCCEx_GetUSARTCLKFreq
                0x34185474      0x200 ./Drivers/STM32N6xx_HAL_Driver/stm32n6xx_hal_rcc_ex.o
 .text.RCCEx_GetUARTCLKFreq
                0x34185674      0x224 ./Drivers/STM32N6xx_HAL_Driver/stm32n6xx_hal_rcc_ex.o
 .text.RCCEx_GetSPICLKFreq
                0x34185898      0x27c ./Drivers/STM32N6xx_HAL_Driver/stm32n6xx_hal_rcc_ex.o
 .text.RCCEx_GetSAICLKFreq
                0x34185b14      0x150 ./Drivers/STM32N6xx_HAL_Driver/stm32n6xx_hal_rcc_ex.o
 .text.RCCEx_GetI3CCLKFreq
                0x34185c64      0x118 ./Drivers/STM32N6xx_HAL_Driver/stm32n6xx_hal_rcc_ex.o
 .text.RCCEx_GetSDMMCCLKFreq
                0x34185d7c       0xcc ./Drivers/STM32N6xx_HAL_Driver/stm32n6xx_hal_rcc_ex.o
 .text.RCCEx_GetI2CCLKFreq
                0x34185e48      0x17c ./Drivers/STM32N6xx_HAL_Driver/stm32n6xx_hal_rcc_ex.o
 .text.RCCEx_GetLPTIMCLKFreq
                0x34185fc4      0x1b8 ./Drivers/STM32N6xx_HAL_Driver/stm32n6xx_hal_rcc_ex.o
 .text.HAL_RCCEx_GetPeriphCLKFreq
                0x3418617c      0x978 ./Drivers/STM32N6xx_HAL_Driver/stm32n6xx_hal_rcc_ex.o
                0x3418617c                HAL_RCCEx_GetPeriphCLKFreq
 .text.XSPI_ConfigCmd
                0x34186af4      0x1bc ./Drivers/STM32N6xx_HAL_Driver/stm32n6xx_hal_xspi.o
 .text.XSPI_WaitFlagStateUntilTimeout
                0x34186cb0       0x4e ./Drivers/STM32N6xx_HAL_Driver/stm32n6xx_hal_xspi.o
 *fill*         0x34186cfe        0x2 
 .text.HAL_XSPI_Init
                0x34186d00      0x158 ./Drivers/STM32N6xx_HAL_Driver/stm32n6xx_hal_xspi.o
                0x34186d00                HAL_XSPI_Init
 .text.HAL_XSPI_Command
                0x34186e58       0xa4 ./Drivers/STM32N6xx_HAL_Driver/stm32n6xx_hal_xspi.o
                0x34186e58                HAL_XSPI_Command
 .text.HAL_XSPI_Transmit
                0x34186efc       0x8c ./Drivers/STM32N6xx_HAL_Driver/stm32n6xx_hal_xspi.o
                0x34186efc                HAL_XSPI_Transmit
 .text.HAL_XSPI_Receive
                0x34186f88       0xb0 ./Drivers/STM32N6xx_HAL_Driver/stm32n6xx_hal_xspi.o
                0x34186f88                HAL_XSPI_Receive
 .text.HAL_XSPI_AutoPolling
                0x34187038       0xae ./Drivers/STM32N6xx_HAL_Driver/stm32n6xx_hal_xspi.o
                0x34187038                HAL_XSPI_AutoPolling
 .text.HAL_XSPI_MemoryMapped
                0x341870e6       0x82 ./Drivers/STM32N6xx_HAL_Driver/stm32n6xx_hal_xspi.o
                0x341870e6                HAL_XSPI_MemoryMapped
 .text.HAL_XSPI_Abort
                0x34187168       0xa0 ./Drivers/STM32N6xx_HAL_Driver/stm32n6xx_hal_xspi.o
                0x34187168                HAL_XSPI_Abort
 .text.HAL_XSPI_SetClockPrescaler
                0x34187208       0x22 ./Drivers/STM32N6xx_HAL_Driver/stm32n6xx_hal_xspi.o
                0x34187208                HAL_XSPI_SetClockPrescaler
 *fill*         0x3418722a        0x2 
 .text.HAL_XSPIM_Config
                0x3418722c      0x19c ./Drivers/STM32N6xx_HAL_Driver/stm32n6xx_hal_xspi.o
                0x3418722c                HAL_XSPIM_Config
 .text.MapMemory
                0x341873c8       0x1c ./Middlewares/STM32_ExtMem_Manager/stm32_boot_xip.o
                0x341873c8                MapMemory
 .text.JumpToApplication
                0x341873e4       0xdc ./Middlewares/STM32_ExtMem_Manager/stm32_boot_xip.o
                0x341873e4                JumpToApplication
 .text.BOOT_Application
                0x341874c0       0x12 ./Middlewares/STM32_ExtMem_Manager/stm32_boot_xip.o
                0x341874c0                BOOT_Application
 *fill*         0x341874d2        0x2 
 .text.EXTMEM_Init
                0x341874d4       0x34 ./Middlewares/STM32_ExtMem_Manager/stm32_extmem.o
                0x341874d4                EXTMEM_Init
 .text.EXTMEM_MemoryMappedMode
                0x34187508       0x34 ./Middlewares/STM32_ExtMem_Manager/stm32_extmem.o
                0x34187508                EXTMEM_MemoryMappedMode
 .text.EXTMEM_GetMapAddress
                0x3418753c       0x5c ./Middlewares/STM32_ExtMem_Manager/stm32_extmem.o
                0x3418753c                EXTMEM_GetMapAddress
 .text.SAL_XSPI_SetClock
                0x34187598       0x34 ./Middlewares/STM32_ExtMem_Manager/stm32_sal_xspi.o
                0x34187598                SAL_XSPI_SetClock
 .text.SAL_XSPI_Init
                0x341875cc       0x4c ./Middlewares/STM32_ExtMem_Manager/stm32_sal_xspi.o
                0x341875cc                SAL_XSPI_Init
 .text.SAL_XSPI_MemoryConfig
                0x34187618      0x1a6 ./Middlewares/STM32_ExtMem_Manager/stm32_sal_xspi.o
                0x34187618                SAL_XSPI_MemoryConfig
 .text.SAL_XSPI_GetSFDP
                0x341877be       0x86 ./Middlewares/STM32_ExtMem_Manager/stm32_sal_xspi.o
                0x341877be                SAL_XSPI_GetSFDP
 .text.SAL_XSPI_GetId
                0x34187844       0xb2 ./Middlewares/STM32_ExtMem_Manager/stm32_sal_xspi.o
                0x34187844                SAL_XSPI_GetId
 .text.SAL_XSPI_DisableMapMode
                0x341878f6        0xa ./Middlewares/STM32_ExtMem_Manager/stm32_sal_xspi.o
                0x341878f6                SAL_XSPI_DisableMapMode
 .text.SAL_XSPI_UpdateMemoryType
                0x34187900       0x32 ./Middlewares/STM32_ExtMem_Manager/stm32_sal_xspi.o
                0x34187900                SAL_XSPI_UpdateMemoryType
 .text.SAL_XSPI_Abort
                0x34187932        0x6 ./Middlewares/STM32_ExtMem_Manager/stm32_sal_xspi.o
                0x34187932                SAL_XSPI_Abort
 .text.XSPI_FormatCommand
                0x34187938       0x1a ./Middlewares/STM32_ExtMem_Manager/stm32_sal_xspi.o
                0x34187938                XSPI_FormatCommand
 .text.SAL_XSPI_CommandSendData
                0x34187952       0x62 ./Middlewares/STM32_ExtMem_Manager/stm32_sal_xspi.o
                0x34187952                SAL_XSPI_CommandSendData
 .text.SAL_XSPI_SendReadCommand
                0x341879b4       0x62 ./Middlewares/STM32_ExtMem_Manager/stm32_sal_xspi.o
                0x341879b4                SAL_XSPI_SendReadCommand
 .text.SAL_XSPI_CommandSendReadAddress
                0x34187a16       0x8a ./Middlewares/STM32_ExtMem_Manager/stm32_sal_xspi.o
                0x34187a16                SAL_XSPI_CommandSendReadAddress
 .text.SAL_XSPI_CheckStatusRegister
                0x34187aa0       0xa8 ./Middlewares/STM32_ExtMem_Manager/stm32_sal_xspi.o
                0x34187aa0                SAL_XSPI_CheckStatusRegister
 .text.SAL_XSPI_EnableMapMode
                0x34187b48       0x88 ./Middlewares/STM32_ExtMem_Manager/stm32_sal_xspi.o
                0x34187b48                SAL_XSPI_EnableMapMode
 .text.XSPI_Transmit
                0x34187bd0        0x8 ./Middlewares/STM32_ExtMem_Manager/stm32_sal_xspi.o
                0x34187bd0                XSPI_Transmit
 .text.SAL_XSPI_Write
                0x34187bd8       0x56 ./Middlewares/STM32_ExtMem_Manager/stm32_sal_xspi.o
                0x34187bd8                SAL_XSPI_Write
 .text.driver_check_FlagBUSY
                0x34187c2e       0x3e ./Middlewares/STM32_ExtMem_Manager/stm32_sfdp_data.o
                0x34187c2e                driver_check_FlagBUSY
 .text.sfdp_getfrequencevalue
                0x34187c6c       0x48 ./Middlewares/STM32_ExtMem_Manager/stm32_sfdp_data.o
                0x34187c6c                sfdp_getfrequencevalue
 .text.sfdp_get_paraminfo
                0x34187cb4      0x168 ./Middlewares/STM32_ExtMem_Manager/stm32_sfdp_data.o
                0x34187cb4                sfdp_get_paraminfo
 .text.SFDP_CollectData
                0x34187e1c       0xf8 ./Middlewares/STM32_ExtMem_Manager/stm32_sfdp_data.o
                0x34187e1c                SFDP_CollectData
 .text.SFDP_MemoryReset
                0x34187f14       0x90 ./Middlewares/STM32_ExtMem_Manager/stm32_sfdp_data.o
                0x34187f14                SFDP_MemoryReset
 .text.sfdp_enter_octal_mode
                0x34187fa4      0x154 ./Middlewares/STM32_ExtMem_Manager/stm32_sfdp_data.o
                0x34187fa4                sfdp_enter_octal_mode
 .text.sfdp_set_dummycycle
                0x341880f8      0x110 ./Middlewares/STM32_ExtMem_Manager/stm32_sfdp_data.o
                0x341880f8                sfdp_set_dummycycle
 .text.JEDEC_Basic_ManageQuadEnableRequirement
                0x34188208       0xd8 ./Middlewares/STM32_ExtMem_Manager/stm32_sfdp_data.o
                0x34188208                JEDEC_Basic_ManageQuadEnableRequirement
 .text.JEDEC_Basic_Manage4S4S4SEnableSequence
                0x341882e0       0x40 ./Middlewares/STM32_ExtMem_Manager/stm32_sfdp_data.o
                0x341882e0                JEDEC_Basic_Manage4S4S4SEnableSequence
 .text.SFDP_BuildGenericDriver
                0x34188320      0x6b4 ./Middlewares/STM32_ExtMem_Manager/stm32_sfdp_data.o
                0x34188320                SFDP_BuildGenericDriver
 .text.CheckSFDP_Signature
                0x341889d4       0x34 ./Middlewares/STM32_ExtMem_Manager/stm32_sfdp_data.o
                0x341889d4                CheckSFDP_Signature
 .text.SFDP_ReadHeader
                0x34188a08       0x40 ./Middlewares/STM32_ExtMem_Manager/stm32_sfdp_data.o
                0x34188a08                SFDP_ReadHeader
 .text.SFDP_GetHeader
                0x34188a48       0x9c ./Middlewares/STM32_ExtMem_Manager/stm32_sfdp_data.o
                0x34188a48                SFDP_GetHeader
 .text.EXTMEM_DRIVER_NOR_SFDP_Init
                0x34188ae4       0xe4 ./Middlewares/STM32_ExtMem_Manager/stm32_sfdp_driver.o
                0x34188ae4                EXTMEM_DRIVER_NOR_SFDP_Init
 .text.EXTMEM_DRIVER_NOR_SFDP_Enable_MemoryMappedMode
                0x34188bc8       0x26 ./Middlewares/STM32_ExtMem_Manager/stm32_sfdp_driver.o
                0x34188bc8                EXTMEM_DRIVER_NOR_SFDP_Enable_MemoryMappedMode
 .text.EXTMEM_DRIVER_NOR_SFDP_Disable_MemoryMappedMode
                0x34188bee       0x14 ./Middlewares/STM32_ExtMem_Manager/stm32_sfdp_driver.o
                0x34188bee                EXTMEM_DRIVER_NOR_SFDP_Disable_MemoryMappedMode
 .text.memset   0x34188c02       0x10 C:/ST/STM32CubeIDE_2.1.1/STM32CubeIDE/plugins/com.st.stm32cube.ide.mcu.externaltools.gnu-tools-for-stm32.14.3.rel1.win32_1.0.100.202602081740/tools/bin/../lib/gcc/arm-none-eabi/14.3.1/../../../../arm-none-eabi/lib/thumb/v8-m.main+dp/hard\libc_nano.a(libc_a-memset.o)
                0x34188c02                memset
 *fill*         0x34188c12        0x2 
 .text.__libc_init_array
                0x34188c14       0x48 C:/ST/STM32CubeIDE_2.1.1/STM32CubeIDE/plugins/com.st.stm32cube.ide.mcu.externaltools.gnu-tools-for-stm32.14.3.rel1.win32_1.0.100.202602081740/tools/bin/../lib/gcc/arm-none-eabi/14.3.1/../../../../arm-none-eabi/lib/thumb/v8-m.main+dp/hard\libc_nano.a(libc_a-init.o)
                0x34188c14                __libc_init_array
 .text.memcpy   0x34188c5c       0x1a C:/ST/STM32CubeIDE_2.1.1/STM32CubeIDE/plugins/com.st.stm32cube.ide.mcu.externaltools.gnu-tools-for-stm32.14.3.rel1.win32_1.0.100.202602081740/tools/bin/../lib/gcc/arm-none-eabi/14.3.1/../../../../arm-none-eabi/lib/thumb/v8-m.main+dp/hard\libc_nano.a(libc_a-memcpy-stub.o)
                0x34188c5c                memcpy
 *(.glue_7)
 .glue_7        0x34188c76        0x0 linker stubs
 *(.glue_7t)
 .glue_7t       0x34188c76        0x0 linker stubs
 *(.eh_frame)
 *fill*         0x34188c76        0x2 
 .eh_frame      0x34188c78        0x0 C:/ST/STM32CubeIDE_2.1.1/STM32CubeIDE/plugins/com.st.stm32cube.ide.mcu.externaltools.gnu-tools-for-stm32.14.3.rel1.win32_1.0.100.202602081740/tools/bin/../lib/gcc/arm-none-eabi/14.3.1/thumb/v8-m.main+dp/hard/crtbegin.o
 *(.RamFunc)
 *(.RamFunc*)
 *(.init)
 .init          0x34188c78        0x4 C:/ST/STM32CubeIDE_2.1.1/STM32CubeIDE/plugins/com.st.stm32cube.ide.mcu.externaltools.gnu-tools-for-stm32.14.3.rel1.win32_1.0.100.202602081740/tools/bin/../lib/gcc/arm-none-eabi/14.3.1/thumb/v8-m.main+dp/hard/crti.o
                0x34188c78                _init
 .init          0x34188c7c        0x8 C:/ST/STM32CubeIDE_2.1.1/STM32CubeIDE/plugins/com.st.stm32cube.ide.mcu.externaltools.gnu-tools-for-stm32.14.3.rel1.win32_1.0.100.202602081740/tools/bin/../lib/gcc/arm-none-eabi/14.3.1/thumb/v8-m.main+dp/hard/crtn.o
 *(.fini)
 .fini          0x34188c84        0x4 C:/ST/STM32CubeIDE_2.1.1/STM32CubeIDE/plugins/com.st.stm32cube.ide.mcu.externaltools.gnu-tools-for-stm32.14.3.rel1.win32_1.0.100.202602081740/tools/bin/../lib/gcc/arm-none-eabi/14.3.1/thumb/v8-m.main+dp/hard/crti.o
                0x34188c84                _fini
 .fini          0x34188c88        0x8 C:/ST/STM32CubeIDE_2.1.1/STM32CubeIDE/plugins/com.st.stm32cube.ide.mcu.externaltools.gnu-tools-for-stm32.14.3.rel1.win32_1.0.100.202602081740/tools/bin/../lib/gcc/arm-none-eabi/14.3.1/thumb/v8-m.main+dp/hard/crtn.o
                0x34188c90                        . = ALIGN (0x4)
                0x34188c90                        _etext = .

.vfp11_veneer   0x34188c90        0x0
 .vfp11_veneer  0x34188c90        0x0 linker stubs

.v4_bx          0x34188c90        0x0
 .v4_bx         0x34188c90        0x0 linker stubs

.iplt           0x34188c90        0x0
 .iplt          0x34188c90        0x0 C:/ST/STM32CubeIDE_2.1.1/STM32CubeIDE/plugins/com.st.stm32cube.ide.mcu.externaltools.gnu-tools-for-stm32.14.3.rel1.win32_1.0.100.202602081740/tools/bin/../lib/gcc/arm-none-eabi/14.3.1/thumb/v8-m.main+dp/hard/crtbegin.o

.rodata         0x34188c90       0x44
                0x34188c90                        . = ALIGN (0x4)
 *(.rodata)
 .rodata        0x34188c90       0x2a ./Middlewares/STM32_ExtMem_Manager/stm32_sfdp_data.o
 *(.rodata*)
 *fill*         0x34188cba        0x2 
 .rodata.chip_erase_unit.0
                0x34188cbc       0x10 ./Middlewares/STM32_ExtMem_Manager/stm32_sfdp_data.o
 .rodata.block_erase_unit.1
                0x34188ccc        0x8 ./Middlewares/STM32_ExtMem_Manager/stm32_sfdp_data.o
                0x34188cd4                        . = ALIGN (0x4)

.ARM.extab      0x34188cd4        0x0
                0x34188cd4                        . = ALIGN (0x4)
 *(.ARM.extab* .gnu.linkonce.armextab.*)
                0x34188cd4                        . = ALIGN (0x4)

.ARM            0x34188cd4        0x0
                0x34188cd4                        . = ALIGN (0x4)
                0x34188cd4                        __exidx_start = .
 *(.ARM.exidx*)
                0x34188cd4                        __exidx_end = .
                0x34188cd4                        . = ALIGN (0x4)

.preinit_array  0x34188cd4        0x0
                0x34188cd4                        . = ALIGN (0x4)
                0x34188cd4                        PROVIDE (__preinit_array_start = .)
 *(.preinit_array*)
                0x34188cd4                        PROVIDE (__preinit_array_end = .)
                0x34188cd4                        . = ALIGN (0x4)

.init_array     0x34188cd4        0x4
                0x34188cd4                        . = ALIGN (0x4)
                0x34188cd4                        PROVIDE (__init_array_start = .)
 *(SORT_BY_NAME(.init_array.*))
 *(.init_array*)
 .init_array    0x34188cd4        0x4 C:/ST/STM32CubeIDE_2.1.1/STM32CubeIDE/plugins/com.st.stm32cube.ide.mcu.externaltools.gnu-tools-for-stm32.14.3.rel1.win32_1.0.100.202602081740/tools/bin/../lib/gcc/arm-none-eabi/14.3.1/thumb/v8-m.main+dp/hard/crtbegin.o
                0x34188cd8                        PROVIDE (__init_array_end = .)
                0x34188cd8                        . = ALIGN (0x4)

.fini_array     0x34188cd8        0x4
                0x34188cd8                        . = ALIGN (0x4)
                [!provide]                        PROVIDE (__fini_array_start = .)
 *(SORT_BY_NAME(.fini_array.*))
 *(.fini_array*)
 .fini_array    0x34188cd8        0x4 C:/ST/STM32CubeIDE_2.1.1/STM32CubeIDE/plugins/com.st.stm32cube.ide.mcu.externaltools.gnu-tools-for-stm32.14.3.rel1.win32_1.0.100.202602081740/tools/bin/../lib/gcc/arm-none-eabi/14.3.1/thumb/v8-m.main+dp/hard/crtbegin.o
                [!provide]                        PROVIDE (__fini_array_end = .)
                0x34188cdc                        . = ALIGN (0x4)
                0x34188cdc                        _sidata = LOADADDR (.data)

.rel.dyn        0x34188cdc        0x0
 .rel.iplt      0x34188cdc        0x0 C:/ST/STM32CubeIDE_2.1.1/STM32CubeIDE/plugins/com.st.stm32cube.ide.mcu.externaltools.gnu-tools-for-stm32.14.3.rel1.win32_1.0.100.202602081740/tools/bin/../lib/gcc/arm-none-eabi/14.3.1/thumb/v8-m.main+dp/hard/crtbegin.o

.data           0x341c0000        0xc load address 0x34188cdc
                0x341c0000                        . = ALIGN (0x4)
                0x341c0000                        _sdata = .
 *(.data)
 *(.data*)
 .data.SystemCoreClock
                0x341c0000        0x4 ./Drivers/CMSIS/system_stm32n6xx_fsbl.o
                0x341c0000                SystemCoreClock
 .data.uwTickFreq
                0x341c0004        0x1 ./Drivers/STM32N6xx_HAL_Driver/stm32n6xx_hal.o
                0x341c0004                uwTickFreq
 *fill*         0x341c0005        0x3 
 .data.uwTickPrio
                0x341c0008        0x4 ./Drivers/STM32N6xx_HAL_Driver/stm32n6xx_hal.o
                0x341c0008                uwTickPrio
                0x341c000c                        . = ALIGN (0x4)
                0x341c000c                        _edata = .

.igot.plt       0x341c000c        0x0 load address 0x34188ce8
 .igot.plt      0x341c000c        0x0 C:/ST/STM32CubeIDE_2.1.1/STM32CubeIDE/plugins/com.st.stm32cube.ide.mcu.externaltools.gnu-tools-for-stm32.14.3.rel1.win32_1.0.100.202602081740/tools/bin/../lib/gcc/arm-none-eabi/14.3.1/thumb/v8-m.main+dp/hard/crtbegin.o

.noncacheable   0x341c000c        0x4 load address 0x34188ce8
                0x341c0010                        . = ALIGN (0x8)
 *fill*         0x341c000c        0x4 
                0x341c0010                        __snoncacheable = .
 *(.noncacheable)
                0x341c0010                        . = ALIGN (0x8)
                0x341c0010                        __enoncacheable = .

.gnu.sgstubs    0x34188d00       0x20
                0x34188d00                        . = ALIGN (0x4)
 *(.gnu.sgstubs*)
                0x34188d00                        . = ALIGN (0x4)
 .gnu.sgstubs.__stub
                0x34188d00        0x8 linker stubs
                0x34188d00                SECURE_SystemCoreClockUpdate
                0x34188d08                        . = ALIGN (0x4)

.bss            0x341c0010      0x3f4
                0x341c0010                        _sbss = .
                0x341c0010                        __bss_start__ = _sbss
 *(.bss)
 .bss           0x341c0010       0x1c C:/ST/STM32CubeIDE_2.1.1/STM32CubeIDE/plugins/com.st.stm32cube.ide.mcu.externaltools.gnu-tools-for-stm32.14.3.rel1.win32_1.0.100.202602081740/tools/bin/../lib/gcc/arm-none-eabi/14.3.1/thumb/v8-m.main+dp/hard/crtbegin.o
 *(.bss*)
 .bss.hxspi2    0x341c002c       0x64 ./Application/User/Core/main.o
                0x341c002c                hxspi2
 .bss.hxspi1    0x341c0090       0x64 ./Application/User/Core/main.o
                0x341c0090                hxspi1
 .bss.HAL_RCC_XSPIM_CLK_ENABLED
                0x341c00f4        0x4 ./Application/User/Core/stm32n6xx_hal_msp.o
 .bss.XSPI_Ram_Ctx
                0x341c00f8        0x4 ./Drivers/BSP/STM32N6570-DK/stm32n6570_discovery_xspi.o
                0x341c00f8                XSPI_Ram_Ctx
 .bss.hxspi_ram
                0x341c00fc       0x64 ./Drivers/BSP/STM32N6570-DK/stm32n6570_discovery_xspi.o
                0x341c00fc                hxspi_ram
 .bss.XSPI_Nor_Ctx
                0x341c0160        0x3 ./Drivers/BSP/STM32N6570-DK/stm32n6570_discovery_xspi.o
                0x341c0160                XSPI_Nor_Ctx
 *fill*         0x341c0163        0x1 
 .bss.hxspi_nor
                0x341c0164       0x64 ./Drivers/BSP/STM32N6570-DK/stm32n6570_discovery_xspi.o
                0x341c0164                hxspi_nor
 .bss.uwTick    0x341c01c8        0x4 ./Drivers/STM32N6xx_HAL_Driver/stm32n6xx_hal.o
                0x341c01c8                uwTick
 .bss.JumpToApp.0
                0x341c01cc        0x4 ./Middlewares/STM32_ExtMem_Manager/stm32_boot_xip.o
 .bss.extmem_list_config
                0x341c01d0       0xac ./Middlewares/STM32_ExtMem_Manager/stm32_extmem.o
                0x341c01d0                extmem_list_config
 .bss.JEDEC_OctalDdr
                0x341c027c       0x20 ./Middlewares/STM32_ExtMem_Manager/stm32_sfdp_data.o
 .bss.JEDEC_SCCR_Map
                0x341c029c       0x70 ./Middlewares/STM32_ExtMem_Manager/stm32_sfdp_data.o
 .bss.JEDEC_XSPI10
                0x341c030c       0x18 ./Middlewares/STM32_ExtMem_Manager/stm32_sfdp_data.o
 .bss.JEDEC_Address4Bytes
                0x341c0324        0x8 ./Middlewares/STM32_ExtMem_Manager/stm32_sfdp_data.o
 .bss.JEDEC_Basic
                0x341c032c       0x60 ./Middlewares/STM32_ExtMem_Manager/stm32_sfdp_data.o
 .bss.sfdp_param_info
                0x341c038c       0x78 ./Middlewares/STM32_ExtMem_Manager/stm32_sfdp_data.o
 *(COMMON)
                0x341c0404                        . = ALIGN (0x4)
                0x341c0404                        _ebss = .
                0x341c0404                        __bss_end__ = _ebss

._user_heap_stack
                0x341c0404      0xa04
                0x341c0408                        . = ALIGN (0x8)
 *fill*         0x341c0404        0x4 
                [!provide]                        PROVIDE (end = .)
                0x341c0408                        PROVIDE (_end = .)
                0x341c0608                        . = (. + _Min_Heap_Size)
 *fill*         0x341c0408      0x200 
                0x341c0e08                        . = (. + _Min_Stack_Size)
 *fill*         0x341c0608      0x800 
                0x341c0e08                        . = ALIGN (0x8)

/DISCARD/
 libc.a(*)
 libm.a(*)
 libgcc.a(*)

.ARM.attributes
                0x00000000       0x3a
 *(.ARM.attributes)
 .ARM.attributes
                0x00000000       0x24 C:/ST/STM32CubeIDE_2.1.1/STM32CubeIDE/plugins/com.st.stm32cube.ide.mcu.externaltools.gnu-tools-for-stm32.14.3.rel1.win32_1.0.100.202602081740/tools/bin/../lib/gcc/arm-none-eabi/14.3.1/thumb/v8-m.main+dp/hard/crti.o
 .ARM.attributes
                0x00000024       0x36 C:/ST/STM32CubeIDE_2.1.1/STM32CubeIDE/plugins/com.st.stm32cube.ide.mcu.externaltools.gnu-tools-for-stm32.14.3.rel1.win32_1.0.100.202602081740/tools/bin/../lib/gcc/arm-none-eabi/14.3.1/thumb/v8-m.main+dp/hard/crtbegin.o
 .ARM.attributes
                0x0000005a       0x3e ./Application/User/Core/extmem_manager.o
 .ARM.attributes
                0x00000098       0x3e ./Application/User/Core/main.o
 .ARM.attributes
                0x000000d6       0x3e ./Application/User/Core/stm32n6xx_hal_msp.o
 .ARM.attributes
                0x00000114       0x3e ./Application/User/Core/stm32n6xx_it.o
 .ARM.attributes
                0x00000152       0x22 ./Application/User/Startup/startup_stm32n657x0hxq_fsbl.o
 .ARM.attributes
                0x00000174       0x3e ./Drivers/BSP/Components/aps256xx/aps256xx.o
 .ARM.attributes
                0x000001b2       0x3e ./Drivers/BSP/Components/mx66uw1g45g/mx66uw1g45g.o
 .ARM.attributes
                0x000001f0       0x3e ./Drivers/BSP/STM32N6570-DK/stm32n6570_discovery_xspi.o
 .ARM.attributes
                0x0000022e       0x3e ./Drivers/CMSIS/system_stm32n6xx_fsbl.o
 .ARM.attributes
                0x0000026c       0x3e ./Drivers/STM32N6xx_HAL_Driver/stm32n6xx_hal.o
 .ARM.attributes
                0x000002aa       0x3e ./Drivers/STM32N6xx_HAL_Driver/stm32n6xx_hal_cortex.o
 .ARM.attributes
                0x000002e8       0x3e ./Drivers/STM32N6xx_HAL_Driver/stm32n6xx_hal_dma.o
 .ARM.attributes
                0x00000326       0x3e ./Drivers/STM32N6xx_HAL_Driver/stm32n6xx_hal_exti.o
 .ARM.attributes
                0x00000364       0x3e ./Drivers/STM32N6xx_HAL_Driver/stm32n6xx_hal_gpio.o
 .ARM.attributes
                0x000003a2       0x3e ./Drivers/STM32N6xx_HAL_Driver/stm32n6xx_hal_pwr_ex.o
 .ARM.attributes
                0x000003e0       0x3e ./Drivers/STM32N6xx_HAL_Driver/stm32n6xx_hal_rcc.o
 .ARM.attributes
                0x0000041e       0x3e ./Drivers/STM32N6xx_HAL_Driver/stm32n6xx_hal_rcc_ex.o
 .ARM.attributes
                0x0000045c       0x3e ./Drivers/STM32N6xx_HAL_Driver/stm32n6xx_hal_xspi.o
 .ARM.attributes
                0x0000049a       0x3e ./Middlewares/STM32_ExtMem_Manager/stm32_boot_xip.o
 .ARM.attributes
                0x000004d8       0x3e ./Middlewares/STM32_ExtMem_Manager/stm32_extmem.o
 .ARM.attributes
                0x00000516       0x3e ./Middlewares/STM32_ExtMem_Manager/stm32_sal_xspi.o
 .ARM.attributes
                0x00000554       0x3e ./Middlewares/STM32_ExtMem_Manager/stm32_sfdp_data.o
 .ARM.attributes
                0x00000592       0x3e ./Middlewares/STM32_ExtMem_Manager/stm32_sfdp_driver.o
 .ARM.attributes
                0x000005d0       0x36 C:/ST/STM32CubeIDE_2.1.1/STM32CubeIDE/plugins/com.st.stm32cube.ide.mcu.externaltools.gnu-tools-for-stm32.14.3.rel1.win32_1.0.100.202602081740/tools/bin/../lib/gcc/arm-none-eabi/14.3.1/../../../../arm-none-eabi/lib/thumb/v8-m.main+dp/hard\libc_nano.a(libc_a-memset.o)
 .ARM.attributes
                0x00000606       0x36 C:/ST/STM32CubeIDE_2.1.1/STM32CubeIDE/plugins/com.st.stm32cube.ide.mcu.externaltools.gnu-tools-for-stm32.14.3.rel1.win32_1.0.100.202602081740/tools/bin/../lib/gcc/arm-none-eabi/14.3.1/../../../../arm-none-eabi/lib/thumb/v8-m.main+dp/hard\libc_nano.a(libc_a-init.o)
 .ARM.attributes
                0x0000063c       0x36 C:/ST/STM32CubeIDE_2.1.1/STM32CubeIDE/plugins/com.st.stm32cube.ide.mcu.externaltools.gnu-tools-for-stm32.14.3.rel1.win32_1.0.100.202602081740/tools/bin/../lib/gcc/arm-none-eabi/14.3.1/../../../../arm-none-eabi/lib/thumb/v8-m.main+dp/hard\libc_nano.a(libc_a-memcpy-stub.o)
 .ARM.attributes
                0x00000672       0x24 C:/ST/STM32CubeIDE_2.1.1/STM32CubeIDE/plugins/com.st.stm32cube.ide.mcu.externaltools.gnu-tools-for-stm32.14.3.rel1.win32_1.0.100.202602081740/tools/bin/../lib/gcc/arm-none-eabi/14.3.1/thumb/v8-m.main+dp/hard/crtn.o
OUTPUT(run-2_FSBL.elf elf32-littlearm)
LOAD linker stubs
LOAD C:/ST/STM32CubeIDE_2.1.1/STM32CubeIDE/plugins/com.st.stm32cube.ide.mcu.externaltools.gnu-tools-for-stm32.14.3.rel1.win32_1.0.100.202602081740/tools/bin/../lib/gcc/arm-none-eabi/14.3.1/../../../../arm-none-eabi/lib/thumb/v8-m.main+dp/hard\libc.a
LOAD C:/ST/STM32CubeIDE_2.1.1/STM32CubeIDE/plugins/com.st.stm32cube.ide.mcu.externaltools.gnu-tools-for-stm32.14.3.rel1.win32_1.0.100.202602081740/tools/bin/../lib/gcc/arm-none-eabi/14.3.1/../../../../arm-none-eabi/lib/thumb/v8-m.main+dp/hard\libm.a
LOAD C:/ST/STM32CubeIDE_2.1.1/STM32CubeIDE/plugins/com.st.stm32cube.ide.mcu.externaltools.gnu-tools-for-stm32.14.3.rel1.win32_1.0.100.202602081740/tools/bin/../lib/gcc/arm-none-eabi/14.3.1/thumb/v8-m.main+dp/hard\libgcc.a

.comment        0x00000000       0x43
 .comment       0x00000000       0x43 ./Application/User/Core/extmem_manager.o
                                 0x44 (size before relaxing)
 .comment       0x00000043       0x44 ./Application/User/Core/main.o
 .comment       0x00000043       0x44 ./Application/User/Core/stm32n6xx_hal_msp.o
 .comment       0x00000043       0x44 ./Application/User/Core/stm32n6xx_it.o
 .comment       0x00000043       0x44 ./Drivers/BSP/Components/aps256xx/aps256xx.o
 .comment       0x00000043       0x44 ./Drivers/BSP/Components/mx66uw1g45g/mx66uw1g45g.o
 .comment       0x00000043       0x44 ./Drivers/BSP/STM32N6570-DK/stm32n6570_discovery_xspi.o
 .comment       0x00000043       0x44 ./Drivers/CMSIS/system_stm32n6xx_fsbl.o
 .comment       0x00000043       0x44 ./Drivers/STM32N6xx_HAL_Driver/stm32n6xx_hal.o
 .comment       0x00000043       0x44 ./Drivers/STM32N6xx_HAL_Driver/stm32n6xx_hal_cortex.o
 .comment       0x00000043       0x44 ./Drivers/STM32N6xx_HAL_Driver/stm32n6xx_hal_dma.o
 .comment       0x00000043       0x44 ./Drivers/STM32N6xx_HAL_Driver/stm32n6xx_hal_exti.o
 .comment       0x00000043       0x44 ./Drivers/STM32N6xx_HAL_Driver/stm32n6xx_hal_gpio.o
 .comment       0x00000043       0x44 ./Drivers/STM32N6xx_HAL_Driver/stm32n6xx_hal_pwr_ex.o
 .comment       0x00000043       0x44 ./Drivers/STM32N6xx_HAL_Driver/stm32n6xx_hal_rcc.o
 .comment       0x00000043       0x44 ./Drivers/STM32N6xx_HAL_Driver/stm32n6xx_hal_rcc_ex.o
 .comment       0x00000043       0x44 ./Drivers/STM32N6xx_HAL_Driver/stm32n6xx_hal_xspi.o
 .comment       0x00000043       0x44 ./Middlewares/STM32_ExtMem_Manager/stm32_boot_xip.o
 .comment       0x00000043       0x44 ./Middlewares/STM32_ExtMem_Manager/stm32_extmem.o
 .comment       0x00000043       0x44 ./Middlewares/STM32_ExtMem_Manager/stm32_sal_xspi.o
 .comment       0x00000043       0x44 ./Middlewares/STM32_ExtMem_Manager/stm32_sfdp_data.o
 .comment       0x00000043       0x44 ./Middlewares/STM32_ExtMem_Manager/stm32_sfdp_driver.o

.debug_frame    0x00000000       0x74
 .debug_frame   0x00000000       0x20 C:/ST/STM32CubeIDE_2.1.1/STM32CubeIDE/plugins/com.st.stm32cube.ide.mcu.externaltools.gnu-tools-for-stm32.14.3.rel1.win32_1.0.100.202602081740/tools/bin/../lib/gcc/arm-none-eabi/14.3.1/../../../../arm-none-eabi/lib/thumb/v8-m.main+dp/hard\libc_nano.a(libc_a-memset.o)
 .debug_frame   0x00000020       0x2c C:/ST/STM32CubeIDE_2.1.1/STM32CubeIDE/plugins/com.st.stm32cube.ide.mcu.externaltools.gnu-tools-for-stm32.14.3.rel1.win32_1.0.100.202602081740/tools/bin/../lib/gcc/arm-none-eabi/14.3.1/../../../../arm-none-eabi/lib/thumb/v8-m.main+dp/hard\libc_nano.a(libc_a-init.o)
 .debug_frame   0x0000004c       0x28 C:/ST/STM32CubeIDE_2.1.1/STM32CubeIDE/plugins/com.st.stm32cube.ide.mcu.externaltools.gnu-tools-for-stm32.14.3.rel1.win32_1.0.100.202602081740/tools/bin/../lib/gcc/arm-none-eabi/14.3.1/../../../../arm-none-eabi/lib/thumb/v8-m.main+dp/hard\libc_nano.a(libc_a-memcpy-stub.o)
