C:/Users/workstation-uni/Documents/GitHub Repos/stm32/stm32_ai/sine_wave/.ai/run/run-2/Middlewares/ST/AI/Npu/ecloader.c:109:17:ec_get_blob_ptr	8	static
C:/Users/workstation-uni/Documents/GitHub Repos/stm32/stm32_ai/sine_wave/.ai/run/run-2/Middlewares/ST/AI/Npu/ecloader.c:167:6:ec_copy_blob	16	static
C:/Users/workstation-uni/Documents/GitHub Repos/stm32/stm32_ai/sine_wave/.ai/run/run-2/Middlewares/ST/AI/Npu/ecloader.c:256:6:ec_copy_reloc_table	16	static
C:/Users/workstation-uni/Documents/GitHub Repos/stm32/stm32_ai/sine_wave/.ai/run/run-2/Middlewares/ST/AI/Npu/ecloader.c:349:20:ec_get_reloc_table_ptr	8	static
C:/Users/workstation-uni/Documents/GitHub Repos/stm32/stm32_ai/sine_wave/.ai/run/run-2/Middlewares/ST/AI/Npu/ecloader.c:384:14:ec_get_num_relocs	0	static
C:/Users/workstation-uni/Documents/GitHub Repos/stm32/stm32_ai/sine_wave/.ai/run/run-2/Middlewares/ST/AI/Npu/ecloader.c:406:13:ec_get_reloc_id	0	static
C:/Users/workstation-uni/Documents/GitHub Repos/stm32/stm32_ai/sine_wave/.ai/run/run-2/Middlewares/ST/AI/Npu/ecloader.c:446:6:ec_reloc	24	static
C:/Users/workstation-uni/Documents/GitHub Repos/stm32/stm32_ai/sine_wave/.ai/run/run-2/Middlewares/ST/AI/Npu/ecloader.c:511:6:ec_reloc_by_id	48	static
C:/Users/workstation-uni/Documents/GitHub Repos/stm32/stm32_ai/sine_wave/.ai/run/run-2/Middlewares/ST/AI/Npu/ecloader.c:593:6:ec_copy_patch_table	16	static
C:/Users/workstation-uni/Documents/GitHub Repos/stm32/stm32_ai/sine_wave/.ai/run/run-2/Middlewares/ST/AI/Npu/ecloader.c:684:20:ec_get_patch_table_ptr	8	static
C:/Users/workstation-uni/Documents/GitHub Repos/stm32/stm32_ai/sine_wave/.ai/run/run-2/Middlewares/ST/AI/Npu/ecloader.c:721:14:ec_get_num_patches	0	static
C:/Users/workstation-uni/Documents/GitHub Repos/stm32/stm32_ai/sine_wave/.ai/run/run-2/Middlewares/ST/AI/Npu/ecloader.c:743:13:ec_get_patch_id	0	static
C:/Users/workstation-uni/Documents/GitHub Repos/stm32/stm32_ai/sine_wave/.ai/run/run-2/Middlewares/ST/AI/Npu/ecloader.c:778:9:ec_get_patch_shr	0	static
C:/Users/workstation-uni/Documents/GitHub Repos/stm32/stm32_ai/sine_wave/.ai/run/run-2/Middlewares/ST/AI/Npu/ecloader.c:809:10:ec_get_patch_mask	0	static
C:/Users/workstation-uni/Documents/GitHub Repos/stm32/stm32_ai/sine_wave/.ai/run/run-2/Middlewares/ST/AI/Npu/ecloader.c:844:6:ec_patch	40	static
C:/Users/workstation-uni/Documents/GitHub Repos/stm32/stm32_ai/sine_wave/.ai/run/run-2/Middlewares/ST/AI/Npu/ecloader.c:914:6:ec_patch_by_id	56	static
