C:/Users/workstation-uni/Documents/GitHub Repos/stm32/stm32_ai/sine_wave/.ai/run/run-2/Middlewares/ST/AI/Npu/ll_aton_dbgtrc.c:33:5:LL_Dbgtrc_Init	8	static
C:/Users/workstation-uni/Documents/GitHub Repos/stm32/stm32_ai/sine_wave/.ai/run/run-2/Middlewares/ST/AI/Npu/ll_aton_dbgtrc.c:68:5:LL_Dbgtrc_Deinit	8	static
C:/Users/workstation-uni/Documents/GitHub Repos/stm32/stm32_ai/sine_wave/.ai/run/run-2/Middlewares/ST/AI/Npu/ll_aton_dbgtrc.c:82:6:LL_Dbgtrc_EnableClock	12	static
C:/Users/workstation-uni/Documents/GitHub Repos/stm32/stm32_ai/sine_wave/.ai/run/run-2/Middlewares/ST/AI/Npu/ll_aton_dbgtrc.c:103:6:LL_Dbgtrc_DisableClock	0	static
C:/Users/workstation-uni/Documents/GitHub Repos/stm32/stm32_ai/sine_wave/.ai/run/run-2/Middlewares/ST/AI/Npu/ll_aton_dbgtrc.c:125:10:LL_Dbgtrc_Read_Stalls	0	static
C:/Users/workstation-uni/Documents/GitHub Repos/stm32/stm32_ai/sine_wave/.ai/run/run-2/Middlewares/ST/AI/Npu/ll_aton_dbgtrc.c:150:5:LL_Dbgtrc_Read_IStall	0	static
C:/Users/workstation-uni/Documents/GitHub Repos/stm32/stm32_ai/sine_wave/.ai/run/run-2/Middlewares/ST/AI/Npu/ll_aton_dbgtrc.c:166:5:LL_Dbgtrc_Read_OStall	0	static
C:/Users/workstation-uni/Documents/GitHub Repos/stm32/stm32_ai/sine_wave/.ai/run/run-2/Middlewares/ST/AI/Npu/ll_aton_dbgtrc.c:184:5:LL_Dbgtrc_Trigger_Init	8	static
C:/Users/workstation-uni/Documents/GitHub Repos/stm32/stm32_ai/sine_wave/.ai/run/run-2/Middlewares/ST/AI/Npu/ll_aton_dbgtrc.c:203:5:LL_Dbgtrc_Trigger_Swtrig	0	static
C:/Users/workstation-uni/Documents/GitHub Repos/stm32/stm32_ai/sine_wave/.ai/run/run-2/Middlewares/ST/AI/Npu/ll_aton_dbgtrc.c:217:5:LL_Dbgtrc_Trigger_GetOVR	0	static
C:/Users/workstation-uni/Documents/GitHub Repos/stm32/stm32_ai/sine_wave/.ai/run/run-2/Middlewares/ST/AI/Npu/ll_aton_dbgtrc.c:233:5:LL_Dbgtrc_Counter_Init	16	static
C:/Users/workstation-uni/Documents/GitHub Repos/stm32/stm32_ai/sine_wave/.ai/run/run-2/Middlewares/ST/AI/Npu/ll_aton_dbgtrc.c:258:5:LL_Dbgtrc_Counter_Start	0	static
C:/Users/workstation-uni/Documents/GitHub Repos/stm32/stm32_ai/sine_wave/.ai/run/run-2/Middlewares/ST/AI/Npu/ll_aton_dbgtrc.c:275:5:LL_Dbgtrc_Counter_Stop	0	static
C:/Users/workstation-uni/Documents/GitHub Repos/stm32/stm32_ai/sine_wave/.ai/run/run-2/Middlewares/ST/AI/Npu/ll_aton_dbgtrc.c:292:10:LL_Dbgtrc_Counter_Read	0	static
C:/Users/workstation-uni/Documents/GitHub Repos/stm32/stm32_ai/sine_wave/.ai/run/run-2/Middlewares/ST/AI/Npu/ll_aton_dbgtrc.c:304:5:LL_Dbgtrc_Counter_BindStart	0	static
C:/Users/workstation-uni/Documents/GitHub Repos/stm32/stm32_ai/sine_wave/.ai/run/run-2/Middlewares/ST/AI/Npu/ll_aton_dbgtrc.c:323:5:LL_Dbgtrc_Counter_BindStop	0	static
C:/Users/workstation-uni/Documents/GitHub Repos/stm32/stm32_ai/sine_wave/.ai/run/run-2/Middlewares/ST/AI/Npu/ll_aton_dbgtrc.c:340:5:LL_Dbgtrc_Counter_StopWatch	40	static
C:/Users/workstation-uni/Documents/GitHub Repos/stm32/stm32_ai/sine_wave/.ai/run/run-2/Middlewares/ST/AI/Npu/ll_aton_dbgtrc.c:520:5:LL_Dbgtrc_Count_IRQs	32	static
C:/Users/workstation-uni/Documents/GitHub Repos/stm32/stm32_ai/sine_wave/.ai/run/run-2/Middlewares/ST/AI/Npu/ll_aton_dbgtrc.c:546:5:LL_Dbgtrc_Count_Epoch_Len	32	static
C:/Users/workstation-uni/Documents/GitHub Repos/stm32/stm32_ai/sine_wave/.ai/run/run-2/Middlewares/ST/AI/Npu/ll_aton_dbgtrc.c:577:5:LL_Dbgtrc_Count_Stalls	32	static
C:/Users/workstation-uni/Documents/GitHub Repos/stm32/stm32_ai/sine_wave/.ai/run/run-2/Middlewares/ST/AI/Npu/ll_aton_dbgtrc.c:605:5:LL_Dbgtrc_Count_StrengActive_Config	48	static
C:/Users/workstation-uni/Documents/GitHub Repos/stm32/stm32_ai/sine_wave/.ai/run/run-2/Middlewares/ST/AI/Npu/ll_aton_dbgtrc.c:648:5:LL_Dbgtrc_Count_StrengActive_Start	24	static
C:/Users/workstation-uni/Documents/GitHub Repos/stm32/stm32_ai/sine_wave/.ai/run/run-2/Middlewares/ST/AI/Npu/ll_aton_dbgtrc.c:669:5:LL_Dbgtrc_Count_StrengActive_Stop	24	static
C:/Users/workstation-uni/Documents/GitHub Repos/stm32/stm32_ai/sine_wave/.ai/run/run-2/Middlewares/ST/AI/Npu/ll_aton_dbgtrc.c:689:5:LL_Dbgtrc_Count_StrengActive_Print	24	static
C:/Users/workstation-uni/Documents/GitHub Repos/stm32/stm32_ai/sine_wave/.ai/run/run-2/Middlewares/ST/AI/Npu/ll_aton_dbgtrc.c:715:14:LL_Dbgtrc_Count_StrengActive_GetMAX	24	static
C:/Users/workstation-uni/Documents/GitHub Repos/stm32/stm32_ai/sine_wave/.ai/run/run-2/Middlewares/ST/AI/Npu/ll_aton_dbgtrc.c:756:5:LL_Dbgtrc_Count_StrengHENV_Config	40	static
C:/Users/workstation-uni/Documents/GitHub Repos/stm32/stm32_ai/sine_wave/.ai/run/run-2/Middlewares/ST/AI/Npu/ll_aton_dbgtrc.c:787:5:LL_Dbgtrc_Count_StrengHENV_Start	24	static
C:/Users/workstation-uni/Documents/GitHub Repos/stm32/stm32_ai/sine_wave/.ai/run/run-2/Middlewares/ST/AI/Npu/ll_aton_dbgtrc.c:804:5:LL_Dbgtrc_Count_StrengHENV_Stop	0	static
C:/Users/workstation-uni/Documents/GitHub Repos/stm32/stm32_ai/sine_wave/.ai/run/run-2/Middlewares/ST/AI/Npu/ll_aton_dbgtrc.c:821:5:LL_Dbgtrc_Count_StrengHENV_Print	24	static
C:/Users/workstation-uni/Documents/GitHub Repos/stm32/stm32_ai/sine_wave/.ai/run/run-2/Middlewares/ST/AI/Npu/ll_aton_dbgtrc.c:852:5:LL_Dbgtrc_Count_BurstsLen	40	static
C:/Users/workstation-uni/Documents/GitHub Repos/stm32/stm32_ai/sine_wave/.ai/run/run-2/Middlewares/ST/AI/Npu/ll_aton_dbgtrc.c:912:5:LL_Dbgtrc_BurstLenBenchStart	8	static
C:/Users/workstation-uni/Documents/GitHub Repos/stm32/stm32_ai/sine_wave/.ai/run/run-2/Middlewares/ST/AI/Npu/ll_aton_dbgtrc.c:929:5:LL_Dbgtrc_BurstLenGet	16	static
C:/Users/workstation-uni/Documents/GitHub Repos/stm32/stm32_ai/sine_wave/.ai/run/run-2/Middlewares/ST/AI/Npu/ll_aton_dbgtrc.c:966:5:LL_Dbgtrc_GetTotalTranfers	80	static
C:/Users/workstation-uni/Documents/GitHub Repos/stm32/stm32_ai/sine_wave/.ai/run/run-2/Middlewares/ST/AI/Npu/ll_aton_dbgtrc.c:1000:5:LL_Dbgtrc_LogTransfers	88	static
C:/Users/workstation-uni/Documents/GitHub Repos/stm32/stm32_ai/sine_wave/.ai/run/run-2/Middlewares/ST/AI/Npu/ll_aton_dbgtrc.c:1047:5:LL_Dbgtrc_LogTransfers_epoch	24	static
C:/Users/workstation-uni/Documents/GitHub Repos/stm32/stm32_ai/sine_wave/.ai/run/run-2/Middlewares/ST/AI/Npu/ll_aton_dbgtrc.c:1095:5:LL_Dbgtrc_Count_ExtTrigger	32	static
C:/Users/workstation-uni/Documents/GitHub Repos/stm32/stm32_ai/sine_wave/.ai/run/run-2/Middlewares/ST/AI/Npu/ll_aton_dbgtrc.c:1111:5:LL_Dbgtrc_SynchronousCountersTest	40	static
