C:/Users/workstation-uni/Documents/GitHub Repos/stm32/stm32_ai/sine_wave/.ai/run/run-2/Middlewares/ST/AI/Npu/mcu_cache.c:29:6:mcu_cache_invalidate	16	static,ignoring_inline_asm
C:/Users/workstation-uni/Documents/GitHub Repos/stm32/stm32_ai/sine_wave/.ai/run/run-2/Middlewares/ST/AI/Npu/mcu_cache.c:36:6:mcu_cache_clean	16	static,ignoring_inline_asm
C:/Users/workstation-uni/Documents/GitHub Repos/stm32/stm32_ai/sine_wave/.ai/run/run-2/Middlewares/ST/AI/Npu/mcu_cache.c:43:6:mcu_cache_clean_invalidate	16	static,ignoring_inline_asm
C:/Users/workstation-uni/Documents/GitHub Repos/stm32/stm32_ai/sine_wave/.ai/run/run-2/Middlewares/ST/AI/Npu/mcu_cache.c:50:6:mcu_cache_invalidate_range	8	static,ignoring_inline_asm
C:/Users/workstation-uni/Documents/GitHub Repos/stm32/stm32_ai/sine_wave/.ai/run/run-2/Middlewares/ST/AI/Npu/mcu_cache.c:57:6:mcu_cache_clean_range	8	static,ignoring_inline_asm
C:/Users/workstation-uni/Documents/GitHub Repos/stm32/stm32_ai/sine_wave/.ai/run/run-2/Middlewares/ST/AI/Npu/mcu_cache.c:63:6:mcu_cache_clean_invalidate_range	8	static,ignoring_inline_asm
