C:/Users/workstation-uni/Documents/GitHub Repos/stm32/stm32_ai/sine_wave/.ai/run/run-2/Middlewares/ST/STM32_ExtMem_Manager/boot/stm32_boot_xip.c:87:20:MapMemory	8	static
C:/Users/workstation-uni/Documents/GitHub Repos/stm32/stm32_ai/sine_wave/.ai/run/run-2/Middlewares/ST/STM32_ExtMem_Manager/boot/stm32_boot_xip.c:120:20:JumpToApplication	24	static,ignoring_inline_asm
C:/Users/workstation-uni/Documents/GitHub Repos/stm32/stm32_ai/sine_wave/.ai/run/run-2/Middlewares/ST/STM32_ExtMem_Manager/boot/stm32_boot_xip.c:60:20:BOOT_Application	8	static
